../Drivers/ICM20948/Icm20948Serif.h:74:19:inv_icm20948_serif_read_reg	32	static
../Drivers/ICM20948/Icm20948Serif.h:85:19:inv_icm20948_serif_write_reg	32	static
../Drivers/ICM20948/Icm20948Transport.c:30:5:inv_icm20948_read_reg	24	static
../Drivers/ICM20948/Icm20948Transport.c:35:5:inv_icm20948_write_reg	24	static
../Drivers/ICM20948/Icm20948Transport.c:40:6:inv_icm20948_sleep_100us	16	static
../Drivers/ICM20948/Icm20948Transport.c:45:6:inv_icm20948_get_tick_count	8	static
../Drivers/ICM20948/Icm20948Transport.c:56:6:inv_icm20948_transport_init	16	static
../Drivers/ICM20948/Icm20948Transport.c:62:16:check_reg_access_lp_disable	16	static
../Drivers/ICM20948/Icm20948Transport.c:93:12:inv_set_bank	24	static
../Drivers/ICM20948/Icm20948Transport.c:123:5:inv_icm20948_write_mems_reg	40	static
../Drivers/ICM20948/Icm20948Transport.c:163:5:inv_icm20948_write_single_mems_reg	24	static
../Drivers/ICM20948/Icm20948Transport.c:193:5:inv_icm20948_read_mems_reg	56	static
../Drivers/ICM20948/Icm20948Transport.c:244:5:inv_icm20948_read_mems	64	static
../Drivers/ICM20948/Icm20948Transport.c:320:5:inv_icm20948_write_mems	48	static
../Drivers/ICM20948/Icm20948Transport.c:383:5:inv_icm20948_write_single_mems_reg_core	24	static
