../Drivers/ICM20948/Icm20948MPUFifoControl.c:27:5:inv_icm20948_mpu_set_FIFO_RST_Diamond	24	static
../Drivers/ICM20948/Icm20948MPUFifoControl.c:41:5:inv_icm20948_identify_interrupt	24	static
../Drivers/ICM20948/Icm20948MPUFifoControl.c:80:12:dmp_get_fifo_length	24	static
../Drivers/ICM20948/Icm20948MPUFifoControl.c:111:12:dmp_reset_fifo	32	static
../Drivers/ICM20948/Icm20948MPUFifoControl.c:151:12:dmp_read_fifo	40	static
../Drivers/ICM20948/Icm20948MPUFifoControl.c:183:22:dmp_get_fifo_all	32	static
../Drivers/ICM20948/Icm20948MPUFifoControl.c:224:22:get_packet_size_and_samplecnt	32	static
../Drivers/ICM20948/Icm20948MPUFifoControl.c:325:12:check_fifo_decoded_headers	24	static
../Drivers/ICM20948/Icm20948MPUFifoControl.c:372:12:extract_sample_cnt	40	static
../Drivers/ICM20948/Icm20948MPUFifoControl.c:411:5:inv_icm20948_fifo_swmirror	32	static
../Drivers/ICM20948/Icm20948MPUFifoControl.c:437:5:inv_icm20948_fifo_pop	32	static
../Drivers/ICM20948/Icm20948MPUFifoControl.c:470:5:inv_icm20948_dmp_process_fifo	64	static
../Drivers/ICM20948/Icm20948MPUFifoControl.c:543:13:inv_decode_3_32bit_elements	16	static
../Drivers/ICM20948/Icm20948MPUFifoControl.c:549:13:inv_decode_3_16bit_elements	16	static
../Drivers/ICM20948/Icm20948MPUFifoControl.c:561:5:inv_icm20948_inv_decode_one_ivory_fifo_packet	32	static
../Drivers/ICM20948/Icm20948MPUFifoControl.c:661:5:inv_icm20948_dmp_get_accel	16	static
../Drivers/ICM20948/Icm20948MPUFifoControl.c:668:5:inv_icm20948_dmp_get_raw_gyro	16	static
../Drivers/ICM20948/Icm20948MPUFifoControl.c:678:5:inv_icm20948_dmp_get_gyro_bias	16	static
../Drivers/ICM20948/Icm20948MPUFifoControl.c:686:5:inv_icm20948_dmp_get_calibrated_gyro	24	static
../Drivers/ICM20948/Icm20948MPUFifoControl.c:699:5:inv_icm20948_dmp_get_6quaternion	16	static
../Drivers/ICM20948/Icm20948MPUFifoControl.c:706:5:inv_icm20948_dmp_get_9quaternion	16	static
../Drivers/ICM20948/Icm20948MPUFifoControl.c:713:5:inv_icm20948_dmp_get_gmrvquaternion	16	static
../Drivers/ICM20948/Icm20948MPUFifoControl.c:720:5:inv_icm20948_dmp_get_raw_compass	16	static
../Drivers/ICM20948/Icm20948MPUFifoControl.c:727:5:inv_icm20948_dmp_get_calibrated_compass	16	static
../Drivers/ICM20948/Icm20948MPUFifoControl.c:734:5:inv_icm20948_dmp_get_bac_state	16	static
../Drivers/ICM20948/Icm20948MPUFifoControl.c:741:5:inv_icm20948_dmp_get_bac_ts	16	static
../Drivers/ICM20948/Icm20948MPUFifoControl.c:748:5:inv_icm20948_dmp_get_flip_pickup_state	16	static
../Drivers/ICM20948/Icm20948MPUFifoControl.c:758:5:inv_icm20948_get_accel_accuracy	4	static
../Drivers/ICM20948/Icm20948MPUFifoControl.c:766:5:inv_icm20948_get_gyro_accuracy	4	static
../Drivers/ICM20948/Icm20948MPUFifoControl.c:774:5:inv_icm20948_get_mag_accuracy	4	static
../Drivers/ICM20948/Icm20948MPUFifoControl.c:782:5:inv_icm20948_get_gmrv_accuracy	4	static
../Drivers/ICM20948/Icm20948MPUFifoControl.c:790:5:inv_icm20948_get_rv_accuracy	4	static
