E:/stm32/STM32IDE_workspace/qr_uav/Drivers/ICM20948/Icm20948.h:212:20:inv_icm20948_reset_states	24	static
../Core/Src/stm32_icm20948.c:22:19:idd_io_hal_read_reg	40	static
../Core/Src/stm32_icm20948.c:35:19:idd_io_hal_write_reg	40	static
../Core/Src/stm32_icm20948.c:48:6:inv_icm20948_sleep	16	static
../Core/Src/stm32_icm20948.c:53:6:inv_icm20948_sleep_us	16	static
../Core/Src/stm32_icm20948.c:58:10:inv_icm20948_get_time_us	16	static
../Core/Src/stm32_icm20948.c:109:20:interface_is_SPI	4	static
../Core/Src/stm32_icm20948.c:118:12:icm20948_sensor_setup	104	static
../Core/Src/stm32_icm20948.c:206:5:icm20948_init	112	static
../Core/Src/stm32_icm20948.c:277:16:icm20948_get_grv_accuracy	16	static
../Core/Src/stm32_icm20948.c:287:13:build_sensor_event_data	136	static
../Core/Src/stm32_icm20948.c:406:6:icm20948_poll_sensor	8	static
../Core/Src/stm32_icm20948.c:412:6:icm20948_is_gyro_rdy	4	static
../Core/Src/stm32_icm20948.c:417:6:icm20948_read_gyro	24	static
../Core/Src/stm32_icm20948.c:425:6:icm20948_is_accel_rdy	4	static
../Core/Src/stm32_icm20948.c:430:6:icm20948_read_accel	24	static
../Core/Src/stm32_icm20948.c:438:6:icm20948_is_mag_rdy	4	static
../Core/Src/stm32_icm20948.c:443:6:icm20948_read_mag	24	static
../Core/Src/stm32_icm20948.c:451:6:icm20948_is_quat_rdy	4	static
../Core/Src/stm32_icm20948.c:456:6:icm20948_read_quat	24	static
../Core/Src/stm32_icm20948.c:465:6:quat2euler	64	static
../Core/Src/stm32_icm20948.c:483:6:icm20948_is_orient_rdy	4	static
../Core/Src/stm32_icm20948.c:488:6:icm20948_read_orient	24	static
