../Drivers/ICM20948/Icm20948Setup.c:75:26:inv_icm20948_sensor_android_2_sensor_type	0	static
../Drivers/ICM20948/Icm20948Setup.c:102:12:skip_sensor	8	static
../Drivers/ICM20948/Icm20948Setup.c:114:5:inv_icm20948_get_whoami	0	static
../Drivers/ICM20948/Icm20948Setup.c:119:6:inv_icm20948_init_matrix	0	static
../Drivers/ICM20948/Icm20948Setup.c:139:5:inv_icm20948_init_structure	16	static
../Drivers/ICM20948/Icm20948Setup.c:154:5:inv_icm20948_initialize	8	static
../Drivers/ICM20948/Icm20948Setup.c:173:5:inv_icm20948_init_scale	8	static
../Drivers/ICM20948/Icm20948Setup.c:182:5:inv_icm20948_set_fsr	0	static
../Drivers/ICM20948/Icm20948Setup.c:220:5:inv_icm20948_get_fsr	8	static
../Drivers/ICM20948/Icm20948Setup.c:262:5:inv_icm20948_set_bias	32	static
../Drivers/ICM20948/Icm20948Setup.c:305:5:inv_icm20948_get_bias	40	static
../Drivers/ICM20948/Icm20948Setup.c:348:5:inv_icm20948_set_lowpower_or_highperformance	0	static
../Drivers/ICM20948/Icm20948Setup.c:358:5:inv_icm20948_get_lowpower_or_highperformance	0	static
../Drivers/ICM20948/Icm20948Setup.c:374:5:inv_icm20948_set_matrix	64	static
../Drivers/ICM20948/Icm20948Setup.c:399:5:inv_icm20948_initialize_auxiliary	8	static
../Drivers/ICM20948/Icm20948Setup.c:406:5:inv_icm20948_soft_reset	8	static
../Drivers/ICM20948/Icm20948Setup.c:415:5:inv_icm20948_enable_sensor	16	static
../Drivers/ICM20948/Icm20948Setup.c:429:5:inv_icm20948_set_sensor_period	24	static
../Drivers/ICM20948/Icm20948Setup.c:442:5:inv_icm20948_enable_batch_timeout	8	static
../Drivers/ICM20948/Icm20948Setup.c:458:5:inv_icm20948_load	0	static
../Drivers/ICM20948/Icm20948Setup.c:539:5:inv_icm20948_poll_sensor	400	static
