../Drivers/ICM20948/Icm20948DataConverter.c:21:13:invn_convert_quat_mult_fxp	12	static
../Drivers/ICM20948/Icm20948DataConverter.c:767:13:invn_convert_inverse_q15_fxp.part.0	20	static
../Drivers/ICM20948/Icm20948DataConverter.c:44:6:inv_icm20948_q_mult_q_qi	12	static
../Drivers/ICM20948/Icm20948DataConverter.c:59:6:inv_icm20948_convert_quat_rotate_fxp	80	static
../Drivers/ICM20948/Icm20948DataConverter.c:75:6:inv_icm20948_set_chip_to_body	0	static
../Drivers/ICM20948/Icm20948DataConverter.c:122:6:inv_icm20948_convert_rotation_vector_3	12	static
../Drivers/ICM20948/Icm20948DataConverter.c:170:6:inv_icm20948_convert_dmp3_to_body	24	static
../Drivers/ICM20948/Icm20948DataConverter.c:180:16:inv_icm20948_int32_to_little8	0	static
../Drivers/ICM20948/Icm20948DataConverter.c:189:7:inv_icm20948_convert_deg_to_rad	0	static
../Drivers/ICM20948/Icm20948DataConverter.c:196:6:inv_icm20948_convert_mult_q30_fxp	0	static
../Drivers/ICM20948/Icm20948DataConverter.c:334:9:inv_icm20948_convert_get_highest_bit_position	0	static
../Drivers/ICM20948/Icm20948DataConverter.c:278:5:inv_icm20948_convert_test_limits_and_scale_fxp	16	static
../Drivers/ICM20948/Icm20948DataConverter.c:220:6:inv_icm20948_convert_fast_sqrt_fxp	40	static
../Drivers/ICM20948/Icm20948DataConverter.c:205:5:inv_icm20948_convert_compute_scalar_part_fxp	24	static
../Drivers/ICM20948/Icm20948DataConverter.c:84:6:inv_icm20948_convert_rotation_vector	48	static
../Drivers/ICM20948/Icm20948DataConverter.c:108:6:inv_icm20948_convert_rotation_vector_2	48	static
../Drivers/ICM20948/Icm20948DataConverter.c:514:6:inv_icm20948_convert_inv_sqrt_q30_fxp	16	static
../Drivers/ICM20948/Icm20948DataConverter.c:485:6:inv_icm20948_convert_sqrt_q30_fxp	16	static
../Drivers/ICM20948/Icm20948DataConverter.c:565:6:inv_icm20948_convert_inverse_q30_fxp	8	static
../Drivers/ICM20948/Icm20948DataConverter.c:366:6:inv_icm20948_convert_matrix_to_quat_fxp	40	static
../Drivers/ICM20948/Icm20948DataConverter.c:597:6:inv_icm20948_convert_matrix_to_quat_flt	32	static
../Drivers/ICM20948/Icm20948DataConverter.c:143:6:inv_icm20948_set_chip_to_body_axis_quaternion	112	static
../Drivers/ICM20948/Icm20948DataConverter.c:660:6:inv_icm20948_convert_mult_qfix_fxp	12	static
../Drivers/ICM20948/Icm20948DataConverter.c:679:6:inv_icm20948_convert_quat_to_col_major_matrix_fxp	12	static
../Drivers/ICM20948/Icm20948DataConverter.c:799:6:inv_icm20948_math_atan2_q15_fxp	24	static
../Drivers/ICM20948/Icm20948DataConverter.c:851:10:inv_icm20948_convert_int16_to_big8	0	static
../Drivers/ICM20948/Icm20948DataConverter.c:858:10:inv_icm20948_convert_int32_to_big8	0	static
../Drivers/ICM20948/Icm20948DataConverter.c:867:9:inv_icm20948_convert_big8_to_int32	0	static
