../Drivers/ICM20948/Icm20948DataBaseControl.c:876:13:inv_reGenerate_sensorControl	16	static
../Drivers/ICM20948/Icm20948DataBaseControl.c:1527:22:sensor_needs_compass	0	static
../Drivers/ICM20948/Icm20948DataBaseControl.c:474:14:get_multiple_56_rate	0	static
../Drivers/ICM20948/Icm20948DataBaseControl.c:63:12:DividerRateSet	8	static
../Drivers/ICM20948/Icm20948DataBaseControl.c:34:15:inv_icm20948_ctrl_androidSensor_enabled	0	static
../Drivers/ICM20948/Icm20948DataBaseControl.c:46:23:MinDelayGenActual	24	static
../Drivers/ICM20948/Icm20948DataBaseControl.c:224:5:inv_icm20948_base_control_init	24	static
../Drivers/ICM20948/Icm20948DataBaseControl.c:720:5:inv_icm20948_ctrl_get_odr	8	static
../Drivers/ICM20948/Icm20948DataBaseControl.c:1242:6:inv_icm20948_ctrl_enable_activity_classifier	0	static
../Drivers/ICM20948/Icm20948DataBaseControl.c:1260:6:inv_icm20948_ctrl_enable_tilt	0	static
../Drivers/ICM20948/Icm20948DataBaseControl.c:1277:5:inv_icm20948_ctrl_enable_batch	16	static
../Drivers/ICM20948/Icm20948DataBaseControl.c:1295:6:inv_icm20948_ctrl_set_batch_mode_status	0	static
../Drivers/ICM20948/Icm20948DataBaseControl.c:1303:15:inv_icm20948_ctrl_get_batch_mode_status	0	static
../Drivers/ICM20948/Icm20948DataBaseControl.c:1308:5:inv_icm20948_ctrl_set_batch_timeout	16	static
../Drivers/ICM20948/Icm20948DataBaseControl.c:1343:5:inv_icm20948_ctrl_set_batch_timeout_ms	16	static
../Drivers/ICM20948/Icm20948DataBaseControl.c:1384:16:inv_icm20948_ctrl_get_androidSensorsOn_mask	0	static
../Drivers/ICM20948/Icm20948DataBaseControl.c:1389:16:inv_icm20948_ctrl_get_activitiy_classifier_on_flag	0	static
../Drivers/ICM20948/Icm20948DataBaseControl.c:1398:5:inv_icm20948_ctrl_set_accel_quaternion_gain	0	static
../Drivers/ICM20948/Icm20948DataBaseControl.c:1423:5:inv_icm20948_ctrl_set_accel_cal_params	24	static
../Drivers/ICM20948/Icm20948DataBaseControl.c:278:12:inv_set_hw_smplrt_dmp_odrs	176	static
../Drivers/ICM20948/Icm20948DataBaseControl.c:502:5:inv_icm20948_set_odr	24	static
../Drivers/ICM20948/Icm20948DataBaseControl.c:945:5:inv_icm20948_ctrl_enable_sensor	136	static
../Drivers/ICM20948/Icm20948DataBaseControl.c:1463:5:inv_icm20948_ctrl_enable_pickup	0	static
../Drivers/ICM20948/Icm20948DataBaseControl.c:1474:5:inv_icm20948_ctrl_get_acc_bias	0	static
../Drivers/ICM20948/Icm20948DataBaseControl.c:1479:5:inv_icm20948_ctrl_get_gyr_bias	0	static
../Drivers/ICM20948/Icm20948DataBaseControl.c:1484:5:inv_icm20948_ctrl_get_mag_bias	0	static
../Drivers/ICM20948/Icm20948DataBaseControl.c:1489:5:inv_icm20948_ctrl_set_acc_bias	0	static
../Drivers/ICM20948/Icm20948DataBaseControl.c:1502:5:inv_icm20948_ctrl_set_gyr_bias	0	static
../Drivers/ICM20948/Icm20948DataBaseControl.c:1515:5:inv_icm20948_ctrl_set_mag_bias	0	static
