Archive member included to satisfy reference by file (symbol)

c:/st/stm32cubeide_1.10.1/stm32cubeide/plugins/com.st.stm32cube.ide.mcu.externaltools.gnu-tools-for-stm32.10.3-2021.10.win32_1.0.0.202111181127/tools/bin/../lib/gcc/arm-none-eabi/10.3.1/../../../../arm-none-eabi/lib/thumb/v7e-m+fp/hard\libc_nano.a(lib_a-errno.o)
                              ./Core/Src/syscalls.o (__errno)
c:/st/stm32cubeide_1.10.1/stm32cubeide/plugins/com.st.stm32cube.ide.mcu.externaltools.gnu-tools-for-stm32.10.3-2021.10.win32_1.0.0.202111181127/tools/bin/../lib/gcc/arm-none-eabi/10.3.1/../../../../arm-none-eabi/lib/thumb/v7e-m+fp/hard\libc_nano.a(lib_a-exit.o)
                              c:/st/stm32cubeide_1.10.1/stm32cubeide/plugins/com.st.stm32cube.ide.mcu.externaltools.gnu-tools-for-stm32.10.3-2021.10.win32_1.0.0.202111181127/tools/bin/../lib/gcc/arm-none-eabi/10.3.1/../../../../arm-none-eabi/lib/thumb/v7e-m+fp/hard/crt0.o (exit)
c:/st/stm32cubeide_1.10.1/stm32cubeide/plugins/com.st.stm32cube.ide.mcu.externaltools.gnu-tools-for-stm32.10.3-2021.10.win32_1.0.0.202111181127/tools/bin/../lib/gcc/arm-none-eabi/10.3.1/../../../../arm-none-eabi/lib/thumb/v7e-m+fp/hard\libc_nano.a(lib_a-impure.o)
                              c:/st/stm32cubeide_1.10.1/stm32cubeide/plugins/com.st.stm32cube.ide.mcu.externaltools.gnu-tools-for-stm32.10.3-2021.10.win32_1.0.0.202111181127/tools/bin/../lib/gcc/arm-none-eabi/10.3.1/../../../../arm-none-eabi/lib/thumb/v7e-m+fp/hard\libc_nano.a(lib_a-exit.o) (_global_impure_ptr)
c:/st/stm32cubeide_1.10.1/stm32cubeide/plugins/com.st.stm32cube.ide.mcu.externaltools.gnu-tools-for-stm32.10.3-2021.10.win32_1.0.0.202111181127/tools/bin/../lib/gcc/arm-none-eabi/10.3.1/../../../../arm-none-eabi/lib/thumb/v7e-m+fp/hard\libc_nano.a(lib_a-init.o)
                              c:/st/stm32cubeide_1.10.1/stm32cubeide/plugins/com.st.stm32cube.ide.mcu.externaltools.gnu-tools-for-stm32.10.3-2021.10.win32_1.0.0.202111181127/tools/bin/../lib/gcc/arm-none-eabi/10.3.1/../../../../arm-none-eabi/lib/thumb/v7e-m+fp/hard/crt0.o (__libc_init_array)
c:/st/stm32cubeide_1.10.1/stm32cubeide/plugins/com.st.stm32cube.ide.mcu.externaltools.gnu-tools-for-stm32.10.3-2021.10.win32_1.0.0.202111181127/tools/bin/../lib/gcc/arm-none-eabi/10.3.1/../../../../arm-none-eabi/lib/thumb/v7e-m+fp/hard\libc_nano.a(lib_a-memcmp.o)
                              ./SEGGER/OS/SEGGER_SYSVIEW_FreeRTOS.o (memcmp)
c:/st/stm32cubeide_1.10.1/stm32cubeide/plugins/com.st.stm32cube.ide.mcu.externaltools.gnu-tools-for-stm32.10.3-2021.10.win32_1.0.0.202111181127/tools/bin/../lib/gcc/arm-none-eabi/10.3.1/../../../../arm-none-eabi/lib/thumb/v7e-m+fp/hard\libc_nano.a(lib_a-memcpy-stub.o)
                              ./FreeRTOS/queue.o (memcpy)
c:/st/stm32cubeide_1.10.1/stm32cubeide/plugins/com.st.stm32cube.ide.mcu.externaltools.gnu-tools-for-stm32.10.3-2021.10.win32_1.0.0.202111181127/tools/bin/../lib/gcc/arm-none-eabi/10.3.1/../../../../arm-none-eabi/lib/thumb/v7e-m+fp/hard\libc_nano.a(lib_a-memset.o)
                              c:/st/stm32cubeide_1.10.1/stm32cubeide/plugins/com.st.stm32cube.ide.mcu.externaltools.gnu-tools-for-stm32.10.3-2021.10.win32_1.0.0.202111181127/tools/bin/../lib/gcc/arm-none-eabi/10.3.1/../../../../arm-none-eabi/lib/thumb/v7e-m+fp/hard/crt0.o (memset)
c:/st/stm32cubeide_1.10.1/stm32cubeide/plugins/com.st.stm32cube.ide.mcu.externaltools.gnu-tools-for-stm32.10.3-2021.10.win32_1.0.0.202111181127/tools/bin/../lib/gcc/arm-none-eabi/10.3.1/../../../../arm-none-eabi/lib/thumb/v7e-m+fp/hard\libc_nano.a(lib_a-snprintf.o)
                              ./Core/Src/main.o (snprintf)
c:/st/stm32cubeide_1.10.1/stm32cubeide/plugins/com.st.stm32cube.ide.mcu.externaltools.gnu-tools-for-stm32.10.3-2021.10.win32_1.0.0.202111181127/tools/bin/../lib/gcc/arm-none-eabi/10.3.1/../../../../arm-none-eabi/lib/thumb/v7e-m+fp/hard\libc_nano.a(lib_a-strlen.o)
                              ./SEGGER/SEGGER/SEGGER_RTT.o (strlen)
c:/st/stm32cubeide_1.10.1/stm32cubeide/plugins/com.st.stm32cube.ide.mcu.externaltools.gnu-tools-for-stm32.10.3-2021.10.win32_1.0.0.202111181127/tools/bin/../lib/gcc/arm-none-eabi/10.3.1/../../../../arm-none-eabi/lib/thumb/v7e-m+fp/hard\libc_nano.a(lib_a-nano-svfprintf.o)
                              c:/st/stm32cubeide_1.10.1/stm32cubeide/plugins/com.st.stm32cube.ide.mcu.externaltools.gnu-tools-for-stm32.10.3-2021.10.win32_1.0.0.202111181127/tools/bin/../lib/gcc/arm-none-eabi/10.3.1/../../../../arm-none-eabi/lib/thumb/v7e-m+fp/hard\libc_nano.a(lib_a-snprintf.o) (_svfprintf_r)
c:/st/stm32cubeide_1.10.1/stm32cubeide/plugins/com.st.stm32cube.ide.mcu.externaltools.gnu-tools-for-stm32.10.3-2021.10.win32_1.0.0.202111181127/tools/bin/../lib/gcc/arm-none-eabi/10.3.1/../../../../arm-none-eabi/lib/thumb/v7e-m+fp/hard\libc_nano.a(lib_a-nano-vfprintf_i.o)
[...]
Memory Configuration

Name             Origin             Length             Attributes
RAM              0x0000000020000000 0x0000000000010000 xrw
FLASH            0x0000000008000000 0x0000000000040000 xr
*default*        0x0000000000000000 0xffffffffffffffff

Linker script and memory map

LOAD c:/st/stm32cubeide_1.10.1/stm32cubeide/plugins/com.st.stm32cube.ide.mcu.externaltools.gnu-tools-for-stm32.10.3-2021.10.win32_1.0.0.202111181127/tools/bin/../lib/gcc/arm-none-eabi/10.3.1/thumb/v7e-m+fp/hard/crti.o
LOAD c:/st/stm32cubeide_1.10.1/stm32cubeide/plugins/com.st.stm32cube.ide.mcu.externaltools.gnu-tools-for-stm32.10.3-2021.10.win32_1.0.0.202111181127/tools/bin/../lib/gcc/arm-none-eabi/10.3.1/thumb/v7e-m+fp/hard/crtbegin.o
LOAD c:/st/stm32cubeide_1.10.1/stm32cubeide/plugins/com.st.stm32cube.ide.mcu.externaltools.gnu-tools-for-stm32.10.3-2021.10.win32_1.0.0.202111181127/tools/bin/../lib/gcc/arm-none-eabi/10.3.1/../../../../arm-none-eabi/lib/thumb/v7e-m+fp/hard/crt0.o
LOAD ./Core/Src/adc.o
LOAD ./Core/Src/dwt_delay.o
LOAD ./Core/Src/gpio.o
LOAD ./Core/Src/i2c.o
LOAD ./Core/Src/main.o
LOAD ./Core/Src/spi.o
LOAD ./Core/Src/stm32f4xx_hal_msp.o
LOAD ./Core/Src/stm32f4xx_hal_timebase_tim.o
LOAD ./Core/Src/stm32f4xx_it.o
LOAD ./Core/Src/syscalls.o
LOAD ./Core/Src/sysmem.o
LOAD ./Core/Src/system_stm32f4xx.o
LOAD ./Core/Src/tim.o
LOAD ./Core/Src/usart.o
LOAD ./Core/Startup/startup_stm32f401ccux.o
LOAD ./Drivers/STM32F4xx_HAL_Driver/Src/stm32f4xx_hal.o
LOAD ./Drivers/STM32F4xx_HAL_Driver/Src/stm32f4xx_hal_adc.o
LOAD ./Drivers/STM32F4xx_HAL_Driver/Src/stm32f4xx_hal_adc_ex.o
LOAD ./Drivers/STM32F4xx_HAL_Driver/Src/stm32f4xx_hal_cortex.o
LOAD ./Drivers/STM32F4xx_HAL_Driver/Src/stm32f4xx_hal_dma.o
LOAD ./Drivers/STM32F4xx_HAL_Driver/Src/stm32f4xx_hal_dma_ex.o
LOAD ./Drivers/STM32F4xx_HAL_Driver/Src/stm32f4xx_hal_exti.o
LOAD ./Drivers/STM32F4xx_HAL_Driver/Src/stm32f4xx_hal_flash.o
LOAD ./Drivers/STM32F4xx_HAL_Driver/Src/stm32f4xx_hal_flash_ex.o
LOAD ./Drivers/STM32F4xx_HAL_Driver/Src/stm32f4xx_hal_flash_ramfunc.o
LOAD ./Drivers/STM32F4xx_HAL_Driver/Src/stm32f4xx_hal_gpio.o
LOAD ./Drivers/STM32F4xx_HAL_Driver/Src/stm32f4xx_hal_i2c.o
LOAD ./Drivers/STM32F4xx_HAL_Driver/Src/stm32f4xx_hal_i2c_ex.o
LOAD ./Drivers/STM32F4xx_HAL_Driver/Src/stm32f4xx_hal_pcd.o
LOAD ./Drivers/STM32F4xx_HAL_Driver/Src/stm32f4xx_hal_pcd_ex.o
LOAD ./Drivers/STM32F4xx_HAL_Driver/Src/stm32f4xx_hal_pwr.o
LOAD ./Drivers/STM32F4xx_HAL_Driver/Src/stm32f4xx_hal_pwr_ex.o
LOAD ./Drivers/STM32F4xx_HAL_Driver/Src/stm32f4xx_hal_rcc.o
LOAD ./Drivers/STM32F4xx_HAL_Driver/Src/stm32f4xx_hal_rcc_ex.o
LOAD ./Drivers/STM32F4xx_HAL_Driver/Src/stm32f4xx_hal_spi.o
LOAD ./Drivers/STM32F4xx_HAL_Driver/Src/stm32f4xx_hal_tim.o
LOAD ./Drivers/STM32F4xx_HAL_Driver/Src/stm32f4xx_hal_tim_ex.o
LOAD ./Drivers/STM32F4xx_HAL_Driver/Src/stm32f4xx_hal_uart.o
LOAD ./Drivers/STM32F4xx_HAL_Driver/Src/stm32f4xx_ll_adc.o
LOAD ./Drivers/STM32F4xx_HAL_Driver/Src/stm32f4xx_ll_usb.o
LOAD ./FreeRTOS/croutine.o
LOAD ./FreeRTOS/event_groups.o
LOAD ./FreeRTOS/list.o
LOAD ./FreeRTOS/queue.o
LOAD ./FreeRTOS/stream_buffer.o
LOAD ./FreeRTOS/tasks.o
LOAD ./FreeRTOS/timers.o
LOAD ./FreeRTOS/portable/GCC/ARM_CM4F/port.o
LOAD ./FreeRTOS/portable/MemMang/heap_4.o
LOAD ./Middlewares/ST/STM32_USB_Device_Library/Class/CDC/Src/usbd_cdc.o
LOAD ./Middlewares/ST/STM32_USB_Device_Library/Core/Src/usbd_core.o
LOAD ./Middlewares/ST/STM32_USB_Device_Library/Core/Src/usbd_ctlreq.o
LOAD ./Middlewares/ST/STM32_USB_Device_Library/Core/Src/usbd_ioreq.o
LOAD ./SEGGER/Config/SEGGER_SYSVIEW_Config_FreeRTOS.o
LOAD ./SEGGER/OS/SEGGER_SYSVIEW_FreeRTOS.o
LOAD ./SEGGER/SEGGER/SEGGER_RTT.o
LOAD ./SEGGER/SEGGER/SEGGER_RTT_ASM_ARMv7M.o
LOAD ./SEGGER/SEGGER/SEGGER_RTT_printf.o
LOAD ./SEGGER/SEGGER/SEGGER_SYSVIEW.o
LOAD ./SEGGER/SEGGER/Syscalls/SEGGER_RTT_Syscalls_GCC.o
LOAD ./USB_DEVICE/App/usb_device.o
LOAD ./USB_DEVICE/App/usbd_cdc_if.o
LOAD ./USB_DEVICE/App/usbd_desc.o
LOAD ./USB_DEVICE/Target/usbd_conf.o
START GROUP
LOAD c:/st/stm32cubeide_1.10.1/stm32cubeide/plugins/com.st.stm32cube.ide.mcu.externaltools.gnu-tools-for-stm32.10.3-2021.10.win32_1.0.0.202111181127/tools/bin/../lib/gcc/arm-none-eabi/10.3.1/../../../../arm-none-eabi/lib/thumb/v7e-m+fp/hard\libc_nano.a
LOAD c:/st/stm32cubeide_1.10.1/stm32cubeide/plugins/com.st.stm32cube.ide.mcu.externaltools.gnu-tools-for-stm32.10.3-2021.10.win32_1.0.0.202111181127/tools/bin/../lib/gcc/arm-none-eabi/10.3.1/../../../../arm-none-eabi/lib/thumb/v7e-m+fp/hard\libm.a
END GROUP
START GROUP
LOAD c:/st/stm32cubeide_1.10.1/stm32cubeide/plugins/com.st.stm32cube.ide.mcu.externaltools.gnu-tools-for-stm32.10.3-2021.10.win32_1.0.0.202111181127/tools/bin/../lib/gcc/arm-none-eabi/10.3.1/thumb/v7e-m+fp/hard\libgcc.a
LOAD c:/st/stm32cubeide_1.10.1/stm32cubeide/plugins/com.st.stm32cube.ide.mcu.externaltools.gnu-tools-for-stm32.10.3-2021.10.win32_1.0.0.202111181127/tools/bin/../lib/gcc/arm-none-eabi/10.3.1/../../../../arm-none-eabi/lib/thumb/v7e-m+fp/hard\libc_nano.a
END GROUP
START GROUP
LOAD c:/st/stm32cubeide_1.10.1/stm32cubeide/plugins/com.st.stm32cube.ide.mcu.externaltools.gnu-tools-for-stm32.10.3-2021.10.win32_1.0.0.202111181127/tools/bin/../lib/gcc/arm-none-eabi/10.3.1/thumb/v7e-m+fp/hard\libgcc.a
LOAD c:/st/stm32cubeide_1.10.1/stm32cubeide/plugins/com.st.stm32cube.ide.mcu.externaltools.gnu-tools-for-stm32.10.3-2021.10.win32_1.0.0.202111181127/tools/bin/../lib/gcc/arm-none-eabi/10.3.1/../../../../arm-none-eabi/lib/thumb/v7e-m+fp/hard\libc_nano.a
LOAD c:/st/stm32cubeide_1.10.1/stm32cubeide/plugins/com.st.stm32cube.ide.mcu.externaltools.gnu-tools-for-stm32.10.3-2021.10.win32_1.0.0.202111181127/tools/bin/../lib/gcc/arm-none-eabi/10.3.1/../../../../arm-none-eabi/lib/thumb/v7e-m+fp/hard\libnosys.a
END GROUP
START GROUP
LOAD c:/st/stm32cubeide_1.10.1/stm32cubeide/plugins/com.st.stm32cube.ide.mcu.externaltools.gnu-tools-for-stm32.10.3-2021.10.win32_1.0.0.202111181127/tools/bin/../lib/gcc/arm-none-eabi/10.3.1/thumb/v7e-m+fp/hard\libgcc.a
LOAD c:/st/stm32cubeide_1.10.1/stm32cubeide/plugins/com.st.stm32cube.ide.mcu.externaltools.gnu-tools-for-stm32.10.3-2021.10.win32_1.0.0.202111181127/tools/bin/../lib/gcc/arm-none-eabi/10.3.1/../../../../arm-none-eabi/lib/thumb/v7e-m+fp/hard\libc_nano.a
LOAD c:/st/stm32cubeide_1.10.1/stm32cubeide/plugins/com.st.stm32cube.ide.mcu.externaltools.gnu-tools-for-stm32.10.3-2021.10.win32_1.0.0.202111181127/tools/bin/../lib/gcc/arm-none-eabi/10.3.1/../../../../arm-none-eabi/lib/thumb/v7e-m+fp/hard\libnosys.a
END GROUP
LOAD c:/st/stm32cubeide_1.10.1/stm32cubeide/plugins/com.st.stm32cube.ide.mcu.externaltools.gnu-tools-for-stm32.10.3-2021.10.win32_1.0.0.202111181127/tools/bin/../lib/gcc/arm-none-eabi/10.3.1/thumb/v7e-m+fp/hard/crtend.o
LOAD c:/st/stm32cubeide_1.10.1/stm32cubeide/plugins/com.st.stm32cube.ide.mcu.externaltools.gnu-tools-for-stm32.10.3-2021.10.win32_1.0.0.202111181127/tools/bin/../lib/gcc/arm-none-eabi/10.3.1/thumb/v7e-m+fp/hard/crtn.o
                0x0000000020010000                _estack = (ORIGIN (RAM) + LENGTH (RAM))
                0x0000000000000200                _Min_Heap_Size = 0x200
                0x0000000000000400                _Min_Stack_Size = 0x400

.isr_vector     0x0000000008000000      0x194
                0x0000000008000000                . = ALIGN (0x4)
 *(.isr_vector)
 .isr_vector    0x0000000008000000      0x194 ./Core/Startup/startup_stm32f401ccux.o
                0x0000000008000000                g_pfnVectors
                0x0000000008000194                . = ALIGN (0x4)

.text           0x00000000080001a0     0xe21c
                0x00000000080001a0                . = ALIGN (0x4)
 *(.text)
 .text          0x00000000080001a0       0x40 c:/st/stm32cubeide_1.10.1/stm32cubeide/plugins/com.st.stm32cube.ide.mcu.externaltools.gnu-tools-for-stm32.10.3-2021.10.win32_1.0.0.202111181127/tools/bin/../lib/gcc/arm-none-eabi/10.3.1/thumb/v7e-m+fp/hard/crtbegin.o
 .text          0x00000000080001e0       0x94 ./SEGGER/SEGGER/SEGGER_RTT_ASM_ARMv7M.o
                0x00000000080001e0                SEGGER_RTT_ASM_WriteSkipNoLock
 *fill*         0x0000000008000274        0xc 
 .text          0x0000000008000280       0xa0 c:/st/stm32cubeide_1.10.1/stm32cubeide/plugins/com.st.stm32cube.ide.mcu.externaltools.gnu-tools-for-stm32.10.3-2021.10.win32_1.0.0.202111181127/tools/bin/../lib/gcc/arm-none-eabi/10.3.1/../../../../arm-none-eabi/lib/thumb/v7e-m+fp/hard\libc_nano.a(lib_a-memchr.o)
                0x0000000008000280                memchr
 .text          0x0000000008000320       0x30 c:/st/stm32cubeide_1.10.1/stm32cubeide/plugins/com.st.stm32cube.ide.mcu.externaltools.gnu-tools-for-stm32.10.3-2021.10.win32_1.0.0.202111181127/tools/bin/../lib/gcc/arm-none-eabi/10.3.1/thumb/v7e-m+fp/hard\libgcc.a(_aeabi_uldivmod.o)
                0x0000000008000320                __aeabi_uldivmod
 .text          0x0000000008000350      0x2d0 c:/st/stm32cubeide_1.10.1/stm32cubeide/plugins/com.st.stm32cube.ide.mcu.externaltools.gnu-tools-for-stm32.10.3-2021.10.win32_1.0.0.202111181127/tools/bin/../lib/gcc/arm-none-eabi/10.3.1/thumb/v7e-m+fp/hard\libgcc.a(_udivmoddi4.o)
                0x0000000008000350                __udivmoddi4
 .text          0x0000000008000620        0x4 c:/st/stm32cubeide_1.10.1/stm32cubeide/plugins/com.st.stm32cube.ide.mcu.externaltools.gnu-tools-for-stm32.10.3-2021.10.win32_1.0.0.202111181127/tools/bin/../lib/gcc/arm-none-eabi/10.3.1/thumb/v7e-m+fp/hard\libgcc.a(_dvmd_tls.o)
                0x0000000008000620                __aeabi_idiv0
                0x0000000008000620                __aeabi_ldiv0
 *(.text*)
 .text.MX_ADC1_Init
                0x0000000008000624       0xa4 ./Core/Src/adc.o
                0x0000000008000624                MX_ADC1_Init
 .text.HAL_ADC_MspInit
                0x00000000080006c8       0x88 ./Core/Src/adc.o
                0x00000000080006c8                HAL_ADC_MspInit
 .text.DWT_Init
                0x0000000008000750       0x34 ./Core/Src/dwt_delay.o
                0x0000000008000750                DWT_Init
 .text.MX_GPIO_Init
                0x0000000008000784       0xc0 ./Core/Src/gpio.o
                0x0000000008000784                MX_GPIO_Init
 .text.MX_I2C1_Init
                0x0000000008000844       0x5c ./Core/Src/i2c.o
                0x0000000008000844                MX_I2C1_Init
 .text.HAL_I2C_MspInit
                0x00000000080008a0       0x90 ./Core/Src/i2c.o
                0x00000000080008a0                HAL_I2C_MspInit
 .text.main     0x0000000008000930       0xd4 ./Core/Src/main.o
                0x0000000008000930                main
 .text.SystemClock_Config
                0x0000000008000a04       0xd8 ./Core/Src/main.o
                0x0000000008000a04                SystemClock_Config
 .text.task1_handler
                0x0000000008000adc       0x3c ./Core/Src/main.o
 .text.task2_handler
                0x0000000008000b18       0x3c ./Core/Src/main.o
 .text.HAL_TIM_PeriodElapsedCallback
                0x0000000008000b54       0x24 ./Core/Src/main.o
                0x0000000008000b54                HAL_TIM_PeriodElapsedCallback
 .text.Error_Handler
                0x0000000008000b78        0xa ./Core/Src/main.o
                0x0000000008000b78                Error_Handler
 *fill*         0x0000000008000b82        0x2 
 .text.MX_SPI1_Init
                0x0000000008000b84       0x6c ./Core/Src/spi.o
                0x0000000008000b84                MX_SPI1_Init
 .text.HAL_SPI_MspInit
                0x0000000008000bf0       0x90 ./Core/Src/spi.o
                0x0000000008000bf0                HAL_SPI_MspInit
 .text.HAL_MspInit
                0x0000000008000c80       0x50 ./Core/Src/stm32f4xx_hal_msp.o
                0x0000000008000c80                HAL_MspInit
 .text.HAL_InitTick
                0x0000000008000cd0       0xe4 ./Core/Src/stm32f4xx_hal_timebase_tim.o
                0x0000000008000cd0                HAL_InitTick
 .text.NMI_Handler
                0x0000000008000db4        0x6 ./Core/Src/stm32f4xx_it.o
                0x0000000008000db4                NMI_Handler
 .text.HardFault_Handler
                0x0000000008000dba        0x6 ./Core/Src/stm32f4xx_it.o
                0x0000000008000dba                HardFault_Handler
 .text.MemManage_Handler
                0x0000000008000dc0        0x6 ./Core/Src/stm32f4xx_it.o
                0x0000000008000dc0                MemManage_Handler
 .text.BusFault_Handler
                0x0000000008000dc6        0x6 ./Core/Src/stm32f4xx_it.o
                0x0000000008000dc6                BusFault_Handler
 .text.UsageFault_Handler
                0x0000000008000dcc        0x6 ./Core/Src/stm32f4xx_it.o
                0x0000000008000dcc                UsageFault_Handler
 .text.DebugMon_Handler
                0x0000000008000dd2        0xe ./Core/Src/stm32f4xx_it.o
                0x0000000008000dd2                DebugMon_Handler
 .text.TIM1_UP_TIM10_IRQHandler
                0x0000000008000de0       0x14 ./Core/Src/stm32f4xx_it.o
                0x0000000008000de0                TIM1_UP_TIM10_IRQHandler
 .text.OTG_FS_IRQHandler
                0x0000000008000df4       0x14 ./Core/Src/stm32f4xx_it.o
                0x0000000008000df4                OTG_FS_IRQHandler
 .text._sbrk    0x0000000008000e08       0x6c ./Core/Src/sysmem.o
                0x0000000008000e08                _sbrk
 .text.SystemInit
                0x0000000008000e74       0x24 ./Core/Src/system_stm32f4xx.o
                0x0000000008000e74                SystemInit
 .text.MX_TIM2_Init
                0x0000000008000e98       0xf4 ./Core/Src/tim.o
                0x0000000008000e98                MX_TIM2_Init
 .text.HAL_TIM_PWM_MspInit
                0x0000000008000f8c       0x40 ./Core/Src/tim.o
                0x0000000008000f8c                HAL_TIM_PWM_MspInit
 .text.HAL_TIM_MspPostInit
                0x0000000008000fcc       0x70 ./Core/Src/tim.o
                0x0000000008000fcc                HAL_TIM_MspPostInit
 .text.MX_USART1_UART_Init
                0x000000000800103c       0x54 ./Core/Src/usart.o
                0x000000000800103c                MX_USART1_UART_Init
 .text.HAL_UART_MspInit
                0x0000000008001090       0x90 ./Core/Src/usart.o
                0x0000000008001090                HAL_UART_MspInit
 .text.Reset_Handler
                0x0000000008001120       0x50 ./Core/Startup/startup_stm32f401ccux.o
                0x0000000008001120                Reset_Handler
 .text.Default_Handler
                0x0000000008001170        0x2 ./Core/Startup/startup_stm32f401ccux.o
                0x0000000008001170                RTC_Alarm_IRQHandler
                0x0000000008001170                EXTI2_IRQHandler
                0x0000000008001170                SPI4_IRQHandler
                0x0000000008001170                TIM1_CC_IRQHandler
                0x0000000008001170                DMA2_Stream5_IRQHandler
                0x0000000008001170                DMA1_Stream5_IRQHandler
                0x0000000008001170                PVD_IRQHandler
                0x0000000008001170                SDIO_IRQHandler
                0x0000000008001170                TAMP_STAMP_IRQHandler
                0x0000000008001170                EXTI3_IRQHandler
                0x0000000008001170                I2C3_ER_IRQHandler
                0x0000000008001170                EXTI0_IRQHandler
                0x0000000008001170                I2C2_EV_IRQHandler
                0x0000000008001170                DMA1_Stream2_IRQHandler
                0x0000000008001170                FPU_IRQHandler
                0x0000000008001170                DMA2_Stream2_IRQHandler
                0x0000000008001170                SPI1_IRQHandler
                0x0000000008001170                TIM1_BRK_TIM9_IRQHandler
                0x0000000008001170                DMA2_Stream3_IRQHandler
                0x0000000008001170                USART6_IRQHandler
                0x0000000008001170                DMA2_Stream0_IRQHandler
                0x0000000008001170                TIM4_IRQHandler
                0x0000000008001170                I2C1_EV_IRQHandler
                0x0000000008001170                DMA1_Stream6_IRQHandler
                0x0000000008001170                DMA1_Stream1_IRQHandler
                0x0000000008001170                TIM3_IRQHandler
                0x0000000008001170                RCC_IRQHandler
                0x0000000008001170                Default_Handler
                0x0000000008001170                EXTI15_10_IRQHandler
                0x0000000008001170                ADC_IRQHandler
                0x0000000008001170                DMA1_Stream7_IRQHandler
                0x0000000008001170                TIM5_IRQHandler
                0x0000000008001170                DMA2_Stream7_IRQHandler
                0x0000000008001170                I2C3_EV_IRQHandler
                0x0000000008001170                EXTI9_5_IRQHandler
                0x0000000008001170                RTC_WKUP_IRQHandler
                0x0000000008001170                SPI2_IRQHandler
                0x0000000008001170                DMA1_Stream0_IRQHandler
                0x0000000008001170                EXTI4_IRQHandler
                0x0000000008001170                WWDG_IRQHandler
                0x0000000008001170                TIM2_IRQHandler
                0x0000000008001170                OTG_FS_WKUP_IRQHandler
                0x0000000008001170                TIM1_TRG_COM_TIM11_IRQHandler
                0x0000000008001170                EXTI1_IRQHandler
                0x0000000008001170                USART2_IRQHandler
                0x0000000008001170                I2C2_ER_IRQHandler
                0x0000000008001170                DMA2_Stream1_IRQHandler
                0x0000000008001170                FLASH_IRQHandler
                0x0000000008001170                DMA2_Stream4_IRQHandler
                0x0000000008001170                USART1_IRQHandler
                0x0000000008001170                SPI3_IRQHandler
                0x0000000008001170                DMA1_Stream4_IRQHandler
                0x0000000008001170                I2C1_ER_IRQHandler
                0x0000000008001170                DMA2_Stream6_IRQHandler
                0x0000000008001170                DMA1_Stream3_IRQHandler
 *fill*         0x0000000008001172        0x2 
 .text.HAL_Init
                0x0000000008001174       0x44 ./Drivers/STM32F4xx_HAL_Driver/Src/stm32f4xx_hal.o
                0x0000000008001174                HAL_Init
 .text.HAL_IncTick
                0x00000000080011b8       0x28 ./Drivers/STM32F4xx_HAL_Driver/Src/stm32f4xx_hal.o
                0x00000000080011b8                HAL_IncTick
 .text.HAL_GetTick
                0x00000000080011e0       0x18 ./Drivers/STM32F4xx_HAL_Driver/Src/stm32f4xx_hal.o
                0x00000000080011e0                HAL_GetTick
 .text.HAL_Delay
                0x00000000080011f8       0x48 ./Drivers/STM32F4xx_HAL_Driver/Src/stm32f4xx_hal.o
                0x00000000080011f8                HAL_Delay
 .text.HAL_ADC_Init
                0x0000000008001240       0x86 ./Drivers/STM32F4xx_HAL_Driver/Src/stm32f4xx_hal_adc.o
                0x0000000008001240                HAL_ADC_Init
 *fill*         0x00000000080012c6        0x2 
 .text.HAL_ADC_ConfigChannel
                0x00000000080012c8      0x244 ./Drivers/STM32F4xx_HAL_Driver/Src/stm32f4xx_hal_adc.o
                0x00000000080012c8                HAL_ADC_ConfigChannel
 .text.ADC_Init
                0x000000000800150c      0x1f8 ./Drivers/STM32F4xx_HAL_Driver/Src/stm32f4xx_hal_adc.o
 .text.__NVIC_SetPriorityGrouping
                0x0000000008001704       0x48 ./Drivers/STM32F4xx_HAL_Driver/Src/stm32f4xx_hal_cortex.o
 .text.__NVIC_GetPriorityGrouping
                0x000000000800174c       0x1c ./Drivers/STM32F4xx_HAL_Driver/Src/stm32f4xx_hal_cortex.o
 .text.__NVIC_EnableIRQ
                0x0000000008001768       0x3c ./Drivers/STM32F4xx_HAL_Driver/Src/stm32f4xx_hal_cortex.o
 .text.__NVIC_SetPriority
                0x00000000080017a4       0x54 ./Drivers/STM32F4xx_HAL_Driver/Src/stm32f4xx_hal_cortex.o
 .text.NVIC_EncodePriority
                0x00000000080017f8       0x66 ./Drivers/STM32F4xx_HAL_Driver/Src/stm32f4xx_hal_cortex.o
 .text.HAL_NVIC_SetPriorityGrouping
                0x000000000800185e       0x16 ./Drivers/STM32F4xx_HAL_Driver/Src/stm32f4xx_hal_cortex.o
                0x000000000800185e                HAL_NVIC_SetPriorityGrouping
 .text.HAL_NVIC_SetPriority
                0x0000000008001874       0x38 ./Drivers/STM32F4xx_HAL_Driver/Src/stm32f4xx_hal_cortex.o
                0x0000000008001874                HAL_NVIC_SetPriority
 .text.HAL_NVIC_EnableIRQ
                0x00000000080018ac       0x1c ./Drivers/STM32F4xx_HAL_Driver/Src/stm32f4xx_hal_cortex.o
                0x00000000080018ac                HAL_NVIC_EnableIRQ
 .text.HAL_GPIO_Init
                0x00000000080018c8      0x308 ./Drivers/STM32F4xx_HAL_Driver/Src/stm32f4xx_hal_gpio.o
                0x00000000080018c8                HAL_GPIO_Init
 .text.HAL_GPIO_WritePin
                0x0000000008001bd0       0x32 ./Drivers/STM32F4xx_HAL_Driver/Src/stm32f4xx_hal_gpio.o
                0x0000000008001bd0                HAL_GPIO_WritePin
 *fill*         0x0000000008001c02        0x2 
 .text.HAL_I2C_Init
                0x0000000008001c04      0x288 ./Drivers/STM32F4xx_HAL_Driver/Src/stm32f4xx_hal_i2c.o
                0x0000000008001c04                HAL_I2C_Init
 .text.HAL_PCD_Init
                0x0000000008001e8c      0x23a ./Drivers/STM32F4xx_HAL_Driver/Src/stm32f4xx_hal_pcd.o
                0x0000000008001e8c                HAL_PCD_Init
 .text.HAL_PCD_Start
                0x00000000080020c6       0x66 ./Drivers/STM32F4xx_HAL_Driver/Src/stm32f4xx_hal_pcd.o
                0x00000000080020c6                HAL_PCD_Start
 .text.HAL_PCD_IRQHandler
                0x000000000800212c      0x93e ./Drivers/STM32F4xx_HAL_Driver/Src/stm32f4xx_hal_pcd.o
                0x000000000800212c                HAL_PCD_IRQHandler
 .text.HAL_PCD_SetAddress
                0x0000000008002a6a       0x4a ./Drivers/STM32F4xx_HAL_Driver/Src/stm32f4xx_hal_pcd.o
                0x0000000008002a6a                HAL_PCD_SetAddress
 .text.HAL_PCD_EP_Open
                0x0000000008002ab4       0xd0 ./Drivers/STM32F4xx_HAL_Driver/Src/stm32f4xx_hal_pcd.o
                0x0000000008002ab4                HAL_PCD_EP_Open
 .text.HAL_PCD_EP_Close
                0x0000000008002b84       0x94 ./Drivers/STM32F4xx_HAL_Driver/Src/stm32f4xx_hal_pcd.o
                0x0000000008002b84                HAL_PCD_EP_Close
 .text.HAL_PCD_EP_Receive
                0x0000000008002c18       0x96 ./Drivers/STM32F4xx_HAL_Driver/Src/stm32f4xx_hal_pcd.o
                0x0000000008002c18                HAL_PCD_EP_Receive
 .text.HAL_PCD_EP_GetRxCount
                0x0000000008002cae       0x30 ./Drivers/STM32F4xx_HAL_Driver/Src/stm32f4xx_hal_pcd.o
                0x0000000008002cae                HAL_PCD_EP_GetRxCount
 .text.HAL_PCD_EP_Transmit
                0x0000000008002cde       0x94 ./Drivers/STM32F4xx_HAL_Driver/Src/stm32f4xx_hal_pcd.o
                0x0000000008002cde                HAL_PCD_EP_Transmit
 .text.HAL_PCD_EP_SetStall
                0x0000000008002d72       0xc8 ./Drivers/STM32F4xx_HAL_Driver/Src/stm32f4xx_hal_pcd.o
                0x0000000008002d72                HAL_PCD_EP_SetStall
 .text.HAL_PCD_EP_ClrStall
                0x0000000008002e3a       0xac ./Drivers/STM32F4xx_HAL_Driver/Src/stm32f4xx_hal_pcd.o
                0x0000000008002e3a                HAL_PCD_EP_ClrStall
 .text.HAL_PCD_EP_Abort
                0x0000000008002ee6       0x62 ./Drivers/STM32F4xx_HAL_Driver/Src/stm32f4xx_hal_pcd.o
                0x0000000008002ee6                HAL_PCD_EP_Abort
 .text.PCD_WriteEmptyTxFifo
                0x0000000008002f48      0x11a ./Drivers/STM32F4xx_HAL_Driver/Src/stm32f4xx_hal_pcd.o
 *fill*         0x0000000008003062        0x2 
 .text.PCD_EP_OutXfrComplete_int
                0x0000000008003064      0x1d0 ./Drivers/STM32F4xx_HAL_Driver/Src/stm32f4xx_hal_pcd.o
 .text.PCD_EP_OutSetupPacket_int
                0x0000000008003234       0x8c ./Drivers/STM32F4xx_HAL_Driver/Src/stm32f4xx_hal_pcd.o
 .text.HAL_PCDEx_SetTxFiFo
                0x00000000080032c0       0x8e ./Drivers/STM32F4xx_HAL_Driver/Src/stm32f4xx_hal_pcd_ex.o
                0x00000000080032c0                HAL_PCDEx_SetTxFiFo
 .text.HAL_PCDEx_SetRxFiFo
                0x000000000800334e       0x22 ./Drivers/STM32F4xx_HAL_Driver/Src/stm32f4xx_hal_pcd_ex.o
                0x000000000800334e                HAL_PCDEx_SetRxFiFo
 .text.HAL_PCDEx_LPM_Callback
                0x0000000008003370       0x18 ./Drivers/STM32F4xx_HAL_Driver/Src/stm32f4xx_hal_pcd_ex.o
                0x0000000008003370                HAL_PCDEx_LPM_Callback
 .text.HAL_RCC_OscConfig
                0x0000000008003388      0x4f0 ./Drivers/STM32F4xx_HAL_Driver/Src/stm32f4xx_hal_rcc.o
                0x0000000008003388                HAL_RCC_OscConfig
 .text.HAL_RCC_ClockConfig
                0x0000000008003878      0x1cc ./Drivers/STM32F4xx_HAL_Driver/Src/stm32f4xx_hal_rcc.o
                0x0000000008003878                HAL_RCC_ClockConfig
 .text.HAL_RCC_GetSysClockFreq
                0x0000000008003a44      0x18c ./Drivers/STM32F4xx_HAL_Driver/Src/stm32f4xx_hal_rcc.o
                0x0000000008003a44                HAL_RCC_GetSysClockFreq
 .text.HAL_RCC_GetHCLKFreq
                0x0000000008003bd0       0x18 ./Drivers/STM32F4xx_HAL_Driver/Src/stm32f4xx_hal_rcc.o
                0x0000000008003bd0                HAL_RCC_GetHCLKFreq
 .text.HAL_RCC_GetPCLK1Freq
                0x0000000008003be8       0x28 ./Drivers/STM32F4xx_HAL_Driver/Src/stm32f4xx_hal_rcc.o
                0x0000000008003be8                HAL_RCC_GetPCLK1Freq
 .text.HAL_RCC_GetPCLK2Freq
                0x0000000008003c10       0x28 ./Drivers/STM32F4xx_HAL_Driver/Src/stm32f4xx_hal_rcc.o
                0x0000000008003c10                HAL_RCC_GetPCLK2Freq
 .text.HAL_RCC_GetClockConfig
                0x0000000008003c38       0x64 ./Drivers/STM32F4xx_HAL_Driver/Src/stm32f4xx_hal_rcc.o
                0x0000000008003c38                HAL_RCC_GetClockConfig
 .text.HAL_SPI_Init
                0x0000000008003c9c      0x112 ./Drivers/STM32F4xx_HAL_Driver/Src/stm32f4xx_hal_spi.o
                0x0000000008003c9c                HAL_SPI_Init
 .text.HAL_TIM_Base_Init
                0x0000000008003dae       0x9e ./Drivers/STM32F4xx_HAL_Driver/Src/stm32f4xx_hal_tim.o
                0x0000000008003dae                HAL_TIM_Base_Init
 .text.HAL_TIM_Base_MspInit
                0x0000000008003e4c       0x14 ./Drivers/STM32F4xx_HAL_Driver/Src/stm32f4xx_hal_tim.o
                0x0000000008003e4c                HAL_TIM_Base_MspInit
 .text.HAL_TIM_Base_Start_IT
                0x0000000008003e60       0xc4 ./Drivers/STM32F4xx_HAL_Driver/Src/stm32f4xx_hal_tim.o
                0x0000000008003e60                HAL_TIM_Base_Start_IT
 .text.HAL_TIM_PWM_Init
                0x0000000008003f24       0x9e ./Drivers/STM32F4xx_HAL_Driver/Src/stm32f4xx_hal_tim.o
                0x0000000008003f24                HAL_TIM_PWM_Init
 .text.HAL_TIM_IRQHandler
                0x0000000008003fc2      0x210 ./Drivers/STM32F4xx_HAL_Driver/Src/stm32f4xx_hal_tim.o
                0x0000000008003fc2                HAL_TIM_IRQHandler
 *fill*         0x00000000080041d2        0x2 
 .text.HAL_TIM_PWM_ConfigChannel
                0x00000000080041d4      0x184 ./Drivers/STM32F4xx_HAL_Driver/Src/stm32f4xx_hal_tim.o
                0x00000000080041d4                HAL_TIM_PWM_ConfigChannel
 .text.HAL_TIM_OC_DelayElapsedCallback
                0x0000000008004358       0x14 ./Drivers/STM32F4xx_HAL_Driver/Src/stm32f4xx_hal_tim.o
                0x0000000008004358                HAL_TIM_OC_DelayElapsedCallback
 .text.HAL_TIM_IC_CaptureCallback
                0x000000000800436c       0x14 ./Drivers/STM32F4xx_HAL_Driver/Src/stm32f4xx_hal_tim.o
                0x000000000800436c                HAL_TIM_IC_CaptureCallback
 .text.HAL_TIM_PWM_PulseFinishedCallback
                0x0000000008004380       0x14 ./Drivers/STM32F4xx_HAL_Driver/Src/stm32f4xx_hal_tim.o
                0x0000000008004380                HAL_TIM_PWM_PulseFinishedCallback
 .text.HAL_TIM_TriggerCallback
                0x0000000008004394       0x14 ./Drivers/STM32F4xx_HAL_Driver/Src/stm32f4xx_hal_tim.o
                0x0000000008004394                HAL_TIM_TriggerCallback
 .text.TIM_Base_SetConfig
                0x00000000080043a8      0x100 ./Drivers/STM32F4xx_HAL_Driver/Src/stm32f4xx_hal_tim.o
                0x00000000080043a8                TIM_Base_SetConfig
 .text.TIM_OC1_SetConfig
                0x00000000080044a8       0xcc ./Drivers/STM32F4xx_HAL_Driver/Src/stm32f4xx_hal_tim.o
 .text.TIM_OC2_SetConfig
                0x0000000008004574       0xd8 ./Drivers/STM32F4xx_HAL_Driver/Src/stm32f4xx_hal_tim.o
                0x0000000008004574                TIM_OC2_SetConfig
 .text.TIM_OC3_SetConfig
                0x000000000800464c       0xd4 ./Drivers/STM32F4xx_HAL_Driver/Src/stm32f4xx_hal_tim.o
 .text.TIM_OC4_SetConfig
                0x0000000008004720       0xa0 ./Drivers/STM32F4xx_HAL_Driver/Src/stm32f4xx_hal_tim.o
 .text.HAL_TIMEx_MasterConfigSynchronization
                0x00000000080047c0       0xdc ./Drivers/STM32F4xx_HAL_Driver/Src/stm32f4xx_hal_tim_ex.o
                0x00000000080047c0                HAL_TIMEx_MasterConfigSynchronization
 .text.HAL_TIMEx_CommutCallback
                0x000000000800489c       0x14 ./Drivers/STM32F4xx_HAL_Driver/Src/stm32f4xx_hal_tim_ex.o
                0x000000000800489c                HAL_TIMEx_CommutCallback
 .text.HAL_TIMEx_BreakCallback
                0x00000000080048b0       0x14 ./Drivers/STM32F4xx_HAL_Driver/Src/stm32f4xx_hal_tim_ex.o
                0x00000000080048b0                HAL_TIMEx_BreakCallback
 .text.HAL_UART_Init
                0x00000000080048c4       0x9a ./Drivers/STM32F4xx_HAL_Driver/Src/stm32f4xx_hal_uart.o
                0x00000000080048c4                HAL_UART_Init
 *fill*         0x000000000800495e        0x2 
 .text.UART_SetConfig
                0x0000000008004960      0x4e8 ./Drivers/STM32F4xx_HAL_Driver/Src/stm32f4xx_hal_uart.o
 .text.USB_CoreInit
                0x0000000008004e48       0xc2 ./Drivers/STM32F4xx_HAL_Driver/Src/stm32f4xx_ll_usb.o
                0x0000000008004e48                USB_CoreInit
 *fill*         0x0000000008004f0a        0x2 
 .text.USB_SetTurnaroundTime
                0x0000000008004f0c      0x144 ./Drivers/STM32F4xx_HAL_Driver/Src/stm32f4xx_ll_usb.o
                0x0000000008004f0c                USB_SetTurnaroundTime
 .text.USB_EnableGlobalInt
                0x0000000008005050       0x22 ./Drivers/STM32F4xx_HAL_Driver/Src/stm32f4xx_ll_usb.o
                0x0000000008005050                USB_EnableGlobalInt
 .text.USB_DisableGlobalInt
                0x0000000008005072       0x22 ./Drivers/STM32F4xx_HAL_Driver/Src/stm32f4xx_ll_usb.o
                0x0000000008005072                USB_DisableGlobalInt
 .text.USB_SetCurrentMode
                0x0000000008005094       0x98 ./Drivers/STM32F4xx_HAL_Driver/Src/stm32f4xx_ll_usb.o
                0x0000000008005094                USB_SetCurrentMode
 .text.USB_DevInit
                0x000000000800512c      0x2c8 ./Drivers/STM32F4xx_HAL_Driver/Src/stm32f4xx_ll_usb.o
                0x000000000800512c                USB_DevInit
 .text.USB_FlushTxFifo
                0x00000000080053f4       0x68 ./Drivers/STM32F4xx_HAL_Driver/Src/stm32f4xx_ll_usb.o
                0x00000000080053f4                USB_FlushTxFifo
 .text.USB_FlushRxFifo
                0x000000000800545c       0x60 ./Drivers/STM32F4xx_HAL_Driver/Src/stm32f4xx_ll_usb.o
                0x000000000800545c                USB_FlushRxFifo
 .text.USB_SetDevSpeed
                0x00000000080054bc       0x32 ./Drivers/STM32F4xx_HAL_Driver/Src/stm32f4xx_ll_usb.o
                0x00000000080054bc                USB_SetDevSpeed
 .text.USB_GetDevSpeed
                0x00000000080054ee       0x4a ./Drivers/STM32F4xx_HAL_Driver/Src/stm32f4xx_ll_usb.o
                0x00000000080054ee                USB_GetDevSpeed
 .text.USB_ActivateEndpoint
                0x0000000008005538      0x10e ./Drivers/STM32F4xx_HAL_Driver/Src/stm32f4xx_ll_usb.o
                0x0000000008005538                USB_ActivateEndpoint
 *fill*         0x0000000008005646        0x2 
 .text.USB_DeactivateEndpoint
                0x0000000008005648      0x1b8 ./Drivers/STM32F4xx_HAL_Driver/Src/stm32f4xx_ll_usb.o
                0x0000000008005648                USB_DeactivateEndpoint
 .text.USB_EPStartXfer
                0x0000000008005800      0x490 ./Drivers/STM32F4xx_HAL_Driver/Src/stm32f4xx_ll_usb.o
                0x0000000008005800                USB_EPStartXfer
 .text.USB_EP0StartXfer
                0x0000000008005c90      0x2b0 ./Drivers/STM32F4xx_HAL_Driver/Src/stm32f4xx_ll_usb.o
                0x0000000008005c90                USB_EP0StartXfer
 .text.USB_EPStopXfer
                0x0000000008005f40      0x154 ./Drivers/STM32F4xx_HAL_Driver/Src/stm32f4xx_ll_usb.o
                0x0000000008005f40                USB_EPStopXfer
 .text.USB_WritePacket
                0x0000000008006094       0x7c ./Drivers/STM32F4xx_HAL_Driver/Src/stm32f4xx_ll_usb.o
                0x0000000008006094                USB_WritePacket
 .text.USB_ReadPacket
                0x0000000008006110       0xb0 ./Drivers/STM32F4xx_HAL_Driver/Src/stm32f4xx_ll_usb.o
                0x0000000008006110                USB_ReadPacket
 .text.USB_EPSetStall
                0x00000000080061c0       0xdc ./Drivers/STM32F4xx_HAL_Driver/Src/stm32f4xx_ll_usb.o
                0x00000000080061c0                USB_EPSetStall
 .text.USB_EPClearStall
                0x000000000800629c       0xcc ./Drivers/STM32F4xx_HAL_Driver/Src/stm32f4xx_ll_usb.o
                0x000000000800629c                USB_EPClearStall
 .text.USB_SetDevAddress
                0x0000000008006368       0x4c ./Drivers/STM32F4xx_HAL_Driver/Src/stm32f4xx_ll_usb.o
                0x0000000008006368                USB_SetDevAddress
 .text.USB_DevConnect
                0x00000000080063b4       0x42 ./Drivers/STM32F4xx_HAL_Driver/Src/stm32f4xx_ll_usb.o
                0x00000000080063b4                USB_DevConnect
 .text.USB_DevDisconnect
                0x00000000080063f6       0x42 ./Drivers/STM32F4xx_HAL_Driver/Src/stm32f4xx_ll_usb.o
                0x00000000080063f6                USB_DevDisconnect
 .text.USB_ReadInterrupts
                0x0000000008006438       0x26 ./Drivers/STM32F4xx_HAL_Driver/Src/stm32f4xx_ll_usb.o
                0x0000000008006438                USB_ReadInterrupts
 .text.USB_ReadDevAllOutEpInterrupt
                0x000000000800645e       0x34 ./Drivers/STM32F4xx_HAL_Driver/Src/stm32f4xx_ll_usb.o
                0x000000000800645e                USB_ReadDevAllOutEpInterrupt
 .text.USB_ReadDevAllInEpInterrupt
                0x0000000008006492       0x34 ./Drivers/STM32F4xx_HAL_Driver/Src/stm32f4xx_ll_usb.o
                0x0000000008006492                USB_ReadDevAllInEpInterrupt
 .text.USB_ReadDevOutEPInterrupt
                0x00000000080064c6       0x3c ./Drivers/STM32F4xx_HAL_Driver/Src/stm32f4xx_ll_usb.o
                0x00000000080064c6                USB_ReadDevOutEPInterrupt
 .text.USB_ReadDevInEPInterrupt
                0x0000000008006502       0x5c ./Drivers/STM32F4xx_HAL_Driver/Src/stm32f4xx_ll_usb.o
                0x0000000008006502                USB_ReadDevInEPInterrupt
 .text.USB_GetMode
                0x000000000800655e       0x1c ./Drivers/STM32F4xx_HAL_Driver/Src/stm32f4xx_ll_usb.o
                0x000000000800655e                USB_GetMode
 .text.USB_ActivateSetup
                0x000000000800657a       0x46 ./Drivers/STM32F4xx_HAL_Driver/Src/stm32f4xx_ll_usb.o
                0x000000000800657a                USB_ActivateSetup
 .text.USB_EP0_OutStart
                0x00000000080065c0       0xbc ./Drivers/STM32F4xx_HAL_Driver/Src/stm32f4xx_ll_usb.o
                0x00000000080065c0                USB_EP0_OutStart
 .text.USB_CoreReset
                0x000000000800667c       0x68 ./Drivers/STM32F4xx_HAL_Driver/Src/stm32f4xx_ll_usb.o
 .text.vListInitialise
                0x00000000080066e4       0x40 ./FreeRTOS/list.o
                0x00000000080066e4                vListInitialise
 .text.vListInitialiseItem
                0x0000000008006724       0x1a ./FreeRTOS/list.o
                0x0000000008006724                vListInitialiseItem
 .text.vListInsertEnd
                0x000000000800673e       0x48 ./FreeRTOS/list.o
                0x000000000800673e                vListInsertEnd
 .text.vListInsert
                0x0000000008006786       0x72 ./FreeRTOS/list.o
                0x0000000008006786                vListInsert
 .text.uxListRemove
                0x00000000080067f8       0x54 ./FreeRTOS/list.o
                0x00000000080067f8                uxListRemove
 .text.xQueueGenericReset
                0x000000000800684c       0xb6 ./FreeRTOS/queue.o
                0x000000000800684c                xQueueGenericReset
 .text.xQueueGenericCreate
                0x0000000008006902       0xbe ./FreeRTOS/queue.o
                0x0000000008006902                xQueueGenericCreate
 .text.prvInitialiseNewQueue
                0x00000000080069c0       0x52 ./FreeRTOS/queue.o
 *fill*         0x0000000008006a12        0x2 
 .text.xQueueGenericSend
                0x0000000008006a14      0x21c ./FreeRTOS/queue.o
                0x0000000008006a14                xQueueGenericSend
 .text.xQueueGenericSendFromISR
                0x0000000008006c30      0x17c ./FreeRTOS/queue.o
                0x0000000008006c30                xQueueGenericSendFromISR
 .text.xQueueReceive
                0x0000000008006dac      0x20c ./FreeRTOS/queue.o
                0x0000000008006dac                xQueueReceive
 .text.prvCopyDataToQueue
                0x0000000008006fb8       0xd4 ./FreeRTOS/queue.o
 .text.prvCopyDataFromQueue
                0x000000000800708c       0x4c ./FreeRTOS/queue.o
 .text.prvUnlockQueue
                0x00000000080070d8       0xa4 ./FreeRTOS/queue.o
 .text.prvIsQueueEmpty
                0x000000000800717c       0x2c ./FreeRTOS/queue.o
 .text.prvIsQueueFull
                0x00000000080071a8       0x30 ./FreeRTOS/queue.o
 .text.vQueueAddToRegistry
                0x00000000080071d8       0x64 ./FreeRTOS/queue.o
                0x00000000080071d8                vQueueAddToRegistry
 .text.vQueueWaitForMessageRestricted
                0x000000000800723c       0x68 ./FreeRTOS/queue.o
                0x000000000800723c                vQueueWaitForMessageRestricted
 .text.xTaskCreate
                0x00000000080072a4       0x82 ./FreeRTOS/tasks.o
                0x00000000080072a4                xTaskCreate
 .text.prvInitialiseNewTask
                0x0000000008007326      0x12c ./FreeRTOS/tasks.o
 *fill*         0x0000000008007452        0x2 
 .text.prvAddNewTaskToReadyList
                0x0000000008007454       0xfc ./FreeRTOS/tasks.o
 .text.vTaskStartScheduler
                0x0000000008007550       0xc4 ./FreeRTOS/tasks.o
                0x0000000008007550                vTaskStartScheduler
 .text.vTaskSuspendAll
                0x0000000008007614       0x1c ./FreeRTOS/tasks.o
                0x0000000008007614                vTaskSuspendAll
 .text.xTaskResumeAll
                0x0000000008007630      0x124 ./FreeRTOS/tasks.o
                0x0000000008007630                xTaskResumeAll
 .text.xTaskGetTickCount
                0x0000000008007754       0x20 ./FreeRTOS/tasks.o
                0x0000000008007754                xTaskGetTickCount
 .text.xTaskGetTickCountFromISR
                0x0000000008007774       0x24 ./FreeRTOS/tasks.o
                0x0000000008007774                xTaskGetTickCountFromISR
 .text.xTaskIncrementTick
                0x0000000008007798      0x134 ./FreeRTOS/tasks.o
                0x0000000008007798                xTaskIncrementTick
 .text.vTaskSwitchContext
                0x00000000080078cc       0xd4 ./FreeRTOS/tasks.o
                0x00000000080078cc                vTaskSwitchContext
 .text.vTaskPlaceOnEventList
                0x00000000080079a0       0x48 ./FreeRTOS/tasks.o
                0x00000000080079a0                vTaskPlaceOnEventList
 .text.vTaskPlaceOnEventListRestricted
                0x00000000080079e8       0x5c ./FreeRTOS/tasks.o
                0x00000000080079e8                vTaskPlaceOnEventListRestricted
 .text.xTaskRemoveFromEventList
                0x0000000008007a44       0xcc ./FreeRTOS/tasks.o
                0x0000000008007a44                xTaskRemoveFromEventList
 .text.vTaskInternalSetTimeOutState
                0x0000000008007b10       0x2c ./FreeRTOS/tasks.o
                0x0000000008007b10                vTaskInternalSetTimeOutState
 .text.xTaskCheckForTimeOut
                0x0000000008007b3c       0xcc ./FreeRTOS/tasks.o
                0x0000000008007b3c                xTaskCheckForTimeOut
 .text.vTaskMissedYield
                0x0000000008007c08       0x18 ./FreeRTOS/tasks.o
                0x0000000008007c08                vTaskMissedYield
 .text.prvIdleTask
                0x0000000008007c20       0x24 ./FreeRTOS/tasks.o
 .text.prvInitialiseTaskLists
                0x0000000008007c44       0x80 ./FreeRTOS/tasks.o
 .text.prvCheckTasksWaitingTermination
                0x0000000008007cc4       0x5c ./FreeRTOS/tasks.o
 .text.prvDeleteTCB
                0x0000000008007d20       0x20 ./FreeRTOS/tasks.o
 .text.prvResetNextTaskUnblockTime
                0x0000000008007d40       0x38 ./FreeRTOS/tasks.o
 .text.xTaskGetSchedulerState
                0x0000000008007d78       0x3c ./FreeRTOS/tasks.o
                0x0000000008007d78                xTaskGetSchedulerState
 .text.xTaskPriorityDisinherit
                0x0000000008007db4      0x108 ./FreeRTOS/tasks.o
                0x0000000008007db4                xTaskPriorityDisinherit
 .text.prvAddCurrentTaskToDelayedList
                0x0000000008007ebc       0xe4 ./FreeRTOS/tasks.o
 .text.xTimerCreateTimerTask
                0x0000000008007fa0       0x64 ./FreeRTOS/timers.o
                0x0000000008007fa0                xTimerCreateTimerTask
 .text.xTimerGenericCommand
                0x0000000008008004       0x9c ./FreeRTOS/timers.o
                0x0000000008008004                xTimerGenericCommand
 .text.prvProcessExpiredTimer
                0x00000000080080a0       0x98 ./FreeRTOS/timers.o
 .text.prvTimerTask
                0x0000000008008138       0x24 ./FreeRTOS/timers.o
 .text.prvProcessTimerOrBlockTask
                0x000000000800815c       0x9c ./FreeRTOS/timers.o
 .text.prvGetNextExpireTime
                0x00000000080081f8       0x48 ./FreeRTOS/timers.o
 .text.prvSampleTimeNow
                0x0000000008008240       0x40 ./FreeRTOS/timers.o
 .text.prvInsertTimerInActiveList
                0x0000000008008280       0x84 ./FreeRTOS/timers.o
 .text.prvProcessReceivedCommands
                0x0000000008008304      0x18c ./FreeRTOS/timers.o
 .text.prvSwitchTimerLists
                0x0000000008008490       0xc8 ./FreeRTOS/timers.o
 .text.prvCheckForValidListAndQueue
                0x0000000008008558       0x6c ./FreeRTOS/timers.o
 .text.pxPortInitialiseStack
                0x00000000080085c4       0x68 ./FreeRTOS/portable/GCC/ARM_CM4F/port.o
                0x00000000080085c4                pxPortInitialiseStack
 .text.prvTaskExitError
                0x000000000800862c       0x58 ./FreeRTOS/portable/GCC/ARM_CM4F/port.o
 *fill*         0x0000000008008684        0xc 
 .text.SVC_Handler
                0x0000000008008690       0x28 ./FreeRTOS/portable/GCC/ARM_CM4F/port.o
                0x0000000008008690                SVC_Handler
 .text.prvPortStartFirstTask
                0x00000000080086b8       0x2c ./FreeRTOS/portable/GCC/ARM_CM4F/port.o
 .text.xPortStartScheduler
                0x00000000080086e4      0x144 ./FreeRTOS/portable/GCC/ARM_CM4F/port.o
                0x00000000080086e4                xPortStartScheduler
 .text.vPortEnterCritical
                0x0000000008008828       0x60 ./FreeRTOS/portable/GCC/ARM_CM4F/port.o
                0x0000000008008828                vPortEnterCritical
 .text.vPortExitCritical
                0x0000000008008888       0x54 ./FreeRTOS/portable/GCC/ARM_CM4F/port.o
                0x0000000008008888                vPortExitCritical
 *fill*         0x00000000080088dc        0x4 
 .text.PendSV_Handler
                0x00000000080088e0       0x68 ./FreeRTOS/portable/GCC/ARM_CM4F/port.o
                0x00000000080088e0                PendSV_Handler
 .text.SysTick_Handler
                0x0000000008008948       0x54 ./FreeRTOS/portable/GCC/ARM_CM4F/port.o
                0x0000000008008948                SysTick_Handler
 .text.vPortSetupTimerInterrupt
                0x000000000800899c       0x48 ./FreeRTOS/portable/GCC/ARM_CM4F/port.o
                0x000000000800899c                vPortSetupTimerInterrupt
 .text.vPortEnableVFP
                0x00000000080089e4       0x18 ./FreeRTOS/portable/GCC/ARM_CM4F/port.o
 .text.vPortValidateInterruptPriority
                0x00000000080089fc       0x80 ./FreeRTOS/portable/GCC/ARM_CM4F/port.o
                0x00000000080089fc                vPortValidateInterruptPriority
 .text.vSetVarulMaxPRIGROUPValue
                0x0000000008008a7c       0x8c ./FreeRTOS/portable/GCC/ARM_CM4F/port.o
                0x0000000008008a7c                vSetVarulMaxPRIGROUPValue
 .text.pvPortMalloc
                0x0000000008008b08      0x1c0 ./FreeRTOS/portable/MemMang/heap_4.o
                0x0000000008008b08                pvPortMalloc
 .text.vPortFree
                0x0000000008008cc8       0xc4 ./FreeRTOS/portable/MemMang/heap_4.o
                0x0000000008008cc8                vPortFree
 .text.prvHeapInit
                0x0000000008008d8c       0xc4 ./FreeRTOS/portable/MemMang/heap_4.o
 .text.prvInsertBlockIntoFreeList
                0x0000000008008e50       0xb4 ./FreeRTOS/portable/MemMang/heap_4.o
 .text.USBD_CDC_Init
                0x0000000008008f04      0x1f0 ./Middlewares/ST/STM32_USB_Device_Library/Class/CDC/Src/usbd_cdc.o
 .text.USBD_CDC_DeInit
                0x00000000080090f4      0x104 ./Middlewares/ST/STM32_USB_Device_Library/Class/CDC/Src/usbd_cdc.o
 .text.USBD_CDC_Setup
                0x00000000080091f8      0x1b8 ./Middlewares/ST/STM32_USB_Device_Library/Class/CDC/Src/usbd_cdc.o
 .text.USBD_CDC_DataIn
                0x00000000080093b0       0xfe ./Middlewares/ST/STM32_USB_Device_Library/Class/CDC/Src/usbd_cdc.o
 .text.USBD_CDC_DataOut
                0x00000000080094ae       0x70 ./Middlewares/ST/STM32_USB_Device_Library/Class/CDC/Src/usbd_cdc.o
 .text.USBD_CDC_EP0_RxReady
                0x000000000800951e       0x76 ./Middlewares/ST/STM32_USB_Device_Library/Class/CDC/Src/usbd_cdc.o
 .text.USBD_CDC_GetFSCfgDesc
                0x0000000008009594       0x70 ./Middlewares/ST/STM32_USB_Device_Library/Class/CDC/Src/usbd_cdc.o
 .text.USBD_CDC_GetHSCfgDesc
                0x0000000008009604       0x70 ./Middlewares/ST/STM32_USB_Device_Library/Class/CDC/Src/usbd_cdc.o
 .text.USBD_CDC_GetOtherSpeedCfgDesc
                0x0000000008009674       0x70 ./Middlewares/ST/STM32_USB_Device_Library/Class/CDC/Src/usbd_cdc.o
 .text.USBD_CDC_GetDeviceQualifierDescriptor
                0x00000000080096e4       0x20 ./Middlewares/ST/STM32_USB_Device_Library/Class/CDC/Src/usbd_cdc.o
                0x00000000080096e4                USBD_CDC_GetDeviceQualifierDescriptor
 .text.USBD_CDC_RegisterInterface
                0x0000000008009704       0x34 ./Middlewares/ST/STM32_USB_Device_Library/Class/CDC/Src/usbd_cdc.o
                0x0000000008009704                USBD_CDC_RegisterInterface
 .text.USBD_CDC_SetTxBuffer
                0x0000000008009738       0x44 ./Middlewares/ST/STM32_USB_Device_Library/Class/CDC/Src/usbd_cdc.o
                0x0000000008009738                USBD_CDC_SetTxBuffer
 .text.USBD_CDC_SetRxBuffer
                0x000000000800977c       0x3a ./Middlewares/ST/STM32_USB_Device_Library/Class/CDC/Src/usbd_cdc.o
                0x000000000800977c                USBD_CDC_SetRxBuffer
 *fill*         0x00000000080097b6        0x2 
 .text.USBD_CDC_ReceivePacket
                0x00000000080097b8       0x6c ./Middlewares/ST/STM32_USB_Device_Library/Class/CDC/Src/usbd_cdc.o
                0x00000000080097b8                USBD_CDC_ReceivePacket
 .text.USBD_Init
                0x0000000008009824       0x60 ./Middlewares/ST/STM32_USB_Device_Library/Core/Src/usbd_core.o
                0x0000000008009824                USBD_Init
 .text.USBD_RegisterClass
                0x0000000008009884       0x6c ./Middlewares/ST/STM32_USB_Device_Library/Core/Src/usbd_core.o
                0x0000000008009884                USBD_RegisterClass
 .text.USBD_Start
                0x00000000080098f0       0x18 ./Middlewares/ST/STM32_USB_Device_Library/Core/Src/usbd_core.o
                0x00000000080098f0                USBD_Start
 .text.USBD_RunTestMode
                0x0000000008009908       0x16 ./Middlewares/ST/STM32_USB_Device_Library/Core/Src/usbd_core.o
                0x0000000008009908                USBD_RunTestMode
 .text.USBD_SetClassConfig
                0x000000000800991e       0x38 ./Middlewares/ST/STM32_USB_Device_Library/Core/Src/usbd_core.o
                0x000000000800991e                USBD_SetClassConfig
 .text.USBD_ClrClassConfig
                0x0000000008009956       0x34 ./Middlewares/ST/STM32_USB_Device_Library/Core/Src/usbd_core.o
                0x0000000008009956                USBD_ClrClassConfig
 .text.USBD_LL_SetupStage
                0x000000000800998a       0xaa ./Middlewares/ST/STM32_USB_Device_Library/Core/Src/usbd_core.o
                0x000000000800998a                USBD_LL_SetupStage
 .text.USBD_LL_DataOutStage
                0x0000000008009a34      0x166 ./Middlewares/ST/STM32_USB_Device_Library/Core/Src/usbd_core.o
                0x0000000008009a34                USBD_LL_DataOutStage
 .text.USBD_LL_DataInStage
                0x0000000008009b9a      0x164 ./Middlewares/ST/STM32_USB_Device_Library/Core/Src/usbd_core.o
                0x0000000008009b9a                USBD_LL_DataInStage
 .text.USBD_LL_Reset
                0x0000000008009cfe       0xa4 ./Middlewares/ST/STM32_USB_Device_Library/Core/Src/usbd_core.o
                0x0000000008009cfe                USBD_LL_Reset
 .text.USBD_LL_SetSpeed
                0x0000000008009da2       0x20 ./Middlewares/ST/STM32_USB_Device_Library/Core/Src/usbd_core.o
                0x0000000008009da2                USBD_LL_SetSpeed
 .text.USBD_LL_Suspend
                0x0000000008009dc2       0x2c ./Middlewares/ST/STM32_USB_Device_Library/Core/Src/usbd_core.o
                0x0000000008009dc2                USBD_LL_Suspend
 .text.USBD_LL_Resume
                0x0000000008009dee       0x30 ./Middlewares/ST/STM32_USB_Device_Library/Core/Src/usbd_core.o
                0x0000000008009dee                USBD_LL_Resume
 .text.USBD_LL_SOF
                0x0000000008009e1e       0x40 ./Middlewares/ST/STM32_USB_Device_Library/Core/Src/usbd_core.o
                0x0000000008009e1e                USBD_LL_SOF
 .text.USBD_LL_IsoINIncomplete
                0x0000000008009e5e       0x64 ./Middlewares/ST/STM32_USB_Device_Library/Core/Src/usbd_core.o
                0x0000000008009e5e                USBD_LL_IsoINIncomplete
 .text.USBD_LL_IsoOUTIncomplete
                0x0000000008009ec2       0x64 ./Middlewares/ST/STM32_USB_Device_Library/Core/Src/usbd_core.o
                0x0000000008009ec2                USBD_LL_IsoOUTIncomplete
 .text.USBD_LL_DevConnected
                0x0000000008009f26       0x16 ./Middlewares/ST/STM32_USB_Device_Library/Core/Src/usbd_core.o
                0x0000000008009f26                USBD_LL_DevConnected
 .text.USBD_LL_DevDisconnected
                0x0000000008009f3c       0x46 ./Middlewares/ST/STM32_USB_Device_Library/Core/Src/usbd_core.o
                0x0000000008009f3c                USBD_LL_DevDisconnected
 .text.USBD_CoreFindIF
                0x0000000008009f82       0x1a ./Middlewares/ST/STM32_USB_Device_Library/Core/Src/usbd_core.o
                0x0000000008009f82                USBD_CoreFindIF
 .text.USBD_CoreFindEP
                0x0000000008009f9c       0x1a ./Middlewares/ST/STM32_USB_Device_Library/Core/Src/usbd_core.o
                0x0000000008009f9c                USBD_CoreFindEP
 .text.USBD_GetEpDesc
                0x0000000008009fb6       0x74 ./Middlewares/ST/STM32_USB_Device_Library/Core/Src/usbd_core.o
                0x0000000008009fb6                USBD_GetEpDesc
 .text.USBD_GetNextDesc
                0x000000000800a02a       0x3a ./Middlewares/ST/STM32_USB_Device_Library/Core/Src/usbd_core.o
                0x000000000800a02a                USBD_GetNextDesc
 .text.SWAPBYTE
                0x000000000800a064       0x3c ./Middlewares/ST/STM32_USB_Device_Library/Core/Src/usbd_ctlreq.o
 .text.USBD_StdDevReq
                0x000000000800a0a0       0xe4 ./Middlewares/ST/STM32_USB_Device_Library/Core/Src/usbd_ctlreq.o
                0x000000000800a0a0                USBD_StdDevReq
 .text.USBD_StdItfReq
                0x000000000800a184       0xd8 ./Middlewares/ST/STM32_USB_Device_Library/Core/Src/usbd_ctlreq.o
                0x000000000800a184                USBD_StdItfReq
 .text.USBD_StdEPReq
                0x000000000800a25c      0x33a ./Middlewares/ST/STM32_USB_Device_Library/Core/Src/usbd_ctlreq.o
                0x000000000800a25c                USBD_StdEPReq
 *fill*         0x000000000800a596        0x2 
 .text.USBD_GetDescriptor
                0x000000000800a598      0x2d4 ./Middlewares/ST/STM32_USB_Device_Library/Core/Src/usbd_ctlreq.o
 .text.USBD_SetAddress
                0x000000000800a86c       0x88 ./Middlewares/ST/STM32_USB_Device_Library/Core/Src/usbd_ctlreq.o
 .text.USBD_SetConfig
                0x000000000800a8f4      0x154 ./Middlewares/ST/STM32_USB_Device_Library/Core/Src/usbd_ctlreq.o
 .text.USBD_GetConfig
                0x000000000800aa48       0x6c ./Middlewares/ST/STM32_USB_Device_Library/Core/Src/usbd_ctlreq.o
 .text.USBD_GetStatus
                0x000000000800aab4       0x68 ./Middlewares/ST/STM32_USB_Device_Library/Core/Src/usbd_ctlreq.o
 .text.USBD_SetFeature
                0x000000000800ab1c       0x52 ./Middlewares/ST/STM32_USB_Device_Library/Core/Src/usbd_ctlreq.o
 .text.USBD_ClrFeature
                0x000000000800ab6e       0x44 ./Middlewares/ST/STM32_USB_Device_Library/Core/Src/usbd_ctlreq.o
 .text.USBD_ParseSetupRequest
                0x000000000800abb2       0x74 ./Middlewares/ST/STM32_USB_Device_Library/Core/Src/usbd_ctlreq.o
                0x000000000800abb2                USBD_ParseSetupRequest
 .text.USBD_CtlError
                0x000000000800ac26       0x22 ./Middlewares/ST/STM32_USB_Device_Library/Core/Src/usbd_ctlreq.o
                0x000000000800ac26                USBD_CtlError
 .text.USBD_GetString
                0x000000000800ac48       0x8c ./Middlewares/ST/STM32_USB_Device_Library/Core/Src/usbd_ctlreq.o
                0x000000000800ac48                USBD_GetString
 .text.USBD_GetLen
                0x000000000800acd4       0x34 ./Middlewares/ST/STM32_USB_Device_Library/Core/Src/usbd_ctlreq.o
 .text.USBD_CtlSendData
                0x000000000800ad08       0x36 ./Middlewares/ST/STM32_USB_Device_Library/Core/Src/usbd_ioreq.o
                0x000000000800ad08                USBD_CtlSendData
 .text.USBD_CtlContinueSendData
                0x000000000800ad3e       0x22 ./Middlewares/ST/STM32_USB_Device_Library/Core/Src/usbd_ioreq.o
                0x000000000800ad3e                USBD_CtlContinueSendData
 .text.USBD_CtlPrepareRx
                0x000000000800ad60       0x3a ./Middlewares/ST/STM32_USB_Device_Library/Core/Src/usbd_ioreq.o
                0x000000000800ad60                USBD_CtlPrepareRx
 .text.USBD_CtlContinueRx
                0x000000000800ad9a       0x22 ./Middlewares/ST/STM32_USB_Device_Library/Core/Src/usbd_ioreq.o
                0x000000000800ad9a                USBD_CtlContinueRx
 .text.USBD_CtlSendStatus
                0x000000000800adbc       0x26 ./Middlewares/ST/STM32_USB_Device_Library/Core/Src/usbd_ioreq.o
                0x000000000800adbc                USBD_CtlSendStatus
 .text.USBD_CtlReceiveStatus
                0x000000000800ade2       0x26 ./Middlewares/ST/STM32_USB_Device_Library/Core/Src/usbd_ioreq.o
                0x000000000800ade2                USBD_CtlReceiveStatus
 .text._cbSendSystemDesc
                0x000000000800ae08       0x1c ./SEGGER/Config/SEGGER_SYSVIEW_Config_FreeRTOS.o
 .text.SEGGER_SYSVIEW_Conf
                0x000000000800ae24       0x2c ./SEGGER/Config/SEGGER_SYSVIEW_Config_FreeRTOS.o
                0x000000000800ae24                SEGGER_SYSVIEW_Conf
 .text._cbSendTaskList
                0x000000000800ae50       0x90 ./SEGGER/OS/SEGGER_SYSVIEW_FreeRTOS.o
 .text._cbGetTime
                0x000000000800aee0       0x86 ./SEGGER/OS/SEGGER_SYSVIEW_FreeRTOS.o
 *fill*         0x000000000800af66        0x2 
 .text.SYSVIEW_AddTask
                0x000000000800af68       0xd0 ./SEGGER/OS/SEGGER_SYSVIEW_FreeRTOS.o
                0x000000000800af68                SYSVIEW_AddTask
 .text.SYSVIEW_SendTaskInfo
                0x000000000800b038       0x42 ./SEGGER/OS/SEGGER_SYSVIEW_FreeRTOS.o
                0x000000000800b038                SYSVIEW_SendTaskInfo
 *fill*         0x000000000800b07a        0x2 
 .text._DoInit  0x000000000800b07c       0xb4 ./SEGGER/SEGGER/SEGGER_RTT.o
 .text.SEGGER_RTT_ReadNoLock
                0x000000000800b130      0x10c ./SEGGER/SEGGER/SEGGER_RTT.o
                0x000000000800b130                SEGGER_RTT_ReadNoLock
 .text.SEGGER_RTT_AllocUpBuffer
                0x000000000800b23c      0x108 ./SEGGER/SEGGER/SEGGER_RTT.o
                0x000000000800b23c                SEGGER_RTT_AllocUpBuffer
 .text.SEGGER_RTT_ConfigDownBuffer
                0x000000000800b344       0x98 ./SEGGER/SEGGER/SEGGER_RTT.o
                0x000000000800b344                SEGGER_RTT_ConfigDownBuffer
 .text._EncodeStr
                0x000000000800b3dc       0xa0 ./SEGGER/SEGGER/SEGGER_SYSVIEW.o
 .text._PreparePacket
                0x000000000800b47c       0x18 ./SEGGER/SEGGER/SEGGER_SYSVIEW.o
 .text._HandleIncomingPacket
                0x000000000800b494       0xe0 ./SEGGER/SEGGER/SEGGER_SYSVIEW.o
 .text._TrySendOverflowPacket
                0x000000000800b574       0xe4 ./SEGGER/SEGGER/SEGGER_SYSVIEW.o
 .text._SendPacket
                0x000000000800b658      0x2dc ./SEGGER/SEGGER/SEGGER_SYSVIEW.o
 .text._StoreChar
                0x000000000800b934       0xf6 ./SEGGER/SEGGER/SEGGER_SYSVIEW.o
 *fill*         0x000000000800ba2a        0x2 
 .text._PrintUnsigned
                0x000000000800ba2c      0x12c ./SEGGER/SEGGER/SEGGER_SYSVIEW.o
 .text._PrintInt
                0x000000000800bb58      0x11e ./SEGGER/SEGGER/SEGGER_SYSVIEW.o
 *fill*         0x000000000800bc76        0x2 
 .text._VPrintTarget
                0x000000000800bc78      0x3f0 ./SEGGER/SEGGER/SEGGER_SYSVIEW.o
 .text.SEGGER_SYSVIEW_Init
                0x000000000800c068       0x88 ./SEGGER/SEGGER/SEGGER_SYSVIEW.o
                0x000000000800c068                SEGGER_SYSVIEW_Init
 .text.SEGGER_SYSVIEW_SetRAMBase
                0x000000000800c0f0       0x20 ./SEGGER/SEGGER/SEGGER_SYSVIEW.o
                0x000000000800c0f0                SEGGER_SYSVIEW_SetRAMBase
 .text.SEGGER_SYSVIEW_RecordVoid
                0x000000000800c110       0x3c ./SEGGER/SEGGER/SEGGER_SYSVIEW.o
                0x000000000800c110                SEGGER_SYSVIEW_RecordVoid
 .text.SEGGER_SYSVIEW_RecordU32
                0x000000000800c14c       0x78 ./SEGGER/SEGGER/SEGGER_SYSVIEW.o
                0x000000000800c14c                SEGGER_SYSVIEW_RecordU32
 .text.SEGGER_SYSVIEW_RecordU32x2
                0x000000000800c1c4       0xb4 ./SEGGER/SEGGER/SEGGER_SYSVIEW.o
                0x000000000800c1c4                SEGGER_SYSVIEW_RecordU32x2
 .text.SEGGER_SYSVIEW_RecordU32x3
                0x000000000800c278       0xec ./SEGGER/SEGGER/SEGGER_SYSVIEW.o
                0x000000000800c278                SEGGER_SYSVIEW_RecordU32x3
 .text.SEGGER_SYSVIEW_RecordU32x4
                0x000000000800c364      0x124 ./SEGGER/SEGGER/SEGGER_SYSVIEW.o
                0x000000000800c364                SEGGER_SYSVIEW_RecordU32x4
 .text.SEGGER_SYSVIEW_Start
                0x000000000800c488      0x174 ./SEGGER/SEGGER/SEGGER_SYSVIEW.o
                0x000000000800c488                SEGGER_SYSVIEW_Start
 .text.SEGGER_SYSVIEW_Stop
                0x000000000800c5fc       0x4c ./SEGGER/SEGGER/SEGGER_SYSVIEW.o
                0x000000000800c5fc                SEGGER_SYSVIEW_Stop
 .text.SEGGER_SYSVIEW_GetSysDesc
                0x000000000800c648      0x134 ./SEGGER/SEGGER/SEGGER_SYSVIEW.o
                0x000000000800c648                SEGGER_SYSVIEW_GetSysDesc
 .text.SEGGER_SYSVIEW_SendTaskInfo
                0x000000000800c77c      0x1c8 ./SEGGER/SEGGER/SEGGER_SYSVIEW.o
                0x000000000800c77c                SEGGER_SYSVIEW_SendTaskInfo
 .text.SEGGER_SYSVIEW_SendTaskList
                0x000000000800c944       0x28 ./SEGGER/SEGGER/SEGGER_SYSVIEW.o
                0x000000000800c944                SEGGER_SYSVIEW_SendTaskList
 .text.SEGGER_SYSVIEW_SendSysDesc
                0x000000000800c96c       0x48 ./SEGGER/SEGGER/SEGGER_SYSVIEW.o
                0x000000000800c96c                SEGGER_SYSVIEW_SendSysDesc
 .text.SEGGER_SYSVIEW_RecordSystime
                0x000000000800c9b4       0x64 ./SEGGER/SEGGER/SEGGER_SYSVIEW.o
                0x000000000800c9b4                SEGGER_SYSVIEW_RecordSystime
 .text.SEGGER_SYSVIEW_RecordEnterISR
                0x000000000800ca18       0x84 ./SEGGER/SEGGER/SEGGER_SYSVIEW.o
                0x000000000800ca18                SEGGER_SYSVIEW_RecordEnterISR
 .text.SEGGER_SYSVIEW_RecordExitISR
                0x000000000800ca9c       0x38 ./SEGGER/SEGGER/SEGGER_SYSVIEW.o
                0x000000000800ca9c                SEGGER_SYSVIEW_RecordExitISR
 .text.SEGGER_SYSVIEW_RecordExitISRToScheduler
                0x000000000800cad4       0x38 ./SEGGER/SEGGER/SEGGER_SYSVIEW.o
                0x000000000800cad4                SEGGER_SYSVIEW_RecordExitISRToScheduler
 .text.SEGGER_SYSVIEW_OnIdle
                0x000000000800cb0c       0x38 ./SEGGER/SEGGER/SEGGER_SYSVIEW.o
                0x000000000800cb0c                SEGGER_SYSVIEW_OnIdle
 .text.SEGGER_SYSVIEW_OnTaskCreate
                0x000000000800cb44       0x84 ./SEGGER/SEGGER/SEGGER_SYSVIEW.o
                0x000000000800cb44                SEGGER_SYSVIEW_OnTaskCreate
 .text.SEGGER_SYSVIEW_OnTaskStartExec
                0x000000000800cbc8       0x84 ./SEGGER/SEGGER/SEGGER_SYSVIEW.o
                0x000000000800cbc8                SEGGER_SYSVIEW_OnTaskStartExec
 .text.SEGGER_SYSVIEW_OnTaskStartReady
                0x000000000800cc4c       0x84 ./SEGGER/SEGGER/SEGGER_SYSVIEW.o
                0x000000000800cc4c                SEGGER_SYSVIEW_OnTaskStartReady
 .text.SEGGER_SYSVIEW_OnTaskStopReady
                0x000000000800ccd0       0xc0 ./SEGGER/SEGGER/SEGGER_SYSVIEW.o
                0x000000000800ccd0                SEGGER_SYSVIEW_OnTaskStopReady
 .text.SEGGER_SYSVIEW_ShrinkId
                0x000000000800cd90       0x20 ./SEGGER/SEGGER/SEGGER_SYSVIEW.o
                0x000000000800cd90                SEGGER_SYSVIEW_ShrinkId
 .text.SEGGER_SYSVIEW_SendModule
                0x000000000800cdb0      0x100 ./SEGGER/SEGGER/SEGGER_SYSVIEW.o
                0x000000000800cdb0                SEGGER_SYSVIEW_SendModule
 .text.SEGGER_SYSVIEW_SendModuleDescription
                0x000000000800ceb0       0x3c ./SEGGER/SEGGER/SEGGER_SYSVIEW.o
                0x000000000800ceb0                SEGGER_SYSVIEW_SendModuleDescription
 .text.SEGGER_SYSVIEW_SendNumModules
                0x000000000800ceec       0x7c ./SEGGER/SEGGER/SEGGER_SYSVIEW.o
                0x000000000800ceec                SEGGER_SYSVIEW_SendNumModules
 .text.SEGGER_SYSVIEW_PrintfTarget
                0x000000000800cf68       0x28 ./SEGGER/SEGGER/SEGGER_SYSVIEW.o
                0x000000000800cf68                SEGGER_SYSVIEW_PrintfTarget
 .text.SEGGER_SYSVIEW_Warn
                0x000000000800cf90       0xb8 ./SEGGER/SEGGER/SEGGER_SYSVIEW.o
                0x000000000800cf90                SEGGER_SYSVIEW_Warn
 .text.MX_USB_DEVICE_Init
                0x000000000800d048       0x60 ./USB_DEVICE/App/usb_device.o
                0x000000000800d048                MX_USB_DEVICE_Init
 .text.CDC_Init_FS
                0x000000000800d0a8       0x28 ./USB_DEVICE/App/usbd_cdc_if.o
 .text.CDC_DeInit_FS
                0x000000000800d0d0       0x10 ./USB_DEVICE/App/usbd_cdc_if.o
 .text.CDC_Control_FS
                0x000000000800d0e0       0xbc ./USB_DEVICE/App/usbd_cdc_if.o
 .text.CDC_Receive_FS
                0x000000000800d19c       0x28 ./USB_DEVICE/App/usbd_cdc_if.o
 .text.CDC_TransmitCplt_FS
                0x000000000800d1c4       0x22 ./USB_DEVICE/App/usbd_cdc_if.o
 *fill*         0x000000000800d1e6        0x2 
 .text.USBD_FS_DeviceDescriptor
                0x000000000800d1e8       0x24 ./USB_DEVICE/App/usbd_desc.o
                0x000000000800d1e8                USBD_FS_DeviceDescriptor
 .text.USBD_FS_LangIDStrDescriptor
                0x000000000800d20c       0x24 ./USB_DEVICE/App/usbd_desc.o
                0x000000000800d20c                USBD_FS_LangIDStrDescriptor
 .text.USBD_FS_ProductStrDescriptor
                0x000000000800d230       0x3c ./USB_DEVICE/App/usbd_desc.o
                0x000000000800d230                USBD_FS_ProductStrDescriptor
 .text.USBD_FS_ManufacturerStrDescriptor
                0x000000000800d26c       0x28 ./USB_DEVICE/App/usbd_desc.o
                0x000000000800d26c                USBD_FS_ManufacturerStrDescriptor
 .text.USBD_FS_SerialStrDescriptor
                0x000000000800d294       0x24 ./USB_DEVICE/App/usbd_desc.o
                0x000000000800d294                USBD_FS_SerialStrDescriptor
 .text.USBD_FS_ConfigStrDescriptor
                0x000000000800d2b8       0x3c ./USB_DEVICE/App/usbd_desc.o
                0x000000000800d2b8                USBD_FS_ConfigStrDescriptor
 .text.USBD_FS_InterfaceStrDescriptor
                0x000000000800d2f4       0x3c ./USB_DEVICE/App/usbd_desc.o
                0x000000000800d2f4                USBD_FS_InterfaceStrDescriptor
 .text.Get_SerialNum
                0x000000000800d330       0x58 ./USB_DEVICE/App/usbd_desc.o
 .text.IntToUnicode
                0x000000000800d388       0x7e ./USB_DEVICE/App/usbd_desc.o
 *fill*         0x000000000800d406        0x2 
 .text.HAL_PCD_MspInit
                0x000000000800d408       0xa8 ./USB_DEVICE/Target/usbd_conf.o
                0x000000000800d408                HAL_PCD_MspInit
 .text.HAL_PCD_SetupStageCallback
                0x000000000800d4b0       0x24 ./USB_DEVICE/Target/usbd_conf.o
                0x000000000800d4b0                HAL_PCD_SetupStageCallback
 .text.HAL_PCD_DataOutStageCallback
                0x000000000800d4d4       0x36 ./USB_DEVICE/Target/usbd_conf.o
                0x000000000800d4d4                HAL_PCD_DataOutStageCallback
 .text.HAL_PCD_DataInStageCallback
                0x000000000800d50a       0x34 ./USB_DEVICE/Target/usbd_conf.o
                0x000000000800d50a                HAL_PCD_DataInStageCallback
 .text.HAL_PCD_SOFCallback
                0x000000000800d53e       0x1c ./USB_DEVICE/Target/usbd_conf.o
                0x000000000800d53e                HAL_PCD_SOFCallback
 .text.HAL_PCD_ResetCallback
                0x000000000800d55a       0x3c ./USB_DEVICE/Target/usbd_conf.o
                0x000000000800d55a                HAL_PCD_ResetCallback
 *fill*         0x000000000800d596        0x2 
 .text.HAL_PCD_SuspendCallback
                0x000000000800d598       0x4c ./USB_DEVICE/Target/usbd_conf.o
                0x000000000800d598                HAL_PCD_SuspendCallback
 .text.HAL_PCD_ResumeCallback
                0x000000000800d5e4       0x1c ./USB_DEVICE/Target/usbd_conf.o
                0x000000000800d5e4                HAL_PCD_ResumeCallback
 .text.HAL_PCD_ISOOUTIncompleteCallback
                0x000000000800d600       0x24 ./USB_DEVICE/Target/usbd_conf.o
                0x000000000800d600                HAL_PCD_ISOOUTIncompleteCallback
 .text.HAL_PCD_ISOINIncompleteCallback
                0x000000000800d624       0x24 ./USB_DEVICE/Target/usbd_conf.o
                0x000000000800d624                HAL_PCD_ISOINIncompleteCallback
 .text.HAL_PCD_ConnectCallback
                0x000000000800d648       0x1c ./USB_DEVICE/Target/usbd_conf.o
                0x000000000800d648                HAL_PCD_ConnectCallback
 .text.HAL_PCD_DisconnectCallback
                0x000000000800d664       0x1c ./USB_DEVICE/Target/usbd_conf.o
                0x000000000800d664                HAL_PCD_DisconnectCallback
 .text.USBD_LL_Init
                0x000000000800d680       0x98 ./USB_DEVICE/Target/usbd_conf.o
                0x000000000800d680                USBD_LL_Init
 .text.USBD_LL_Start
                0x000000000800d718       0x36 ./USB_DEVICE/Target/usbd_conf.o
                0x000000000800d718                USBD_LL_Start
 .text.USBD_LL_OpenEP
                0x000000000800d74e       0x4c ./USB_DEVICE/Target/usbd_conf.o
                0x000000000800d74e                USBD_LL_OpenEP
 .text.USBD_LL_CloseEP
                0x000000000800d79a       0x3e ./USB_DEVICE/Target/usbd_conf.o
                0x000000000800d79a                USBD_LL_CloseEP
 .text.USBD_LL_StallEP
                0x000000000800d7d8       0x3e ./USB_DEVICE/Target/usbd_conf.o
                0x000000000800d7d8                USBD_LL_StallEP
 .text.USBD_LL_ClearStallEP
                0x000000000800d816       0x3e ./USB_DEVICE/Target/usbd_conf.o
                0x000000000800d816                USBD_LL_ClearStallEP
 .text.USBD_LL_IsStallEP
                0x000000000800d854       0x58 ./USB_DEVICE/Target/usbd_conf.o
                0x000000000800d854                USBD_LL_IsStallEP
 .text.USBD_LL_SetUSBAddress
                0x000000000800d8ac       0x3e ./USB_DEVICE/Target/usbd_conf.o
                0x000000000800d8ac                USBD_LL_SetUSBAddress
 .text.USBD_LL_Transmit
                0x000000000800d8ea       0x42 ./USB_DEVICE/Target/usbd_conf.o
                0x000000000800d8ea                USBD_LL_Transmit
 .text.USBD_LL_PrepareReceive
                0x000000000800d92c       0x42 ./USB_DEVICE/Target/usbd_conf.o
                0x000000000800d92c                USBD_LL_PrepareReceive
 .text.USBD_LL_GetRxDataSize
                0x000000000800d96e       0x26 ./USB_DEVICE/Target/usbd_conf.o
                0x000000000800d96e                USBD_LL_GetRxDataSize
 .text.USBD_static_malloc
                0x000000000800d994       0x1c ./USB_DEVICE/Target/usbd_conf.o
                0x000000000800d994                USBD_static_malloc
 .text.USBD_static_free
                0x000000000800d9b0       0x14 ./USB_DEVICE/Target/usbd_conf.o
                0x000000000800d9b0                USBD_static_free
 .text.USBD_Get_USB_Status
                0x000000000800d9c4       0x58 ./USB_DEVICE/Target/usbd_conf.o
                0x000000000800d9c4                USBD_Get_USB_Status
 .text.__errno  0x000000000800da1c        0xc c:/st/stm32cubeide_1.10.1/stm32cubeide/plugins/com.st.stm32cube.ide.mcu.externaltools.gnu-tools-for-stm32.10.3-2021.10.win32_1.0.0.202111181127/tools/bin/../lib/gcc/arm-none-eabi/10.3.1/../../../../arm-none-eabi/lib/thumb/v7e-m+fp/hard\libc_nano.a(lib_a-errno.o)
                0x000000000800da1c                __errno
 .text.__libc_init_array
                0x000000000800da28       0x48 c:/st/stm32cubeide_1.10.1/stm32cubeide/plugins/com.st.stm32cube.ide.mcu.externaltools.gnu-tools-for-stm32.10.3-2021.10.win32_1.0.0.202111181127/tools/bin/../lib/gcc/arm-none-eabi/10.3.1/../../../../arm-none-eabi/lib/thumb/v7e-m+fp/hard\libc_nano.a(lib_a-init.o)
                0x000000000800da28                __libc_init_array
 .text.memcmp   0x000000000800da70       0x20 c:/st/stm32cubeide_1.10.1/stm32cubeide/plugins/com.st.stm32cube.ide.mcu.externaltools.gnu-tools-for-stm32.10.3-2021.10.win32_1.0.0.202111181127/tools/bin/../lib/gcc/arm-none-eabi/10.3.1/../../../../arm-none-eabi/lib/thumb/v7e-m+fp/hard\libc_nano.a(lib_a-memcmp.o)
                0x000000000800da70                memcmp
 .text.memcpy   0x000000000800da90       0x1c c:/st/stm32cubeide_1.10.1/stm32cubeide/plugins/com.st.stm32cube.ide.mcu.externaltools.gnu-tools-for-stm32.10.3-2021.10.win32_1.0.0.202111181127/tools/bin/../lib/gcc/arm-none-eabi/10.3.1/../../../../arm-none-eabi/lib/thumb/v7e-m+fp/hard\libc_nano.a(lib_a-memcpy-stub.o)
                0x000000000800da90                memcpy
 .text.memset   0x000000000800daac       0x10 c:/st/stm32cubeide_1.10.1/stm32cubeide/plugins/com.st.stm32cube.ide.mcu.externaltools.gnu-tools-for-stm32.10.3-2021.10.win32_1.0.0.202111181127/tools/bin/../lib/gcc/arm-none-eabi/10.3.1/../../../../arm-none-eabi/lib/thumb/v7e-m+fp/hard\libc_nano.a(lib_a-memset.o)
                0x000000000800daac                memset
 .text.snprintf
                0x000000000800dabc       0x68 c:/st/stm32cubeide_1.10.1/stm32cubeide/plugins/com.st.stm32cube.ide.mcu.externaltools.gnu-tools-for-stm32.10.3-2021.10.win32_1.0.0.202111181127/tools/bin/../lib/gcc/arm-none-eabi/10.3.1/../../../../arm-none-eabi/lib/thumb/v7e-m+fp/hard\libc_nano.a(lib_a-snprintf.o)
                0x000000000800dabc                sniprintf
                0x000000000800dabc                snprintf
 .text.__ssputs_r
                0x000000000800db24       0xb6 c:/st/stm32cubeide_1.10.1/stm32cubeide/plugins/com.st.stm32cube.ide.mcu.externaltools.gnu-tools-for-stm32.10.3-2021.10.win32_1.0.0.202111181127/tools/bin/../lib/gcc/arm-none-eabi/10.3.1/../../../../arm-none-eabi/lib/thumb/v7e-m+fp/hard\libc_nano.a(lib_a-nano-svfprintf.o)
                0x000000000800db24                __ssputs_r
 *fill*         0x000000000800dbda        0x2 
 .text._svfprintf_r
                0x000000000800dbdc      0x200 c:/st/stm32cubeide_1.10.1/stm32cubeide/plugins/com.st.stm32cube.ide.mcu.externaltools.gnu-tools-for-stm32.10.3-2021.10.win32_1.0.0.202111181127/tools/bin/../lib/gcc/arm-none-eabi/10.3.1/../../../../arm-none-eabi/lib/thumb/v7e-m+fp/hard\libc_nano.a(lib_a-nano-svfprintf.o)
                0x000000000800dbdc                _svfiprintf_r
                0x000000000800dbdc                _svfprintf_r
 .text._printf_common
                0x000000000800dddc       0xda c:/st/stm32cubeide_1.10.1/stm32cubeide/plugins/com.st.stm32cube.ide.mcu.externaltools.gnu-tools-for-stm32.10.3-2021.10.win32_1.0.0.202111181127/tools/bin/../lib/gcc/arm-none-eabi/10.3.1/../../../../arm-none-eabi/lib/thumb/v7e-m+fp/hard\libc_nano.a(lib_a-nano-vfprintf_i.o)
                0x000000000800dddc                _printf_common
 *fill*         0x000000000800deb6        0x2 
 .text._printf_i
                0x000000000800deb8      0x24c c:/st/stm32cubeide_1.10.1/stm32cubeide/plugins/com.st.stm32cube.ide.mcu.externaltools.gnu-tools-for-stm32.10.3-2021.10.win32_1.0.0.202111181127/tools/bin/../lib/gcc/arm-none-eabi/10.3.1/../../../../arm-none-eabi/lib/thumb/v7e-m+fp/hard\libc_nano.a(lib_a-nano-vfprintf_i.o)
                0x000000000800deb8                _printf_i
 .text.memmove  0x000000000800e104       0x34 c:/st/stm32cubeide_1.10.1/stm32cubeide/plugins/com.st.stm32cube.ide.mcu.externaltools.gnu-tools-for-stm32.10.3-2021.10.win32_1.0.0.202111181127/tools/bin/../lib/gcc/arm-none-eabi/10.3.1/../../../../arm-none-eabi/lib/thumb/v7e-m+fp/hard\libc_nano.a(lib_a-memmove.o)
                0x000000000800e104                memmove
 .text._free_r  0x000000000800e138       0x98 c:/st/stm32cubeide_1.10.1/stm32cubeide/plugins/com.st.stm32cube.ide.mcu.externaltools.gnu-tools-for-stm32.10.3-2021.10.win32_1.0.0.202111181127/tools/bin/../lib/gcc/arm-none-eabi/10.3.1/../../../../arm-none-eabi/lib/thumb/v7e-m+fp/hard\libc_nano.a(lib_a-nano-freer.o)
                0x000000000800e138                _free_r
 .text.sbrk_aligned
                0x000000000800e1d0       0x40 c:/st/stm32cubeide_1.10.1/stm32cubeide/plugins/com.st.stm32cube.ide.mcu.externaltools.gnu-tools-for-stm32.10.3-2021.10.win32_1.0.0.202111181127/tools/bin/../lib/gcc/arm-none-eabi/10.3.1/../../../../arm-none-eabi/lib/thumb/v7e-m+fp/hard\libc_nano.a(lib_a-nano-mallocr.o)
 .text._malloc_r
                0x000000000800e210       0xe8 c:/st/stm32cubeide_1.10.1/stm32cubeide/plugins/com.st.stm32cube.ide.mcu.externaltools.gnu-tools-for-stm32.10.3-2021.10.win32_1.0.0.202111181127/tools/bin/../lib/gcc/arm-none-eabi/10.3.1/../../../../arm-none-eabi/lib/thumb/v7e-m+fp/hard\libc_nano.a(lib_a-nano-mallocr.o)
                0x000000000800e210                _malloc_r
 .text._realloc_r
                0x000000000800e2f8       0x5e c:/st/stm32cubeide_1.10.1/stm32cubeide/plugins/com.st.stm32cube.ide.mcu.externaltools.gnu-tools-for-stm32.10.3-2021.10.win32_1.0.0.202111181127/tools/bin/../lib/gcc/arm-none-eabi/10.3.1/../../../../arm-none-eabi/lib/thumb/v7e-m+fp/hard\libc_nano.a(lib_a-nano-reallocr.o)
                0x000000000800e2f8                _realloc_r
 *fill*         0x000000000800e356        0x2 
 .text._sbrk_r  0x000000000800e358       0x20 c:/st/stm32cubeide_1.10.1/stm32cubeide/plugins/com.st.stm32cube.ide.mcu.externaltools.gnu-tools-for-stm32.10.3-2021.10.win32_1.0.0.202111181127/tools/bin/../lib/gcc/arm-none-eabi/10.3.1/../../../../arm-none-eabi/lib/thumb/v7e-m+fp/hard\libc_nano.a(lib_a-sbrkr.o)
                0x000000000800e358                _sbrk_r
 .text.__malloc_lock
                0x000000000800e378        0xc c:/st/stm32cubeide_1.10.1/stm32cubeide/plugins/com.st.stm32cube.ide.mcu.externaltools.gnu-tools-for-stm32.10.3-2021.10.win32_1.0.0.202111181127/tools/bin/../lib/gcc/arm-none-eabi/10.3.1/../../../../arm-none-eabi/lib/thumb/v7e-m+fp/hard\libc_nano.a(lib_a-mlock.o)
                0x000000000800e378                __malloc_lock
 .text.__malloc_unlock
                0x000000000800e384        0xc c:/st/stm32cubeide_1.10.1/stm32cubeide/plugins/com.st.stm32cube.ide.mcu.externaltools.gnu-tools-for-stm32.10.3-2021.10.win32_1.0.0.202111181127/tools/bin/../lib/gcc/arm-none-eabi/10.3.1/../../../../arm-none-eabi/lib/thumb/v7e-m+fp/hard\libc_nano.a(lib_a-mlock.o)
                0x000000000800e384                __malloc_unlock
 .text._malloc_usable_size_r
                0x000000000800e390       0x10 c:/st/stm32cubeide_1.10.1/stm32cubeide/plugins/com.st.stm32cube.ide.mcu.externaltools.gnu-tools-for-stm32.10.3-2021.10.win32_1.0.0.202111181127/tools/bin/../lib/gcc/arm-none-eabi/10.3.1/../../../../arm-none-eabi/lib/thumb/v7e-m+fp/hard\libc_nano.a(lib_a-nano-msizer.o)
                0x000000000800e390                _malloc_usable_size_r
 .text.__retarget_lock_acquire_recursive
                0x000000000800e3a0        0x2 c:/st/stm32cubeide_1.10.1/stm32cubeide/plugins/com.st.stm32cube.ide.mcu.externaltools.gnu-tools-for-stm32.10.3-2021.10.win32_1.0.0.202111181127/tools/bin/../lib/gcc/arm-none-eabi/10.3.1/../../../../arm-none-eabi/lib/thumb/v7e-m+fp/hard\libc_nano.a(lib_a-lock.o)
                0x000000000800e3a0                __retarget_lock_acquire_recursive
 .text.__retarget_lock_release_recursive
                0x000000000800e3a2        0x2 c:/st/stm32cubeide_1.10.1/stm32cubeide/plugins/com.st.stm32cube.ide.mcu.externaltools.gnu-tools-for-stm32.10.3-2021.10.win32_1.0.0.202111181127/tools/bin/../lib/gcc/arm-none-eabi/10.3.1/../../../../arm-none-eabi/lib/thumb/v7e-m+fp/hard\libc_nano.a(lib_a-lock.o)
                0x000000000800e3a2                __retarget_lock_release_recursive
 *(.glue_7)
 .glue_7        0x000000000800e3a4        0x0 linker stubs
 *(.glue_7t)
 .glue_7t       0x000000000800e3a4        0x0 linker stubs
 *(.eh_frame)
 .eh_frame      0x000000000800e3a4        0x0 c:/st/stm32cubeide_1.10.1/stm32cubeide/plugins/com.st.stm32cube.ide.mcu.externaltools.gnu-tools-for-stm32.10.3-2021.10.win32_1.0.0.202111181127/tools/bin/../lib/gcc/arm-none-eabi/10.3.1/thumb/v7e-m+fp/hard/crtbegin.o
 *(.init)
 .init          0x000000000800e3a4        0x4 c:/st/stm32cubeide_1.10.1/stm32cubeide/plugins/com.st.stm32cube.ide.mcu.externaltools.gnu-tools-for-stm32.10.3-2021.10.win32_1.0.0.202111181127/tools/bin/../lib/gcc/arm-none-eabi/10.3.1/thumb/v7e-m+fp/hard/crti.o
                0x000000000800e3a4                _init
 .init          0x000000000800e3a8        0x8 c:/st/stm32cubeide_1.10.1/stm32cubeide/plugins/com.st.stm32cube.ide.mcu.externaltools.gnu-tools-for-stm32.10.3-2021.10.win32_1.0.0.202111181127/tools/bin/../lib/gcc/arm-none-eabi/10.3.1/thumb/v7e-m+fp/hard/crtn.o
 *(.fini)
 .fini          0x000000000800e3b0        0x4 c:/st/stm32cubeide_1.10.1/stm32cubeide/plugins/com.st.stm32cube.ide.mcu.externaltools.gnu-tools-for-stm32.10.3-2021.10.win32_1.0.0.202111181127/tools/bin/../lib/gcc/arm-none-eabi/10.3.1/thumb/v7e-m+fp/hard/crti.o
                0x000000000800e3b0                _fini
 .fini          0x000000000800e3b4        0x8 c:/st/stm32cubeide_1.10.1/stm32cubeide/plugins/com.st.stm32cube.ide.mcu.externaltools.gnu-tools-for-stm32.10.3-2021.10.win32_1.0.0.202111181127/tools/bin/../lib/gcc/arm-none-eabi/10.3.1/thumb/v7e-m+fp/hard/crtn.o
                0x000000000800e3bc                . = ALIGN (0x4)
                0x000000000800e3bc                _etext = .

.vfp11_veneer   0x000000000800e3bc        0x0
 .vfp11_veneer  0x000000000800e3bc        0x0 linker stubs

.v4_bx          0x000000000800e3bc        0x0
 .v4_bx         0x000000000800e3bc        0x0 linker stubs

.iplt           0x000000000800e3bc        0x0
 .iplt          0x000000000800e3bc        0x0 c:/st/stm32cubeide_1.10.1/stm32cubeide/plugins/com.st.stm32cube.ide.mcu.externaltools.gnu-tools-for-stm32.10.3-2021.10.win32_1.0.0.202111181127/tools/bin/../lib/gcc/arm-none-eabi/10.3.1/thumb/v7e-m+fp/hard/crtbegin.o

.rodata         0x000000000800e3bc      0x1f0
                0x000000000800e3bc                . = ALIGN (0x4)
 *(.rodata)
 .rodata        0x000000000800e3bc       0x4b ./Core/Src/main.o
 *fill*         0x000000000800e407        0x1 
 .rodata        0x000000000800e408        0x5 ./FreeRTOS/tasks.o
 *fill*         0x000000000800e40d        0x3 
 .rodata        0x000000000800e410        0xd ./FreeRTOS/timers.o
 *fill*         0x000000000800e41d        0x3 
 .rodata        0x000000000800e420       0x51 ./SEGGER/Config/SEGGER_SYSVIEW_Config_FreeRTOS.o
 *fill*         0x000000000800e471        0x3 
 .rodata        0x000000000800e474       0x58 ./SEGGER/OS/SEGGER_SYSVIEW_FreeRTOS.o
 .rodata        0x000000000800e4cc        0x9 ./SEGGER/SEGGER/SEGGER_RTT.o
 *fill*         0x000000000800e4d5        0x3 
 .rodata        0x000000000800e4d8        0x8 ./SEGGER/SEGGER/SEGGER_SYSVIEW.o
 .rodata        0x000000000800e4e0       0x46 ./USB_DEVICE/App/usbd_desc.o
 *(.rodata*)
 *fill*         0x000000000800e526        0x2 
 .rodata.AHBPrescTable
                0x000000000800e528       0x10 ./Core/Src/system_stm32f4xx.o
                0x000000000800e528                AHBPrescTable
 .rodata.APBPrescTable
                0x000000000800e538        0x8 ./Core/Src/system_stm32f4xx.o
                0x000000000800e538                APBPrescTable
 .rodata.SYSVIEW_X_OS_TraceAPI
                0x000000000800e540        0x8 ./SEGGER/OS/SEGGER_SYSVIEW_FreeRTOS.o
                0x000000000800e540                SYSVIEW_X_OS_TraceAPI
 .rodata._aInitStr.0
                0x000000000800e548       0x11 ./SEGGER/SEGGER/SEGGER_RTT.o
 *fill*         0x000000000800e559        0x3 
 .rodata._abSync
                0x000000000800e55c        0xa ./SEGGER/SEGGER/SEGGER_SYSVIEW.o
 *fill*         0x000000000800e566        0x2 
 .rodata._aV2C.0
                0x000000000800e568       0x10 ./SEGGER/SEGGER/SEGGER_SYSVIEW.o
 .rodata._svfprintf_r.str1.1
                0x000000000800e578       0x11 c:/st/stm32cubeide_1.10.1/stm32cubeide/plugins/com.st.stm32cube.ide.mcu.externaltools.gnu-tools-for-stm32.10.3-2021.10.win32_1.0.0.202111181127/tools/bin/../lib/gcc/arm-none-eabi/10.3.1/../../../../arm-none-eabi/lib/thumb/v7e-m+fp/hard\libc_nano.a(lib_a-nano-svfprintf.o)
 .rodata._printf_i.str1.1
                0x000000000800e589       0x22 c:/st/stm32cubeide_1.10.1/stm32cubeide/plugins/com.st.stm32cube.ide.mcu.externaltools.gnu-tools-for-stm32.10.3-2021.10.win32_1.0.0.202111181127/tools/bin/../lib/gcc/arm-none-eabi/10.3.1/../../../../arm-none-eabi/lib/thumb/v7e-m+fp/hard\libc_nano.a(lib_a-nano-vfprintf_i.o)
                0x000000000800e5ac                . = ALIGN (0x4)
 *fill*         0x000000000800e5ab        0x1 

.ARM.extab      0x000000000800e5ac        0x0
                0x000000000800e5ac                . = ALIGN (0x4)
 *(.ARM.extab* .gnu.linkonce.armextab.*)
                0x000000000800e5ac                . = ALIGN (0x4)

.ARM            0x000000000800e5ac        0x8
                0x000000000800e5ac                . = ALIGN (0x4)
                0x000000000800e5ac                __exidx_start = .
 *(.ARM.exidx*)
 .ARM.exidx     0x000000000800e5ac        0x8 c:/st/stm32cubeide_1.10.1/stm32cubeide/plugins/com.st.stm32cube.ide.mcu.externaltools.gnu-tools-for-stm32.10.3-2021.10.win32_1.0.0.202111181127/tools/bin/../lib/gcc/arm-none-eabi/10.3.1/thumb/v7e-m+fp/hard\libgcc.a(_udivmoddi4.o)
                0x000000000800e5b4                __exidx_end = .
                0x000000000800e5b4                . = ALIGN (0x4)

.rel.dyn        0x000000000800e5b4        0x0
 .rel.iplt      0x000000000800e5b4        0x0 c:/st/stm32cubeide_1.10.1/stm32cubeide/plugins/com.st.stm32cube.ide.mcu.externaltools.gnu-tools-for-stm32.10.3-2021.10.win32_1.0.0.202111181127/tools/bin/../lib/gcc/arm-none-eabi/10.3.1/thumb/v7e-m+fp/hard/crtbegin.o

.preinit_array  0x000000000800e5b4        0x0
                0x000000000800e5b4                . = ALIGN (0x4)
                0x000000000800e5b4                PROVIDE (__preinit_array_start = .)
 *(.preinit_array*)
                0x000000000800e5b4                PROVIDE (__preinit_array_end = .)
                0x000000000800e5b4                . = ALIGN (0x4)

.init_array     0x000000000800e5b4        0x4
                0x000000000800e5b4                . = ALIGN (0x4)
                0x000000000800e5b4                PROVIDE (__init_array_start = .)
 *(SORT_BY_NAME(.init_array.*))
 *(.init_array*)
 .init_array    0x000000000800e5b4        0x4 c:/st/stm32cubeide_1.10.1/stm32cubeide/plugins/com.st.stm32cube.ide.mcu.externaltools.gnu-tools-for-stm32.10.3-2021.10.win32_1.0.0.202111181127/tools/bin/../lib/gcc/arm-none-eabi/10.3.1/thumb/v7e-m+fp/hard/crtbegin.o
                0x000000000800e5b8                PROVIDE (__init_array_end = .)
                0x000000000800e5b8                . = ALIGN (0x4)

.fini_array     0x000000000800e5b8        0x4
                0x000000000800e5b8                . = ALIGN (0x4)
                [!provide]                        PROVIDE (__fini_array_start = .)
 *(SORT_BY_NAME(.fini_array.*))
 *(.fini_array*)
 .fini_array    0x000000000800e5b8        0x4 c:/st/stm32cubeide_1.10.1/stm32cubeide/plugins/com.st.stm32cube.ide.mcu.externaltools.gnu-tools-for-stm32.10.3-2021.10.win32_1.0.0.202111181127/tools/bin/../lib/gcc/arm-none-eabi/10.3.1/thumb/v7e-m+fp/hard/crtbegin.o
                [!provide]                        PROVIDE (__fini_array_end = .)
                0x000000000800e5bc                . = ALIGN (0x4)
                0x000000000800e5bc                _sidata = LOADADDR (.data)

.data           0x0000000020000000      0x168 load address 0x000000000800e5bc
                0x0000000020000000                . = ALIGN (0x4)
                0x0000000020000000                _sdata = .
 *(.data)
 *(.data*)
 .data.SystemCoreClock
                0x0000000020000000        0x4 ./Core/Src/system_stm32f4xx.o
                0x0000000020000000                SystemCoreClock
 .data.uwTickPrio
                0x0000000020000004        0x4 ./Drivers/STM32F4xx_HAL_Driver/Src/stm32f4xx_hal.o
                0x0000000020000004                uwTickPrio
 .data.uwTickFreq
                0x0000000020000008        0x1 ./Drivers/STM32F4xx_HAL_Driver/Src/stm32f4xx_hal.o
                0x0000000020000008                uwTickFreq
 *fill*         0x0000000020000009        0x3 
 .data.uxTopUsedPriority
                0x000000002000000c        0x4 ./FreeRTOS/tasks.o
                0x000000002000000c                uxTopUsedPriority
 .data.uxCriticalNesting
                0x0000000020000010        0x4 ./FreeRTOS/portable/GCC/ARM_CM4F/port.o
 .data.USBD_CDC_DeviceQualifierDesc
                0x0000000020000014        0xa ./Middlewares/ST/STM32_USB_Device_Library/Class/CDC/Src/usbd_cdc.o
 *fill*         0x000000002000001e        0x2 
 .data.USBD_CDC
                0x0000000020000020       0x38 ./Middlewares/ST/STM32_USB_Device_Library/Class/CDC/Src/usbd_cdc.o
                0x0000000020000020                USBD_CDC
 .data.USBD_CDC_CfgDesc
                0x0000000020000058       0x43 ./Middlewares/ST/STM32_USB_Device_Library/Class/CDC/Src/usbd_cdc.o
 .data.CDCInEpAdd
                0x000000002000009b        0x1 ./Middlewares/ST/STM32_USB_Device_Library/Class/CDC/Src/usbd_cdc.o
 .data.CDCOutEpAdd
                0x000000002000009c        0x1 ./Middlewares/ST/STM32_USB_Device_Library/Class/CDC/Src/usbd_cdc.o
 .data.CDCCmdEpAdd
                0x000000002000009d        0x1 ./Middlewares/ST/STM32_USB_Device_Library/Class/CDC/Src/usbd_cdc.o
 *fill*         0x000000002000009e        0x2 
 .data.USBD_Interface_fops_FS
                0x00000000200000a0       0x14 ./USB_DEVICE/App/usbd_cdc_if.o
                0x00000000200000a0                USBD_Interface_fops_FS
 .data.FS_Desc  0x00000000200000b4       0x1c ./USB_DEVICE/App/usbd_desc.o
                0x00000000200000b4                FS_Desc
 .data.USBD_FS_DeviceDesc
                0x00000000200000d0       0x12 ./USB_DEVICE/App/usbd_desc.o
                0x00000000200000d0                USBD_FS_DeviceDesc
 *fill*         0x00000000200000e2        0x2 
 .data.USBD_LangIDDesc
                0x00000000200000e4        0x4 ./USB_DEVICE/App/usbd_desc.o
                0x00000000200000e4                USBD_LangIDDesc
 .data.USBD_StringSerial
                0x00000000200000e8       0x1a ./USB_DEVICE/App/usbd_desc.o
                0x00000000200000e8                USBD_StringSerial
 *fill*         0x0000000020000102        0x2 
 .data._impure_ptr
                0x0000000020000104        0x4 c:/st/stm32cubeide_1.10.1/stm32cubeide/plugins/com.st.stm32cube.ide.mcu.externaltools.gnu-tools-for-stm32.10.3-2021.10.win32_1.0.0.202111181127/tools/bin/../lib/gcc/arm-none-eabi/10.3.1/../../../../arm-none-eabi/lib/thumb/v7e-m+fp/hard\libc_nano.a(lib_a-impure.o)
                0x0000000020000104                _impure_ptr
 .data.impure_data
                0x0000000020000108       0x60 c:/st/stm32cubeide_1.10.1/stm32cubeide/plugins/com.st.stm32cube.ide.mcu.externaltools.gnu-tools-for-stm32.10.3-2021.10.win32_1.0.0.202111181127/tools/bin/../lib/gcc/arm-none-eabi/10.3.1/../../../../arm-none-eabi/lib/thumb/v7e-m+fp/hard\libc_nano.a(lib_a-impure.o)
 *(.RamFunc)
 *(.RamFunc*)
                0x0000000020000168                . = ALIGN (0x4)
                0x0000000020000168                _edata = .

.igot.plt       0x0000000020000168        0x0 load address 0x000000000800e724
 .igot.plt      0x0000000020000168        0x0 c:/st/stm32cubeide_1.10.1/stm32cubeide/plugins/com.st.stm32cube.ide.mcu.externaltools.gnu-tools-for-stm32.10.3-2021.10.win32_1.0.0.202111181127/tools/bin/../lib/gcc/arm-none-eabi/10.3.1/thumb/v7e-m+fp/hard/crtbegin.o
                0x0000000020000168                . = ALIGN (0x4)

.bss            0x0000000020000168     0xae04 load address 0x000000000800e724
                0x0000000020000168                _sbss = .
                0x0000000020000168                __bss_start__ = _sbss
 *(.bss)
 .bss           0x0000000020000168       0x1c c:/st/stm32cubeide_1.10.1/stm32cubeide/plugins/com.st.stm32cube.ide.mcu.externaltools.gnu-tools-for-stm32.10.3-2021.10.win32_1.0.0.202111181127/tools/bin/../lib/gcc/arm-none-eabi/10.3.1/thumb/v7e-m+fp/hard/crtbegin.o
 *(.bss*)
 .bss.hadc1     0x0000000020000184       0x48 ./Core/Src/adc.o
                0x0000000020000184                hadc1
 .bss.hi2c1     0x00000000200001cc       0x54 ./Core/Src/i2c.o
                0x00000000200001cc                hi2c1
 .bss.task1_handle
                0x0000000020000220        0x4 ./Core/Src/main.o
                0x0000000020000220                task1_handle
 .bss.task2_handle
                0x0000000020000224        0x4 ./Core/Src/main.o
                0x0000000020000224                task2_handle
 .bss.status    0x0000000020000228        0x4 ./Core/Src/main.o
                0x0000000020000228                status
 .bss.hspi1     0x000000002000022c       0x58 ./Core/Src/spi.o
                0x000000002000022c                hspi1
 .bss.htim1     0x0000000020000284       0x48 ./Core/Src/stm32f4xx_hal_timebase_tim.o
                0x0000000020000284                htim1
 .bss.__sbrk_heap_end
                0x00000000200002cc        0x4 ./Core/Src/sysmem.o
 .bss.htim2     0x00000000200002d0       0x48 ./Core/Src/tim.o
                0x00000000200002d0                htim2
 .bss.huart1    0x0000000020000318       0x44 ./Core/Src/usart.o
                0x0000000020000318                huart1
 .bss.uwTick    0x000000002000035c        0x4 ./Drivers/STM32F4xx_HAL_Driver/Src/stm32f4xx_hal.o
                0x000000002000035c                uwTick
 .bss.xQueueRegistry
                0x0000000020000360       0x40 ./FreeRTOS/queue.o
                0x0000000020000360                xQueueRegistry
 .bss.pxCurrentTCB
                0x00000000200003a0        0x4 ./FreeRTOS/tasks.o
                0x00000000200003a0                pxCurrentTCB
 .bss.pxReadyTasksLists
                0x00000000200003a4       0x64 ./FreeRTOS/tasks.o
 .bss.xDelayedTaskList1
                0x0000000020000408       0x14 ./FreeRTOS/tasks.o
 .bss.xDelayedTaskList2
                0x000000002000041c       0x14 ./FreeRTOS/tasks.o
 .bss.pxDelayedTaskList
                0x0000000020000430        0x4 ./FreeRTOS/tasks.o
 .bss.pxOverflowDelayedTaskList
                0x0000000020000434        0x4 ./FreeRTOS/tasks.o
 .bss.xPendingReadyList