Archive member included to satisfy reference by file (symbol)

c:/st/stm32cubeide_1.10.1/stm32cubeide/plugins/com.st.stm32cube.ide.mcu.externaltools.gnu-tools-for-stm32.10.3-2021.10.win32_1.0.0.202111181127/tools/bin/../lib/gcc/arm-none-eabi/10.3.1/../../../../arm-none-eabi/lib/thumb/v7e-m+fp/hard\libc_nano.a(lib_a-errno.o)
                              ./Core/Src/syscalls.o (__errno)
c:/st/stm32cubeide_1.10.1/stm32cubeide/plugins/com.st.stm32cube.ide.mcu.externaltools.gnu-tools-for-stm32.10.3-2021.10.win32_1.0.0.202111181127/tools/bin/../lib/gcc/arm-none-eabi/10.3.1/../../../../arm-none-eabi/lib/thumb/v7e-m+fp/hard\libc_nano.a(lib_a-exit.o)
                              c:/st/stm32cubeide_1.10.1/stm32cubeide/plugins/com.st.stm32cube.ide.mcu.externaltools.gnu-tools-for-stm32.10.3-2021.10.win32_1.0.0.202111181127/tools/bin/../lib/gcc/arm-none-eabi/10.3.1/../../../../arm-none-eabi/lib/thumb/v7e-m+fp/hard/crt0.o (exit)
c:/st/stm32cubeide_1.10.1/stm32cubeide/plugins/com.st.stm32cube.ide.mcu.externaltools.gnu-tools-for-stm32.10.3-2021.10.win32_1.0.0.202111181127/tools/bin/../lib/gcc/arm-none-eabi/10.3.1/../../../../arm-none-eabi/lib/thumb/v7e-m+fp/hard\libc_nano.a(lib_a-impure.o)
                              c:/st/stm32cubeide_1.10.1/stm32cubeide/plugins/com.st.stm32cube.ide.mcu.externaltools.gnu-tools-for-stm32.10.3-2021.10.win32_1.0.0.202111181127/tools/bin/../lib/gcc/arm-none-eabi/10.3.1/../../../../arm-none-eabi/lib/thumb/v7e-m+fp/hard\libc_nano.a(lib_a-exit.o) (_global_impure_ptr)
c:/st/stm32cubeide_1.10.1/stm32cubeide/plugins/com.st.stm32cube.ide.mcu.externaltools.gnu-tools-for-stm32.10.3-2021.10.win32_1.0.0.202111181127/tools/bin/../lib/gcc/arm-none-eabi/10.3.1/../../../../arm-none-eabi/lib/thumb/v7e-m+fp/hard\libc_nano.a(lib_a-init.o)
                              c:/st/stm32cubeide_1.10.1/stm32cubeide/plugins/com.st.stm32cube.ide.mcu.externaltools.gnu-tools-for-stm32.10.3-2021.10.win32_1.0.0.202111181127/tools/bin/../lib/gcc/arm-none-eabi/10.3.1/../../../../arm-none-eabi/lib/thumb/v7e-m+fp/hard/crt0.o (__libc_init_array)
c:/st/stm32cubeide_1.10.1/stm32cubeide/plugins/com.st.stm32cube.ide.mcu.externaltools.gnu-tools-for-stm32.10.3-2021.10.win32_1.0.0.202111181127/tools/bin/../lib/gcc/arm-none-eabi/10.3.1/../../../../arm-none-eabi/lib/thumb/v7e-m+fp/hard\libc_nano.a(lib_a-memcmp.o)
                              ./SEGGER/OS/SEGGER_SYSVIEW_FreeRTOS.o (memcmp)
c:/st/stm32cubeide_1.10.1/stm32cubeide/plugins/com.st.stm32cube.ide.mcu.externaltools.gnu-tools-for-stm32.10.3-2021.10.win32_1.0.0.202111181127/tools/bin/../lib/gcc/arm-none-eabi/10.3.1/../../../../arm-none-eabi/lib/thumb/v7e-m+fp/hard\libc_nano.a(lib_a-memcpy-stub.o)
                              ./FreeRTOS/queue.o (memcpy)
c:/st/stm32cubeide_1.10.1/stm32cubeide/plugins/com.st.stm32cube.ide.mcu.externaltools.gnu-tools-for-stm32.10.3-2021.10.win32_1.0.0.202111181127/tools/bin/../lib/gcc/arm-none-eabi/10.3.1/../../../../arm-none-eabi/lib/thumb/v7e-m+fp/hard\libc_nano.a(lib_a-memset.o)
                              c:/st/stm32cubeide_1.10.1/stm32cubeide/plugins/com.st.stm32cube.ide.mcu.externaltools.gnu-tools-for-stm32.10.3-2021.10.win32_1.0.0.202111181127/tools/bin/../lib/gcc/arm-none-eabi/10.3.1/../../../../arm-none-eabi/lib/thumb/v7e-m+fp/hard/crt0.o (memset)
c:/st/stm32cubeide_1.10.1/stm32cubeide/plugins/com.st.stm32cube.ide.mcu.externaltools.gnu-tools-for-stm32.10.3-2021.10.win32_1.0.0.202111181127/tools/bin/../lib/gcc/arm-none-eabi/10.3.1/../../../../arm-none-eabi/lib/thumb/v7e-m+fp/hard\libc_nano.a(lib_a-snprintf.o)
                              ./Core/Src/main.o (snprintf)
c:/st/stm32cubeide_1.10.1/stm32cubeide/plugins/com.st.stm32cube.ide.mcu.externaltools.gnu-tools-for-stm32.10.3-2021.10.win32_1.0.0.202111181127/tools/bin/../lib/gcc/arm-none-eabi/10.3.1/../../../../arm-none-eabi/lib/thumb/v7e-m+fp/hard\libc_nano.a(lib_a-strlen.o)
                              ./SEGGER/SEGGER/SEGGER_RTT.o (strlen)
c:/st/stm32cubeide_1.10.1/stm32cubeide/plugins/com.st.stm32cube.ide.mcu.externaltools.gnu-tools-for-stm32.10.3-2021.10.win32_1.0.0.202111181127/tools/bin/../lib/gcc/arm-none-eabi/10.3.1/../../../../arm-none-eabi/lib/thumb/v7e-m+fp/hard\libc_nano.a(lib_a-nano-svfprintf.o)
                              c:/st/stm32cubeide_1.10.1/stm32cubeide/plugins/com.st.stm32cube.ide.mcu.externaltools.gnu-tools-for-stm32.10.3-2021.10.win32_1.0.0.202111181127/tools/bin/../lib/gcc/arm-none-eabi/10.3.1/../../../../arm-none-eabi/lib/thumb/v7e-m+fp/hard\libc_nano.a(lib_a-snprintf.o) (_svfprintf_r)
c:/st/stm32cubeide_1.10.1/stm32cubeide/plugins/com.st.stm32cube.ide.mcu.externaltools.gnu-tools-for-stm32.10.3-2021.10.win32_1.0.0.202111181127/tools/bin/../lib/gcc/arm-none-eabi/10.3.1/../../../../arm-none-eabi/lib/thumb/v7e-m+fp/hard\libc_nano.a(lib_a-nano-vfprintf_i.o)
[...]
Memory Configuration

Name             Origin             Length             Attributes
RAM              0x0000000020000000 0x0000000000010000 xrw
FLASH            0x0000000008000000 0x0000000000040000 xr
*default*        0x0000000000000000 0xffffffffffffffff

Linker script and memory map

LOAD c:/st/stm32cubeide_1.10.1/stm32cubeide/plugins/com.st.stm32cube.ide.mcu.externaltools.gnu-tools-for-stm32.10.3-2021.10.win32_1.0.0.202111181127/tools/bin/../lib/gcc/arm-none-eabi/10.3.1/thumb/v7e-m+fp/hard/crti.o
LOAD c:/st/stm32cubeide_1.10.1/stm32cubeide/plugins/com.st.stm32cube.ide.mcu.externaltools.gnu-tools-for-stm32.10.3-2021.10.win32_1.0.0.202111181127/tools/bin/../lib/gcc/arm-none-eabi/10.3.1/thumb/v7e-m+fp/hard/crtbegin.o
LOAD c:/st/stm32cubeide_1.10.1/stm32cubeide/plugins/com.st.stm32cube.ide.mcu.externaltools.gnu-tools-for-stm32.10.3-2021.10.win32_1.0.0.202111181127/tools/bin/../lib/gcc/arm-none-eabi/10.3.1/../../../../arm-none-eabi/lib/thumb/v7e-m+fp/hard/crt0.o
LOAD ./Core/Inc/dwt_delay.o
LOAD ./Core/Src/adc.o
LOAD ./Core/Src/gpio.o
LOAD ./Core/Src/i2c.o
LOAD ./Core/Src/main.o
LOAD ./Core/Src/spi.o
LOAD ./Core/Src/stm32f4xx_hal_msp.o
LOAD ./Core/Src/stm32f4xx_hal_timebase_tim.o
LOAD ./Core/Src/stm32f4xx_it.o
LOAD ./Core/Src/syscalls.o
LOAD ./Core/Src/sysmem.o
LOAD ./Core/Src/system_stm32f4xx.o
LOAD ./Core/Src/tim.o
LOAD ./Core/Startup/startup_stm32f401ccux.o
LOAD ./Drivers/STM32F4xx_HAL_Driver/Src/stm32f4xx_hal.o
LOAD ./Drivers/STM32F4xx_HAL_Driver/Src/stm32f4xx_hal_adc.o
LOAD ./Drivers/STM32F4xx_HAL_Driver/Src/stm32f4xx_hal_adc_ex.o
LOAD ./Drivers/STM32F4xx_HAL_Driver/Src/stm32f4xx_hal_cortex.o
LOAD ./Drivers/STM32F4xx_HAL_Driver/Src/stm32f4xx_hal_dma.o
LOAD ./Drivers/STM32F4xx_HAL_Driver/Src/stm32f4xx_hal_dma_ex.o
LOAD ./Drivers/STM32F4xx_HAL_Driver/Src/stm32f4xx_hal_exti.o
LOAD ./Drivers/STM32F4xx_HAL_Driver/Src/stm32f4xx_hal_flash.o
LOAD ./Drivers/STM32F4xx_HAL_Driver/Src/stm32f4xx_hal_flash_ex.o
LOAD ./Drivers/STM32F4xx_HAL_Driver/Src/stm32f4xx_hal_flash_ramfunc.o
LOAD ./Drivers/STM32F4xx_HAL_Driver/Src/stm32f4xx_hal_gpio.o
LOAD ./Drivers/STM32F4xx_HAL_Driver/Src/stm32f4xx_hal_i2c.o
LOAD ./Drivers/STM32F4xx_HAL_Driver/Src/stm32f4xx_hal_i2c_ex.o
LOAD ./Drivers/STM32F4xx_HAL_Driver/Src/stm32f4xx_hal_pcd.o
LOAD ./Drivers/STM32F4xx_HAL_Driver/Src/stm32f4xx_hal_pcd_ex.o
LOAD ./Drivers/STM32F4xx_HAL_Driver/Src/stm32f4xx_hal_pwr.o
LOAD ./Drivers/STM32F4xx_HAL_Driver/Src/stm32f4xx_hal_pwr_ex.o
LOAD ./Drivers/STM32F4xx_HAL_Driver/Src/stm32f4xx_hal_rcc.o
LOAD ./Drivers/STM32F4xx_HAL_Driver/Src/stm32f4xx_hal_rcc_ex.o
LOAD ./Drivers/STM32F4xx_HAL_Driver/Src/stm32f4xx_hal_spi.o
LOAD ./Drivers/STM32F4xx_HAL_Driver/Src/stm32f4xx_hal_tim.o
LOAD ./Drivers/STM32F4xx_HAL_Driver/Src/stm32f4xx_hal_tim_ex.o
LOAD ./Drivers/STM32F4xx_HAL_Driver/Src/stm32f4xx_ll_adc.o
LOAD ./Drivers/STM32F4xx_HAL_Driver/Src/stm32f4xx_ll_usb.o
LOAD ./FreeRTOS/croutine.o
LOAD ./FreeRTOS/event_groups.o
LOAD ./FreeRTOS/list.o
LOAD ./FreeRTOS/queue.o
LOAD ./FreeRTOS/stream_buffer.o
LOAD ./FreeRTOS/tasks.o
LOAD ./FreeRTOS/timers.o
LOAD ./FreeRTOS/portable/GCC/ARM_CM4F/port.o
LOAD ./FreeRTOS/portable/MemMang/heap_4.o
LOAD ./Middlewares/ST/STM32_USB_Device_Library/Class/CDC/Src/usbd_cdc.o
LOAD ./Middlewares/ST/STM32_USB_Device_Library/Core/Src/usbd_core.o
LOAD ./Middlewares/ST/STM32_USB_Device_Library/Core/Src/usbd_ctlreq.o
LOAD ./Middlewares/ST/STM32_USB_Device_Library/Core/Src/usbd_ioreq.o
LOAD ./SEGGER/Config/SEGGER_SYSVIEW_Config_FreeRTOS.o
LOAD ./SEGGER/OS/SEGGER_SYSVIEW_FreeRTOS.o
LOAD ./SEGGER/SEGGER/SEGGER_RTT.o
LOAD ./SEGGER/SEGGER/SEGGER_RTT_ASM_ARMv7M.o
LOAD ./SEGGER/SEGGER/SEGGER_RTT_printf.o
LOAD ./SEGGER/SEGGER/SEGGER_SYSVIEW.o
LOAD ./SEGGER/SEGGER/Syscalls/SEGGER_RTT_Syscalls_GCC.o
LOAD ./USB_DEVICE/App/usb_device.o
LOAD ./USB_DEVICE/App/usbd_cdc_if.o
LOAD ./USB_DEVICE/App/usbd_desc.o
LOAD ./USB_DEVICE/Target/usbd_conf.o
START GROUP
LOAD c:/st/stm32cubeide_1.10.1/stm32cubeide/plugins/com.st.stm32cube.ide.mcu.externaltools.gnu-tools-for-stm32.10.3-2021.10.win32_1.0.0.202111181127/tools/bin/../lib/gcc/arm-none-eabi/10.3.1/../../../../arm-none-eabi/lib/thumb/v7e-m+fp/hard\libc_nano.a
LOAD c:/st/stm32cubeide_1.10.1/stm32cubeide/plugins/com.st.stm32cube.ide.mcu.externaltools.gnu-tools-for-stm32.10.3-2021.10.win32_1.0.0.202111181127/tools/bin/../lib/gcc/arm-none-eabi/10.3.1/../../../../arm-none-eabi/lib/thumb/v7e-m+fp/hard\libm.a
END GROUP
START GROUP
LOAD c:/st/stm32cubeide_1.10.1/stm32cubeide/plugins/com.st.stm32cube.ide.mcu.externaltools.gnu-tools-for-stm32.10.3-2021.10.win32_1.0.0.202111181127/tools/bin/../lib/gcc/arm-none-eabi/10.3.1/thumb/v7e-m+fp/hard\libgcc.a
LOAD c:/st/stm32cubeide_1.10.1/stm32cubeide/plugins/com.st.stm32cube.ide.mcu.externaltools.gnu-tools-for-stm32.10.3-2021.10.win32_1.0.0.202111181127/tools/bin/../lib/gcc/arm-none-eabi/10.3.1/../../../../arm-none-eabi/lib/thumb/v7e-m+fp/hard\libc_nano.a
END GROUP
START GROUP
LOAD c:/st/stm32cubeide_1.10.1/stm32cubeide/plugins/com.st.stm32cube.ide.mcu.externaltools.gnu-tools-for-stm32.10.3-2021.10.win32_1.0.0.202111181127/tools/bin/../lib/gcc/arm-none-eabi/10.3.1/thumb/v7e-m+fp/hard\libgcc.a
LOAD c:/st/stm32cubeide_1.10.1/stm32cubeide/plugins/com.st.stm32cube.ide.mcu.externaltools.gnu-tools-for-stm32.10.3-2021.10.win32_1.0.0.202111181127/tools/bin/../lib/gcc/arm-none-eabi/10.3.1/../../../../arm-none-eabi/lib/thumb/v7e-m+fp/hard\libc_nano.a
LOAD c:/st/stm32cubeide_1.10.1/stm32cubeide/plugins/com.st.stm32cube.ide.mcu.externaltools.gnu-tools-for-stm32.10.3-2021.10.win32_1.0.0.202111181127/tools/bin/../lib/gcc/arm-none-eabi/10.3.1/../../../../arm-none-eabi/lib/thumb/v7e-m+fp/hard\libnosys.a
END GROUP
START GROUP
LOAD c:/st/stm32cubeide_1.10.1/stm32cubeide/plugins/com.st.stm32cube.ide.mcu.externaltools.gnu-tools-for-stm32.10.3-2021.10.win32_1.0.0.202111181127/tools/bin/../lib/gcc/arm-none-eabi/10.3.1/thumb/v7e-m+fp/hard\libgcc.a
LOAD c:/st/stm32cubeide_1.10.1/stm32cubeide/plugins/com.st.stm32cube.ide.mcu.externaltools.gnu-tools-for-stm32.10.3-2021.10.win32_1.0.0.202111181127/tools/bin/../lib/gcc/arm-none-eabi/10.3.1/../../../../arm-none-eabi/lib/thumb/v7e-m+fp/hard\libc_nano.a
LOAD c:/st/stm32cubeide_1.10.1/stm32cubeide/plugins/com.st.stm32cube.ide.mcu.externaltools.gnu-tools-for-stm32.10.3-2021.10.win32_1.0.0.202111181127/tools/bin/../lib/gcc/arm-none-eabi/10.3.1/../../../../arm-none-eabi/lib/thumb/v7e-m+fp/hard\libnosys.a
END GROUP
LOAD c:/st/stm32cubeide_1.10.1/stm32cubeide/plugins/com.st.stm32cube.ide.mcu.externaltools.gnu-tools-for-stm32.10.3-2021.10.win32_1.0.0.202111181127/tools/bin/../lib/gcc/arm-none-eabi/10.3.1/thumb/v7e-m+fp/hard/crtend.o
LOAD c:/st/stm32cubeide_1.10.1/stm32cubeide/plugins/com.st.stm32cube.ide.mcu.externaltools.gnu-tools-for-stm32.10.3-2021.10.win32_1.0.0.202111181127/tools/bin/../lib/gcc/arm-none-eabi/10.3.1/thumb/v7e-m+fp/hard/crtn.o
                0x0000000020010000                _estack = (ORIGIN (RAM) + LENGTH (RAM))
                0x0000000000000200                _Min_Heap_Size = 0x200
                0x0000000000000400                _Min_Stack_Size = 0x400

.isr_vector     0x0000000008000000      0x194
                0x0000000008000000                . = ALIGN (0x4)
 *(.isr_vector)
 .isr_vector    0x0000000008000000      0x194 ./Core/Startup/startup_stm32f401ccux.o
                0x0000000008000000                g_pfnVectors
                0x0000000008000194                . = ALIGN (0x4)

.text           0x00000000080001a0     0xdbac
                0x00000000080001a0                . = ALIGN (0x4)
 *(.text)
 .text          0x00000000080001a0       0x40 c:/st/stm32cubeide_1.10.1/stm32cubeide/plugins/com.st.stm32cube.ide.mcu.externaltools.gnu-tools-for-stm32.10.3-2021.10.win32_1.0.0.202111181127/tools/bin/../lib/gcc/arm-none-eabi/10.3.1/thumb/v7e-m+fp/hard/crtbegin.o
 .text          0x00000000080001e0       0x94 ./SEGGER/SEGGER/SEGGER_RTT_ASM_ARMv7M.o
                0x00000000080001e0                SEGGER_RTT_ASM_WriteSkipNoLock
 *fill*         0x0000000008000274        0xc 
 .text          0x0000000008000280       0xa0 c:/st/stm32cubeide_1.10.1/stm32cubeide/plugins/com.st.stm32cube.ide.mcu.externaltools.gnu-tools-for-stm32.10.3-2021.10.win32_1.0.0.202111181127/tools/bin/../lib/gcc/arm-none-eabi/10.3.1/../../../../arm-none-eabi/lib/thumb/v7e-m+fp/hard\libc_nano.a(lib_a-memchr.o)
                0x0000000008000280                memchr
 .text          0x0000000008000320       0x30 c:/st/stm32cubeide_1.10.1/stm32cubeide/plugins/com.st.stm32cube.ide.mcu.externaltools.gnu-tools-for-stm32.10.3-2021.10.win32_1.0.0.202111181127/tools/bin/../lib/gcc/arm-none-eabi/10.3.1/thumb/v7e-m+fp/hard\libgcc.a(_aeabi_uldivmod.o)
                0x0000000008000320                __aeabi_uldivmod
 .text          0x0000000008000350      0x2d0 c:/st/stm32cubeide_1.10.1/stm32cubeide/plugins/com.st.stm32cube.ide.mcu.externaltools.gnu-tools-for-stm32.10.3-2021.10.win32_1.0.0.202111181127/tools/bin/../lib/gcc/arm-none-eabi/10.3.1/thumb/v7e-m+fp/hard\libgcc.a(_udivmoddi4.o)
                0x0000000008000350                __udivmoddi4
 .text          0x0000000008000620        0x4 c:/st/stm32cubeide_1.10.1/stm32cubeide/plugins/com.st.stm32cube.ide.mcu.externaltools.gnu-tools-for-stm32.10.3-2021.10.win32_1.0.0.202111181127/tools/bin/../lib/gcc/arm-none-eabi/10.3.1/thumb/v7e-m+fp/hard\libgcc.a(_dvmd_tls.o)
                0x0000000008000620                __aeabi_idiv0
                0x0000000008000620                __aeabi_ldiv0
 *(.text*)
 .text.DWT_Init
                0x0000000008000624       0x34 ./Core/Inc/dwt_delay.o
                0x0000000008000624                DWT_Init
 .text.MX_ADC1_Init
                0x0000000008000658       0xa4 ./Core/Src/adc.o
                0x0000000008000658                MX_ADC1_Init
 .text.HAL_ADC_MspInit
                0x00000000080006fc       0x88 ./Core/Src/adc.o
                0x00000000080006fc                HAL_ADC_MspInit
 .text.MX_GPIO_Init
                0x0000000008000784       0xc0 ./Core/Src/gpio.o
                0x0000000008000784                MX_GPIO_Init
 .text.MX_I2C1_Init
                0x0000000008000844       0x5c ./Core/Src/i2c.o
                0x0000000008000844                MX_I2C1_Init
 .text.HAL_I2C_MspInit
                0x00000000080008a0       0x90 ./Core/Src/i2c.o
                0x00000000080008a0                HAL_I2C_MspInit
 .text.main     0x0000000008000930       0xd0 ./Core/Src/main.o
                0x0000000008000930                main
 .text.SystemClock_Config
                0x0000000008000a00       0xd8 ./Core/Src/main.o
                0x0000000008000a00                SystemClock_Config
 .text.task1_handler
                0x0000000008000ad8       0x3c ./Core/Src/main.o
 .text.task2_handler
                0x0000000008000b14       0x3c ./Core/Src/main.o
 .text.HAL_TIM_PeriodElapsedCallback
                0x0000000008000b50       0x24 ./Core/Src/main.o
                0x0000000008000b50                HAL_TIM_PeriodElapsedCallback
 .text.Error_Handler
                0x0000000008000b74        0xa ./Core/Src/main.o
                0x0000000008000b74                Error_Handler
 *fill*         0x0000000008000b7e        0x2 
 .text.MX_SPI1_Init
                0x0000000008000b80       0x6c ./Core/Src/spi.o
                0x0000000008000b80                MX_SPI1_Init
 .text.HAL_SPI_MspInit
                0x0000000008000bec       0x90 ./Core/Src/spi.o
                0x0000000008000bec                HAL_SPI_MspInit
 .text.HAL_MspInit
                0x0000000008000c7c       0x50 ./Core/Src/stm32f4xx_hal_msp.o
                0x0000000008000c7c                HAL_MspInit
 .text.HAL_InitTick
                0x0000000008000ccc       0xe4 ./Core/Src/stm32f4xx_hal_timebase_tim.o
                0x0000000008000ccc                HAL_InitTick
 .text.NMI_Handler
                0x0000000008000db0        0x6 ./Core/Src/stm32f4xx_it.o
                0x0000000008000db0                NMI_Handler
 .text.HardFault_Handler
                0x0000000008000db6        0x6 ./Core/Src/stm32f4xx_it.o
                0x0000000008000db6                HardFault_Handler
 .text.MemManage_Handler
                0x0000000008000dbc        0x6 ./Core/Src/stm32f4xx_it.o
                0x0000000008000dbc                MemManage_Handler
 .text.BusFault_Handler
                0x0000000008000dc2        0x6 ./Core/Src/stm32f4xx_it.o
                0x0000000008000dc2                BusFault_Handler
 .text.UsageFault_Handler
                0x0000000008000dc8        0x6 ./Core/Src/stm32f4xx_it.o
                0x0000000008000dc8                UsageFault_Handler
 .text.DebugMon_Handler
                0x0000000008000dce        0xe ./Core/Src/stm32f4xx_it.o
                0x0000000008000dce                DebugMon_Handler
 .text.TIM1_UP_TIM10_IRQHandler
                0x0000000008000ddc       0x14 ./Core/Src/stm32f4xx_it.o
                0x0000000008000ddc                TIM1_UP_TIM10_IRQHandler
 .text.OTG_FS_IRQHandler
                0x0000000008000df0       0x14 ./Core/Src/stm32f4xx_it.o
                0x0000000008000df0                OTG_FS_IRQHandler
 .text._sbrk    0x0000000008000e04       0x6c ./Core/Src/sysmem.o
                0x0000000008000e04                _sbrk
 .text.SystemInit
                0x0000000008000e70       0x24 ./Core/Src/system_stm32f4xx.o
                0x0000000008000e70                SystemInit
 .text.MX_TIM2_Init
                0x0000000008000e94       0xf4 ./Core/Src/tim.o
                0x0000000008000e94                MX_TIM2_Init
 .text.HAL_TIM_PWM_MspInit
                0x0000000008000f88       0x40 ./Core/Src/tim.o
                0x0000000008000f88                HAL_TIM_PWM_MspInit
 .text.HAL_TIM_MspPostInit
                0x0000000008000fc8       0x70 ./Core/Src/tim.o
                0x0000000008000fc8                HAL_TIM_MspPostInit
 .text.Reset_Handler
                0x0000000008001038       0x50 ./Core/Startup/startup_stm32f401ccux.o
                0x0000000008001038                Reset_Handler
 .text.Default_Handler
                0x0000000008001088        0x2 ./Core/Startup/startup_stm32f401ccux.o
                0x0000000008001088                RTC_Alarm_IRQHandler
                0x0000000008001088                EXTI2_IRQHandler
                0x0000000008001088                SPI4_IRQHandler
                0x0000000008001088                TIM1_CC_IRQHandler
                0x0000000008001088                DMA2_Stream5_IRQHandler
                0x0000000008001088                DMA1_Stream5_IRQHandler
                0x0000000008001088                PVD_IRQHandler
                0x0000000008001088                SDIO_IRQHandler
                0x0000000008001088                TAMP_STAMP_IRQHandler
                0x0000000008001088                EXTI3_IRQHandler
                0x0000000008001088                I2C3_ER_IRQHandler
                0x0000000008001088                EXTI0_IRQHandler
                0x0000000008001088                I2C2_EV_IRQHandler
                0x0000000008001088                DMA1_Stream2_IRQHandler
                0x0000000008001088                FPU_IRQHandler
                0x0000000008001088                DMA2_Stream2_IRQHandler
                0x0000000008001088                SPI1_IRQHandler
                0x0000000008001088                TIM1_BRK_TIM9_IRQHandler
                0x0000000008001088                DMA2_Stream3_IRQHandler
                0x0000000008001088                USART6_IRQHandler
                0x0000000008001088                DMA2_Stream0_IRQHandler
                0x0000000008001088                TIM4_IRQHandler
                0x0000000008001088                I2C1_EV_IRQHandler
                0x0000000008001088                DMA1_Stream6_IRQHandler
                0x0000000008001088                DMA1_Stream1_IRQHandler
                0x0000000008001088                TIM3_IRQHandler
                0x0000000008001088                RCC_IRQHandler
                0x0000000008001088                Default_Handler
                0x0000000008001088                EXTI15_10_IRQHandler
                0x0000000008001088                ADC_IRQHandler
                0x0000000008001088                DMA1_Stream7_IRQHandler
                0x0000000008001088                TIM5_IRQHandler
                0x0000000008001088                DMA2_Stream7_IRQHandler
                0x0000000008001088                I2C3_EV_IRQHandler
                0x0000000008001088                EXTI9_5_IRQHandler
                0x0000000008001088                RTC_WKUP_IRQHandler
                0x0000000008001088                SPI2_IRQHandler
                0x0000000008001088                DMA1_Stream0_IRQHandler
                0x0000000008001088                EXTI4_IRQHandler
                0x0000000008001088                WWDG_IRQHandler
                0x0000000008001088                TIM2_IRQHandler
                0x0000000008001088                OTG_FS_WKUP_IRQHandler
                0x0000000008001088                TIM1_TRG_COM_TIM11_IRQHandler
                0x0000000008001088                EXTI1_IRQHandler
                0x0000000008001088                USART2_IRQHandler
                0x0000000008001088                I2C2_ER_IRQHandler
                0x0000000008001088                DMA2_Stream1_IRQHandler
                0x0000000008001088                FLASH_IRQHandler
                0x0000000008001088                DMA2_Stream4_IRQHandler
                0x0000000008001088                USART1_IRQHandler
                0x0000000008001088                SPI3_IRQHandler
                0x0000000008001088                DMA1_Stream4_IRQHandler
                0x0000000008001088                I2C1_ER_IRQHandler
                0x0000000008001088                DMA2_Stream6_IRQHandler
                0x0000000008001088                DMA1_Stream3_IRQHandler
 *fill*         0x000000000800108a        0x2 
 .text.HAL_Init
                0x000000000800108c       0x44 ./Drivers/STM32F4xx_HAL_Driver/Src/stm32f4xx_hal.o
                0x000000000800108c                HAL_Init
 .text.HAL_IncTick
                0x00000000080010d0       0x28 ./Drivers/STM32F4xx_HAL_Driver/Src/stm32f4xx_hal.o
                0x00000000080010d0                HAL_IncTick
 .text.HAL_GetTick
                0x00000000080010f8       0x18 ./Drivers/STM32F4xx_HAL_Driver/Src/stm32f4xx_hal.o
                0x00000000080010f8                HAL_GetTick
 .text.HAL_Delay
                0x0000000008001110       0x48 ./Drivers/STM32F4xx_HAL_Driver/Src/stm32f4xx_hal.o
                0x0000000008001110                HAL_Delay
 .text.HAL_ADC_Init
                0x0000000008001158       0x86 ./Drivers/STM32F4xx_HAL_Driver/Src/stm32f4xx_hal_adc.o
                0x0000000008001158                HAL_ADC_Init
 *fill*         0x00000000080011de        0x2 
 .text.HAL_ADC_ConfigChannel
                0x00000000080011e0      0x244 ./Drivers/STM32F4xx_HAL_Driver/Src/stm32f4xx_hal_adc.o
                0x00000000080011e0                HAL_ADC_ConfigChannel
 .text.ADC_Init
                0x0000000008001424      0x1f8 ./Drivers/STM32F4xx_HAL_Driver/Src/stm32f4xx_hal_adc.o
 .text.__NVIC_SetPriorityGrouping
                0x000000000800161c       0x48 ./Drivers/STM32F4xx_HAL_Driver/Src/stm32f4xx_hal_cortex.o
 .text.__NVIC_GetPriorityGrouping
                0x0000000008001664       0x1c ./Drivers/STM32F4xx_HAL_Driver/Src/stm32f4xx_hal_cortex.o
 .text.__NVIC_EnableIRQ
                0x0000000008001680       0x3c ./Drivers/STM32F4xx_HAL_Driver/Src/stm32f4xx_hal_cortex.o
 .text.__NVIC_SetPriority
                0x00000000080016bc       0x54 ./Drivers/STM32F4xx_HAL_Driver/Src/stm32f4xx_hal_cortex.o
 .text.NVIC_EncodePriority
                0x0000000008001710       0x66 ./Drivers/STM32F4xx_HAL_Driver/Src/stm32f4xx_hal_cortex.o
 .text.HAL_NVIC_SetPriorityGrouping
                0x0000000008001776       0x16 ./Drivers/STM32F4xx_HAL_Driver/Src/stm32f4xx_hal_cortex.o
                0x0000000008001776                HAL_NVIC_SetPriorityGrouping
 .text.HAL_NVIC_SetPriority
                0x000000000800178c       0x38 ./Drivers/STM32F4xx_HAL_Driver/Src/stm32f4xx_hal_cortex.o
                0x000000000800178c                HAL_NVIC_SetPriority
 .text.HAL_NVIC_EnableIRQ
                0x00000000080017c4       0x1c ./Drivers/STM32F4xx_HAL_Driver/Src/stm32f4xx_hal_cortex.o
                0x00000000080017c4                HAL_NVIC_EnableIRQ
 .text.HAL_GPIO_Init
                0x00000000080017e0      0x308 ./Drivers/STM32F4xx_HAL_Driver/Src/stm32f4xx_hal_gpio.o
                0x00000000080017e0                HAL_GPIO_Init
 .text.HAL_GPIO_WritePin
                0x0000000008001ae8       0x32 ./Drivers/STM32F4xx_HAL_Driver/Src/stm32f4xx_hal_gpio.o
                0x0000000008001ae8                HAL_GPIO_WritePin
 *fill*         0x0000000008001b1a        0x2 
 .text.HAL_I2C_Init
                0x0000000008001b1c      0x288 ./Drivers/STM32F4xx_HAL_Driver/Src/stm32f4xx_hal_i2c.o
                0x0000000008001b1c                HAL_I2C_Init
 .text.HAL_PCD_Init
                0x0000000008001da4      0x23a ./Drivers/STM32F4xx_HAL_Driver/Src/stm32f4xx_hal_pcd.o
                0x0000000008001da4                HAL_PCD_Init
 .text.HAL_PCD_Start
                0x0000000008001fde       0x66 ./Drivers/STM32F4xx_HAL_Driver/Src/stm32f4xx_hal_pcd.o
                0x0000000008001fde                HAL_PCD_Start
 .text.HAL_PCD_IRQHandler
                0x0000000008002044      0x93e ./Drivers/STM32F4xx_HAL_Driver/Src/stm32f4xx_hal_pcd.o
                0x0000000008002044                HAL_PCD_IRQHandler
 .text.HAL_PCD_SetAddress
                0x0000000008002982       0x4a ./Drivers/STM32F4xx_HAL_Driver/Src/stm32f4xx_hal_pcd.o
                0x0000000008002982                HAL_PCD_SetAddress
 .text.HAL_PCD_EP_Open
                0x00000000080029cc       0xd0 ./Drivers/STM32F4xx_HAL_Driver/Src/stm32f4xx_hal_pcd.o
                0x00000000080029cc                HAL_PCD_EP_Open
 .text.HAL_PCD_EP_Close
                0x0000000008002a9c       0x94 ./Drivers/STM32F4xx_HAL_Driver/Src/stm32f4xx_hal_pcd.o
                0x0000000008002a9c                HAL_PCD_EP_Close
 .text.HAL_PCD_EP_Receive
                0x0000000008002b30       0x96 ./Drivers/STM32F4xx_HAL_Driver/Src/stm32f4xx_hal_pcd.o
                0x0000000008002b30                HAL_PCD_EP_Receive
 .text.HAL_PCD_EP_GetRxCount
                0x0000000008002bc6       0x30 ./Drivers/STM32F4xx_HAL_Driver/Src/stm32f4xx_hal_pcd.o
                0x0000000008002bc6                HAL_PCD_EP_GetRxCount
 .text.HAL_PCD_EP_Transmit
                0x0000000008002bf6       0x94 ./Drivers/STM32F4xx_HAL_Driver/Src/stm32f4xx_hal_pcd.o
                0x0000000008002bf6                HAL_PCD_EP_Transmit
 .text.HAL_PCD_EP_SetStall
                0x0000000008002c8a       0xc8 ./Drivers/STM32F4xx_HAL_Driver/Src/stm32f4xx_hal_pcd.o
                0x0000000008002c8a                HAL_PCD_EP_SetStall
 .text.HAL_PCD_EP_ClrStall
                0x0000000008002d52       0xac ./Drivers/STM32F4xx_HAL_Driver/Src/stm32f4xx_hal_pcd.o
                0x0000000008002d52                HAL_PCD_EP_ClrStall
 .text.HAL_PCD_EP_Abort
                0x0000000008002dfe       0x62 ./Drivers/STM32F4xx_HAL_Driver/Src/stm32f4xx_hal_pcd.o
                0x0000000008002dfe                HAL_PCD_EP_Abort
 .text.PCD_WriteEmptyTxFifo
                0x0000000008002e60      0x11a ./Drivers/STM32F4xx_HAL_Driver/Src/stm32f4xx_hal_pcd.o
 *fill*         0x0000000008002f7a        0x2 
 .text.PCD_EP_OutXfrComplete_int
                0x0000000008002f7c      0x1d0 ./Drivers/STM32F4xx_HAL_Driver/Src/stm32f4xx_hal_pcd.o
 .text.PCD_EP_OutSetupPacket_int
                0x000000000800314c       0x8c ./Drivers/STM32F4xx_HAL_Driver/Src/stm32f4xx_hal_pcd.o
 .text.HAL_PCDEx_SetTxFiFo
                0x00000000080031d8       0x8e ./Drivers/STM32F4xx_HAL_Driver/Src/stm32f4xx_hal_pcd_ex.o
                0x00000000080031d8                HAL_PCDEx_SetTxFiFo
 .text.HAL_PCDEx_SetRxFiFo
                0x0000000008003266       0x22 ./Drivers/STM32F4xx_HAL_Driver/Src/stm32f4xx_hal_pcd_ex.o
                0x0000000008003266                HAL_PCDEx_SetRxFiFo
 .text.HAL_PCDEx_LPM_Callback
                0x0000000008003288       0x18 ./Drivers/STM32F4xx_HAL_Driver/Src/stm32f4xx_hal_pcd_ex.o
                0x0000000008003288                HAL_PCDEx_LPM_Callback
 .text.HAL_RCC_OscConfig
                0x00000000080032a0      0x4f0 ./Drivers/STM32F4xx_HAL_Driver/Src/stm32f4xx_hal_rcc.o
                0x00000000080032a0                HAL_RCC_OscConfig
 .text.HAL_RCC_ClockConfig
                0x0000000008003790      0x1cc ./Drivers/STM32F4xx_HAL_Driver/Src/stm32f4xx_hal_rcc.o
                0x0000000008003790                HAL_RCC_ClockConfig
 .text.HAL_RCC_GetSysClockFreq
                0x000000000800395c      0x18c ./Drivers/STM32F4xx_HAL_Driver/Src/stm32f4xx_hal_rcc.o
                0x000000000800395c                HAL_RCC_GetSysClockFreq
 .text.HAL_RCC_GetHCLKFreq
                0x0000000008003ae8       0x18 ./Drivers/STM32F4xx_HAL_Driver/Src/stm32f4xx_hal_rcc.o
                0x0000000008003ae8                HAL_RCC_GetHCLKFreq
 .text.HAL_RCC_GetPCLK1Freq
                0x0000000008003b00       0x28 ./Drivers/STM32F4xx_HAL_Driver/Src/stm32f4xx_hal_rcc.o
                0x0000000008003b00                HAL_RCC_GetPCLK1Freq
 .text.HAL_RCC_GetPCLK2Freq
                0x0000000008003b28       0x28 ./Drivers/STM32F4xx_HAL_Driver/Src/stm32f4xx_hal_rcc.o
                0x0000000008003b28                HAL_RCC_GetPCLK2Freq
 .text.HAL_RCC_GetClockConfig
                0x0000000008003b50       0x64 ./Drivers/STM32F4xx_HAL_Driver/Src/stm32f4xx_hal_rcc.o
                0x0000000008003b50                HAL_RCC_GetClockConfig
 .text.HAL_SPI_Init
                0x0000000008003bb4      0x112 ./Drivers/STM32F4xx_HAL_Driver/Src/stm32f4xx_hal_spi.o
                0x0000000008003bb4                HAL_SPI_Init
 .text.HAL_TIM_Base_Init
                0x0000000008003cc6       0x9e ./Drivers/STM32F4xx_HAL_Driver/Src/stm32f4xx_hal_tim.o
                0x0000000008003cc6                HAL_TIM_Base_Init
 .text.HAL_TIM_Base_MspInit
                0x0000000008003d64       0x14 ./Drivers/STM32F4xx_HAL_Driver/Src/stm32f4xx_hal_tim.o
                0x0000000008003d64                HAL_TIM_Base_MspInit
 .text.HAL_TIM_Base_Start_IT
                0x0000000008003d78       0xc4 ./Drivers/STM32F4xx_HAL_Driver/Src/stm32f4xx_hal_tim.o
                0x0000000008003d78                HAL_TIM_Base_Start_IT
 .text.HAL_TIM_PWM_Init
                0x0000000008003e3c       0x9e ./Drivers/STM32F4xx_HAL_Driver/Src/stm32f4xx_hal_tim.o
                0x0000000008003e3c                HAL_TIM_PWM_Init
 .text.HAL_TIM_IRQHandler
                0x0000000008003eda      0x210 ./Drivers/STM32F4xx_HAL_Driver/Src/stm32f4xx_hal_tim.o
                0x0000000008003eda                HAL_TIM_IRQHandler
 *fill*         0x00000000080040ea        0x2 
 .text.HAL_TIM_PWM_ConfigChannel
                0x00000000080040ec      0x184 ./Drivers/STM32F4xx_HAL_Driver/Src/stm32f4xx_hal_tim.o
                0x00000000080040ec                HAL_TIM_PWM_ConfigChannel
 .text.HAL_TIM_OC_DelayElapsedCallback
                0x0000000008004270       0x14 ./Drivers/STM32F4xx_HAL_Driver/Src/stm32f4xx_hal_tim.o
                0x0000000008004270                HAL_TIM_OC_DelayElapsedCallback
 .text.HAL_TIM_IC_CaptureCallback
                0x0000000008004284       0x14 ./Drivers/STM32F4xx_HAL_Driver/Src/stm32f4xx_hal_tim.o
                0x0000000008004284                HAL_TIM_IC_CaptureCallback
 .text.HAL_TIM_PWM_PulseFinishedCallback
                0x0000000008004298       0x14 ./Drivers/STM32F4xx_HAL_Driver/Src/stm32f4xx_hal_tim.o
                0x0000000008004298                HAL_TIM_PWM_PulseFinishedCallback
 .text.HAL_TIM_TriggerCallback
                0x00000000080042ac       0x14 ./Drivers/STM32F4xx_HAL_Driver/Src/stm32f4xx_hal_tim.o
                0x00000000080042ac                HAL_TIM_TriggerCallback
 .text.TIM_Base_SetConfig
                0x00000000080042c0      0x100 ./Drivers/STM32F4xx_HAL_Driver/Src/stm32f4xx_hal_tim.o
                0x00000000080042c0                TIM_Base_SetConfig
 .text.TIM_OC1_SetConfig
                0x00000000080043c0       0xcc ./Drivers/STM32F4xx_HAL_Driver/Src/stm32f4xx_hal_tim.o
 .text.TIM_OC2_SetConfig
                0x000000000800448c       0xd8 ./Drivers/STM32F4xx_HAL_Driver/Src/stm32f4xx_hal_tim.o
                0x000000000800448c                TIM_OC2_SetConfig
 .text.TIM_OC3_SetConfig
                0x0000000008004564       0xd4 ./Drivers/STM32F4xx_HAL_Driver/Src/stm32f4xx_hal_tim.o
 .text.TIM_OC4_SetConfig
                0x0000000008004638       0xa0 ./Drivers/STM32F4xx_HAL_Driver/Src/stm32f4xx_hal_tim.o
 .text.HAL_TIMEx_MasterConfigSynchronization
                0x00000000080046d8       0xdc ./Drivers/STM32F4xx_HAL_Driver/Src/stm32f4xx_hal_tim_ex.o
                0x00000000080046d8                HAL_TIMEx_MasterConfigSynchronization
 .text.HAL_TIMEx_CommutCallback
                0x00000000080047b4       0x14 ./Drivers/STM32F4xx_HAL_Driver/Src/stm32f4xx_hal_tim_ex.o
                0x00000000080047b4                HAL_TIMEx_CommutCallback
 .text.HAL_TIMEx_BreakCallback
                0x00000000080047c8       0x14 ./Drivers/STM32F4xx_HAL_Driver/Src/stm32f4xx_hal_tim_ex.o
                0x00000000080047c8                HAL_TIMEx_BreakCallback
 .text.USB_CoreInit
                0x00000000080047dc       0xc2 ./Drivers/STM32F4xx_HAL_Driver/Src/stm32f4xx_ll_usb.o
                0x00000000080047dc                USB_CoreInit
 *fill*         0x000000000800489e        0x2 
 .text.USB_SetTurnaroundTime
                0x00000000080048a0      0x144 ./Drivers/STM32F4xx_HAL_Driver/Src/stm32f4xx_ll_usb.o
                0x00000000080048a0                USB_SetTurnaroundTime
 .text.USB_EnableGlobalInt
                0x00000000080049e4       0x22 ./Drivers/STM32F4xx_HAL_Driver/Src/stm32f4xx_ll_usb.o
                0x00000000080049e4                USB_EnableGlobalInt
 .text.USB_DisableGlobalInt
                0x0000000008004a06       0x22 ./Drivers/STM32F4xx_HAL_Driver/Src/stm32f4xx_ll_usb.o
                0x0000000008004a06                USB_DisableGlobalInt
 .text.USB_SetCurrentMode
                0x0000000008004a28       0x98 ./Drivers/STM32F4xx_HAL_Driver/Src/stm32f4xx_ll_usb.o
                0x0000000008004a28                USB_SetCurrentMode
 .text.USB_DevInit
                0x0000000008004ac0      0x2c8 ./Drivers/STM32F4xx_HAL_Driver/Src/stm32f4xx_ll_usb.o
                0x0000000008004ac0                USB_DevInit
 .text.USB_FlushTxFifo
                0x0000000008004d88       0x68 ./Drivers/STM32F4xx_HAL_Driver/Src/stm32f4xx_ll_usb.o
                0x0000000008004d88                USB_FlushTxFifo
 .text.USB_FlushRxFifo
                0x0000000008004df0       0x60 ./Drivers/STM32F4xx_HAL_Driver/Src/stm32f4xx_ll_usb.o
                0x0000000008004df0                USB_FlushRxFifo
 .text.USB_SetDevSpeed
                0x0000000008004e50       0x32 ./Drivers/STM32F4xx_HAL_Driver/Src/stm32f4xx_ll_usb.o
                0x0000000008004e50                USB_SetDevSpeed
 .text.USB_GetDevSpeed
                0x0000000008004e82       0x4a ./Drivers/STM32F4xx_HAL_Driver/Src/stm32f4xx_ll_usb.o
                0x0000000008004e82                USB_GetDevSpeed
 .text.USB_ActivateEndpoint
                0x0000000008004ecc      0x10e ./Drivers/STM32F4xx_HAL_Driver/Src/stm32f4xx_ll_usb.o
                0x0000000008004ecc                USB_ActivateEndpoint
 *fill*         0x0000000008004fda        0x2 
 .text.USB_DeactivateEndpoint
                0x0000000008004fdc      0x1b8 ./Drivers/STM32F4xx_HAL_Driver/Src/stm32f4xx_ll_usb.o
                0x0000000008004fdc                USB_DeactivateEndpoint
 .text.USB_EPStartXfer
                0x0000000008005194      0x490 ./Drivers/STM32F4xx_HAL_Driver/Src/stm32f4xx_ll_usb.o
                0x0000000008005194                USB_EPStartXfer
 .text.USB_EP0StartXfer
                0x0000000008005624      0x2b0 ./Drivers/STM32F4xx_HAL_Driver/Src/stm32f4xx_ll_usb.o
                0x0000000008005624                USB_EP0StartXfer
 .text.USB_EPStopXfer
                0x00000000080058d4      0x154 ./Drivers/STM32F4xx_HAL_Driver/Src/stm32f4xx_ll_usb.o
                0x00000000080058d4                USB_EPStopXfer
 .text.USB_WritePacket
                0x0000000008005a28       0x7c ./Drivers/STM32F4xx_HAL_Driver/Src/stm32f4xx_ll_usb.o
                0x0000000008005a28                USB_WritePacket
 .text.USB_ReadPacket
                0x0000000008005aa4       0xb0 ./Drivers/STM32F4xx_HAL_Driver/Src/stm32f4xx_ll_usb.o
                0x0000000008005aa4                USB_ReadPacket
 .text.USB_EPSetStall
                0x0000000008005b54       0xdc ./Drivers/STM32F4xx_HAL_Driver/Src/stm32f4xx_ll_usb.o
                0x0000000008005b54                USB_EPSetStall
 .text.USB_EPClearStall
                0x0000000008005c30       0xcc ./Drivers/STM32F4xx_HAL_Driver/Src/stm32f4xx_ll_usb.o
                0x0000000008005c30                USB_EPClearStall
 .text.USB_SetDevAddress
                0x0000000008005cfc       0x4c ./Drivers/STM32F4xx_HAL_Driver/Src/stm32f4xx_ll_usb.o
                0x0000000008005cfc                USB_SetDevAddress
 .text.USB_DevConnect
                0x0000000008005d48       0x42 ./Drivers/STM32F4xx_HAL_Driver/Src/stm32f4xx_ll_usb.o
                0x0000000008005d48                USB_DevConnect
 .text.USB_DevDisconnect
                0x0000000008005d8a       0x42 ./Drivers/STM32F4xx_HAL_Driver/Src/stm32f4xx_ll_usb.o
                0x0000000008005d8a                USB_DevDisconnect
 .text.USB_ReadInterrupts
                0x0000000008005dcc       0x26 ./Drivers/STM32F4xx_HAL_Driver/Src/stm32f4xx_ll_usb.o
                0x0000000008005dcc                USB_ReadInterrupts
 .text.USB_ReadDevAllOutEpInterrupt
                0x0000000008005df2       0x34 ./Drivers/STM32F4xx_HAL_Driver/Src/stm32f4xx_ll_usb.o
                0x0000000008005df2                USB_ReadDevAllOutEpInterrupt
 .text.USB_ReadDevAllInEpInterrupt
                0x0000000008005e26       0x34 ./Drivers/STM32F4xx_HAL_Driver/Src/stm32f4xx_ll_usb.o
                0x0000000008005e26                USB_ReadDevAllInEpInterrupt
 .text.USB_ReadDevOutEPInterrupt
                0x0000000008005e5a       0x3c ./Drivers/STM32F4xx_HAL_Driver/Src/stm32f4xx_ll_usb.o
                0x0000000008005e5a                USB_ReadDevOutEPInterrupt
 .text.USB_ReadDevInEPInterrupt
                0x0000000008005e96       0x5c ./Drivers/STM32F4xx_HAL_Driver/Src/stm32f4xx_ll_usb.o
                0x0000000008005e96                USB_ReadDevInEPInterrupt
 .text.USB_GetMode
                0x0000000008005ef2       0x1c ./Drivers/STM32F4xx_HAL_Driver/Src/stm32f4xx_ll_usb.o
                0x0000000008005ef2                USB_GetMode
 .text.USB_ActivateSetup
                0x0000000008005f0e       0x46 ./Drivers/STM32F4xx_HAL_Driver/Src/stm32f4xx_ll_usb.o
                0x0000000008005f0e                USB_ActivateSetup
 .text.USB_EP0_OutStart
                0x0000000008005f54       0xbc ./Drivers/STM32F4xx_HAL_Driver/Src/stm32f4xx_ll_usb.o
                0x0000000008005f54                USB_EP0_OutStart
 .text.USB_CoreReset
                0x0000000008006010       0x68 ./Drivers/STM32F4xx_HAL_Driver/Src/stm32f4xx_ll_usb.o
 .text.vListInitialise
                0x0000000008006078       0x40 ./FreeRTOS/list.o
                0x0000000008006078                vListInitialise
 .text.vListInitialiseItem
                0x00000000080060b8       0x1a ./FreeRTOS/list.o
                0x00000000080060b8                vListInitialiseItem
 .text.vListInsertEnd
                0x00000000080060d2       0x48 ./FreeRTOS/list.o
                0x00000000080060d2                vListInsertEnd
 .text.vListInsert
                0x000000000800611a       0x72 ./FreeRTOS/list.o
                0x000000000800611a                vListInsert
 .text.uxListRemove
                0x000000000800618c       0x54 ./FreeRTOS/list.o
                0x000000000800618c                uxListRemove
 .text.xQueueGenericReset
                0x00000000080061e0       0xb6 ./FreeRTOS/queue.o
                0x00000000080061e0                xQueueGenericReset
 .text.xQueueGenericCreate
                0x0000000008006296       0xbe ./FreeRTOS/queue.o
                0x0000000008006296                xQueueGenericCreate
 .text.prvInitialiseNewQueue
                0x0000000008006354       0x52 ./FreeRTOS/queue.o
 *fill*         0x00000000080063a6        0x2 
 .text.xQueueGenericSend
                0x00000000080063a8      0x21c ./FreeRTOS/queue.o
                0x00000000080063a8                xQueueGenericSend
 .text.xQueueGenericSendFromISR
                0x00000000080065c4      0x17c ./FreeRTOS/queue.o
                0x00000000080065c4                xQueueGenericSendFromISR
 .text.xQueueReceive
                0x0000000008006740      0x20c ./FreeRTOS/queue.o
                0x0000000008006740                xQueueReceive
 .text.prvCopyDataToQueue
                0x000000000800694c       0xd4 ./FreeRTOS/queue.o
 .text.prvCopyDataFromQueue
                0x0000000008006a20       0x4c ./FreeRTOS/queue.o
 .text.prvUnlockQueue
                0x0000000008006a6c       0xa4 ./FreeRTOS/queue.o
 .text.prvIsQueueEmpty
                0x0000000008006b10       0x2c ./FreeRTOS/queue.o
 .text.prvIsQueueFull
                0x0000000008006b3c       0x30 ./FreeRTOS/queue.o
 .text.vQueueAddToRegistry
                0x0000000008006b6c       0x64 ./FreeRTOS/queue.o
                0x0000000008006b6c                vQueueAddToRegistry
 .text.vQueueWaitForMessageRestricted
                0x0000000008006bd0       0x68 ./FreeRTOS/queue.o
                0x0000000008006bd0                vQueueWaitForMessageRestricted
 .text.xTaskCreate
                0x0000000008006c38       0x82 ./FreeRTOS/tasks.o
                0x0000000008006c38                xTaskCreate
 .text.prvInitialiseNewTask
                0x0000000008006cba      0x12c ./FreeRTOS/tasks.o
 *fill*         0x0000000008006de6        0x2 
 .text.prvAddNewTaskToReadyList
                0x0000000008006de8       0xfc ./FreeRTOS/tasks.o
 .text.vTaskStartScheduler
                0x0000000008006ee4       0xc4 ./FreeRTOS/tasks.o
                0x0000000008006ee4                vTaskStartScheduler
 .text.vTaskSuspendAll
                0x0000000008006fa8       0x1c ./FreeRTOS/tasks.o
                0x0000000008006fa8                vTaskSuspendAll
 .text.xTaskResumeAll
                0x0000000008006fc4      0x124 ./FreeRTOS/tasks.o
                0x0000000008006fc4                xTaskResumeAll
 .text.xTaskGetTickCount
                0x00000000080070e8       0x20 ./FreeRTOS/tasks.o
                0x00000000080070e8                xTaskGetTickCount
 .text.xTaskGetTickCountFromISR
                0x0000000008007108       0x24 ./FreeRTOS/tasks.o
                0x0000000008007108                xTaskGetTickCountFromISR
 .text.xTaskIncrementTick
                0x000000000800712c      0x134 ./FreeRTOS/tasks.o
                0x000000000800712c                xTaskIncrementTick
 .text.vTaskSwitchContext
                0x0000000008007260       0xd4 ./FreeRTOS/tasks.o
                0x0000000008007260                vTaskSwitchContext
 .text.vTaskPlaceOnEventList
                0x0000000008007334       0x48 ./FreeRTOS/tasks.o
                0x0000000008007334                vTaskPlaceOnEventList
 .text.vTaskPlaceOnEventListRestricted
                0x000000000800737c       0x5c ./FreeRTOS/tasks.o
                0x000000000800737c                vTaskPlaceOnEventListRestricted
 .text.xTaskRemoveFromEventList
                0x00000000080073d8       0xcc ./FreeRTOS/tasks.o
                0x00000000080073d8                xTaskRemoveFromEventList
 .text.vTaskInternalSetTimeOutState
                0x00000000080074a4       0x2c ./FreeRTOS/tasks.o
                0x00000000080074a4                vTaskInternalSetTimeOutState
 .text.xTaskCheckForTimeOut
                0x00000000080074d0       0xcc ./FreeRTOS/tasks.o
                0x00000000080074d0                xTaskCheckForTimeOut
 .text.vTaskMissedYield
                0x000000000800759c       0x18 ./FreeRTOS/tasks.o
                0x000000000800759c                vTaskMissedYield
 .text.prvIdleTask
                0x00000000080075b4       0x24 ./FreeRTOS/tasks.o
 .text.prvInitialiseTaskLists
                0x00000000080075d8       0x80 ./FreeRTOS/tasks.o
 .text.prvCheckTasksWaitingTermination
                0x0000000008007658       0x5c ./FreeRTOS/tasks.o
 .text.prvDeleteTCB
                0x00000000080076b4       0x20 ./FreeRTOS/tasks.o
 .text.prvResetNextTaskUnblockTime
                0x00000000080076d4       0x38 ./FreeRTOS/tasks.o
 .text.xTaskGetSchedulerState
                0x000000000800770c       0x3c ./FreeRTOS/tasks.o
                0x000000000800770c                xTaskGetSchedulerState
 .text.xTaskPriorityDisinherit
                0x0000000008007748      0x108 ./FreeRTOS/tasks.o
                0x0000000008007748                xTaskPriorityDisinherit
 .text.prvAddCurrentTaskToDelayedList
                0x0000000008007850       0xe4 ./FreeRTOS/tasks.o
 .text.xTimerCreateTimerTask
                0x0000000008007934       0x64 ./FreeRTOS/timers.o
                0x0000000008007934                xTimerCreateTimerTask
 .text.xTimerGenericCommand
                0x0000000008007998       0x9c ./FreeRTOS/timers.o
                0x0000000008007998                xTimerGenericCommand
 .text.prvProcessExpiredTimer
                0x0000000008007a34       0x98 ./FreeRTOS/timers.o
 .text.prvTimerTask
                0x0000000008007acc       0x24 ./FreeRTOS/timers.o
 .text.prvProcessTimerOrBlockTask
                0x0000000008007af0       0x9c ./FreeRTOS/timers.o
 .text.prvGetNextExpireTime
                0x0000000008007b8c       0x48 ./FreeRTOS/timers.o
 .text.prvSampleTimeNow
                0x0000000008007bd4       0x40 ./FreeRTOS/timers.o
 .text.prvInsertTimerInActiveList
                0x0000000008007c14       0x84 ./FreeRTOS/timers.o
 .text.prvProcessReceivedCommands
                0x0000000008007c98      0x18c ./FreeRTOS/timers.o
 .text.prvSwitchTimerLists
                0x0000000008007e24       0xc8 ./FreeRTOS/timers.o
 .text.prvCheckForValidListAndQueue
                0x0000000008007eec       0x6c ./FreeRTOS/timers.o
 .text.pxPortInitialiseStack
                0x0000000008007f58       0x68 ./FreeRTOS/portable/GCC/ARM_CM4F/port.o
                0x0000000008007f58                pxPortInitialiseStack
 .text.prvTaskExitError
                0x0000000008007fc0       0x58 ./FreeRTOS/portable/GCC/ARM_CM4F/port.o
 *fill*         0x0000000008008018        0x8 
 .text.SVC_Handler
                0x0000000008008020       0x28 ./FreeRTOS/portable/GCC/ARM_CM4F/port.o
                0x0000000008008020                SVC_Handler
 .text.prvPortStartFirstTask
                0x0000000008008048       0x2c ./FreeRTOS/portable/GCC/ARM_CM4F/port.o
 .text.xPortStartScheduler
                0x0000000008008074      0x144 ./FreeRTOS/portable/GCC/ARM_CM4F/port.o
                0x0000000008008074                xPortStartScheduler
 .text.vPortEnterCritical
                0x00000000080081b8       0x60 ./FreeRTOS/portable/GCC/ARM_CM4F/port.o
                0x00000000080081b8                vPortEnterCritical
 .text.vPortExitCritical
                0x0000000008008218       0x54 ./FreeRTOS/portable/GCC/ARM_CM4F/port.o
                0x0000000008008218                vPortExitCritical
 *fill*         0x000000000800826c        0x4 
 .text.PendSV_Handler
                0x0000000008008270       0x68 ./FreeRTOS/portable/GCC/ARM_CM4F/port.o
                0x0000000008008270                PendSV_Handler
 .text.SysTick_Handler
                0x00000000080082d8       0x54 ./FreeRTOS/portable/GCC/ARM_CM4F/port.o
                0x00000000080082d8                SysTick_Handler
 .text.vPortSetupTimerInterrupt
                0x000000000800832c       0x48 ./FreeRTOS/portable/GCC/ARM_CM4F/port.o
                0x000000000800832c                vPortSetupTimerInterrupt
 .text.vPortEnableVFP
                0x0000000008008374       0x18 ./FreeRTOS/portable/GCC/ARM_CM4F/port.o
 .text.vPortValidateInterruptPriority
                0x000000000800838c       0x80 ./FreeRTOS/portable/GCC/ARM_CM4F/port.o
                0x000000000800838c                vPortValidateInterruptPriority
 .text.vSetVarulMaxPRIGROUPValue
                0x000000000800840c       0x8c ./FreeRTOS/portable/GCC/ARM_CM4F/port.o
                0x000000000800840c                vSetVarulMaxPRIGROUPValue
 .text.pvPortMalloc
                0x0000000008008498      0x1c0 ./FreeRTOS/portable/MemMang/heap_4.o
                0x0000000008008498                pvPortMalloc
 .text.vPortFree
                0x0000000008008658       0xc4 ./FreeRTOS/portable/MemMang/heap_4.o
                0x0000000008008658                vPortFree
 .text.prvHeapInit
                0x000000000800871c       0xc4 ./FreeRTOS/portable/MemMang/heap_4.o
 .text.prvInsertBlockIntoFreeList
                0x00000000080087e0       0xb4 ./FreeRTOS/portable/MemMang/heap_4.o
 .text.USBD_CDC_Init
                0x0000000008008894      0x1f0 ./Middlewares/ST/STM32_USB_Device_Library/Class/CDC/Src/usbd_cdc.o
 .text.USBD_CDC_DeInit
                0x0000000008008a84      0x104 ./Middlewares/ST/STM32_USB_Device_Library/Class/CDC/Src/usbd_cdc.o
 .text.USBD_CDC_Setup
                0x0000000008008b88      0x1b8 ./Middlewares/ST/STM32_USB_Device_Library/Class/CDC/Src/usbd_cdc.o
 .text.USBD_CDC_DataIn
                0x0000000008008d40       0xfe ./Middlewares/ST/STM32_USB_Device_Library/Class/CDC/Src/usbd_cdc.o
 .text.USBD_CDC_DataOut
                0x0000000008008e3e       0x70 ./Middlewares/ST/STM32_USB_Device_Library/Class/CDC/Src/usbd_cdc.o
 .text.USBD_CDC_EP0_RxReady
                0x0000000008008eae       0x76 ./Middlewares/ST/STM32_USB_Device_Library/Class/CDC/Src/usbd_cdc.o
 .text.USBD_CDC_GetFSCfgDesc
                0x0000000008008f24       0x70 ./Middlewares/ST/STM32_USB_Device_Library/Class/CDC/Src/usbd_cdc.o
 .text.USBD_CDC_GetHSCfgDesc
                0x0000000008008f94       0x70 ./Middlewares/ST/STM32_USB_Device_Library/Class/CDC/Src/usbd_cdc.o
 .text.USBD_CDC_GetOtherSpeedCfgDesc
                0x0000000008009004       0x70 ./Middlewares/ST/STM32_USB_Device_Library/Class/CDC/Src/usbd_cdc.o
 .text.USBD_CDC_GetDeviceQualifierDescriptor
                0x0000000008009074       0x20 ./Middlewares/ST/STM32_USB_Device_Library/Class/CDC/Src/usbd_cdc.o
                0x0000000008009074                USBD_CDC_GetDeviceQualifierDescriptor
 .text.USBD_CDC_RegisterInterface
                0x0000000008009094       0x34 ./Middlewares/ST/STM32_USB_Device_Library/Class/CDC/Src/usbd_cdc.o
                0x0000000008009094                USBD_CDC_RegisterInterface
 .text.USBD_CDC_SetTxBuffer
                0x00000000080090c8       0x44 ./Middlewares/ST/STM32_USB_Device_Library/Class/CDC/Src/usbd_cdc.o
                0x00000000080090c8                USBD_CDC_SetTxBuffer
 .text.USBD_CDC_SetRxBuffer
                0x000000000800910c       0x3a ./Middlewares/ST/STM32_USB_Device_Library/Class/CDC/Src/usbd_cdc.o
                0x000000000800910c                USBD_CDC_SetRxBuffer
 *fill*         0x0000000008009146        0x2 
 .text.USBD_CDC_ReceivePacket
                0x0000000008009148       0x6c ./Middlewares/ST/STM32_USB_Device_Library/Class/CDC/Src/usbd_cdc.o
                0x0000000008009148                USBD_CDC_ReceivePacket
 .text.USBD_Init
                0x00000000080091b4       0x60 ./Middlewares/ST/STM32_USB_Device_Library/Core/Src/usbd_core.o
                0x00000000080091b4                USBD_Init
 .text.USBD_RegisterClass
                0x0000000008009214       0x6c ./Middlewares/ST/STM32_USB_Device_Library/Core/Src/usbd_core.o
                0x0000000008009214                USBD_RegisterClass
 .text.USBD_Start
                0x0000000008009280       0x18 ./Middlewares/ST/STM32_USB_Device_Library/Core/Src/usbd_core.o
                0x0000000008009280                USBD_Start
 .text.USBD_RunTestMode
                0x0000000008009298       0x16 ./Middlewares/ST/STM32_USB_Device_Library/Core/Src/usbd_core.o
                0x0000000008009298                USBD_RunTestMode
 .text.USBD_SetClassConfig
                0x00000000080092ae       0x38 ./Middlewares/ST/STM32_USB_Device_Library/Core/Src/usbd_core.o
                0x00000000080092ae                USBD_SetClassConfig
 .text.USBD_ClrClassConfig
                0x00000000080092e6       0x34 ./Middlewares/ST/STM32_USB_Device_Library/Core/Src/usbd_core.o
                0x00000000080092e6                USBD_ClrClassConfig
 .text.USBD_LL_SetupStage
                0x000000000800931a       0xaa ./Middlewares/ST/STM32_USB_Device_Library/Core/Src/usbd_core.o
                0x000000000800931a                USBD_LL_SetupStage
 .text.USBD_LL_DataOutStage
                0x00000000080093c4      0x166 ./Middlewares/ST/STM32_USB_Device_Library/Core/Src/usbd_core.o
                0x00000000080093c4                USBD_LL_DataOutStage
 .text.USBD_LL_DataInStage
                0x000000000800952a      0x164 ./Middlewares/ST/STM32_USB_Device_Library/Core/Src/usbd_core.o
                0x000000000800952a                USBD_LL_DataInStage
 .text.USBD_LL_Reset
                0x000000000800968e       0xa4 ./Middlewares/ST/STM32_USB_Device_Library/Core/Src/usbd_core.o
                0x000000000800968e                USBD_LL_Reset
 .text.USBD_LL_SetSpeed
                0x0000000008009732       0x20 ./Middlewares/ST/STM32_USB_Device_Library/Core/Src/usbd_core.o
                0x0000000008009732                USBD_LL_SetSpeed
 .text.USBD_LL_Suspend
                0x0000000008009752       0x2c ./Middlewares/ST/STM32_USB_Device_Library/Core/Src/usbd_core.o
                0x0000000008009752                USBD_LL_Suspend
 .text.USBD_LL_Resume
                0x000000000800977e       0x30 ./Middlewares/ST/STM32_USB_Device_Library/Core/Src/usbd_core.o
                0x000000000800977e                USBD_LL_Resume
 .text.USBD_LL_SOF
                0x00000000080097ae       0x40 ./Middlewares/ST/STM32_USB_Device_Library/Core/Src/usbd_core.o
                0x00000000080097ae                USBD_LL_SOF
 .text.USBD_LL_IsoINIncomplete
                0x00000000080097ee       0x64 ./Middlewares/ST/STM32_USB_Device_Library/Core/Src/usbd_core.o
                0x00000000080097ee                USBD_LL_IsoINIncomplete
 .text.USBD_LL_IsoOUTIncomplete
                0x0000000008009852       0x64 ./Middlewares/ST/STM32_USB_Device_Library/Core/Src/usbd_core.o
                0x0000000008009852                USBD_LL_IsoOUTIncomplete
 .text.USBD_LL_DevConnected
                0x00000000080098b6       0x16 ./Middlewares/ST/STM32_USB_Device_Library/Core/Src/usbd_core.o
                0x00000000080098b6                USBD_LL_DevConnected
 .text.USBD_LL_DevDisconnected
                0x00000000080098cc       0x46 ./Middlewares/ST/STM32_USB_Device_Library/Core/Src/usbd_core.o
                0x00000000080098cc                USBD_LL_DevDisconnected
 .text.USBD_CoreFindIF
                0x0000000008009912       0x1a ./Middlewares/ST/STM32_USB_Device_Library/Core/Src/usbd_core.o
                0x0000000008009912                USBD_CoreFindIF
 .text.USBD_CoreFindEP
                0x000000000800992c       0x1a ./Middlewares/ST/STM32_USB_Device_Library/Core/Src/usbd_core.o
                0x000000000800992c                USBD_CoreFindEP
 .text.USBD_GetEpDesc
                0x0000000008009946       0x74 ./Middlewares/ST/STM32_USB_Device_Library/Core/Src/usbd_core.o
                0x0000000008009946                USBD_GetEpDesc
 .text.USBD_GetNextDesc
                0x00000000080099ba       0x3a ./Middlewares/ST/STM32_USB_Device_Library/Core/Src/usbd_core.o
                0x00000000080099ba                USBD_GetNextDesc
 .text.SWAPBYTE
                0x00000000080099f4       0x3c ./Middlewares/ST/STM32_USB_Device_Library/Core/Src/usbd_ctlreq.o
 .text.USBD_StdDevReq
                0x0000000008009a30       0xe4 ./Middlewares/ST/STM32_USB_Device_Library/Core/Src/usbd_ctlreq.o
                0x0000000008009a30                USBD_StdDevReq
 .text.USBD_StdItfReq
                0x0000000008009b14       0xd8 ./Middlewares/ST/STM32_USB_Device_Library/Core/Src/usbd_ctlreq.o
                0x0000000008009b14                USBD_StdItfReq
 .text.USBD_StdEPReq
                0x0000000008009bec      0x33a ./Middlewares/ST/STM32_USB_Device_Library/Core/Src/usbd_ctlreq.o
                0x0000000008009bec                USBD_StdEPReq
 *fill*         0x0000000008009f26        0x2 
 .text.USBD_GetDescriptor
                0x0000000008009f28      0x2d4 ./Middlewares/ST/STM32_USB_Device_Library/Core/Src/usbd_ctlreq.o
 .text.USBD_SetAddress
                0x000000000800a1fc       0x88 ./Middlewares/ST/STM32_USB_Device_Library/Core/Src/usbd_ctlreq.o
 .text.USBD_SetConfig
                0x000000000800a284      0x154 ./Middlewares/ST/STM32_USB_Device_Library/Core/Src/usbd_ctlreq.o
 .text.USBD_GetConfig
                0x000000000800a3d8       0x6c ./Middlewares/ST/STM32_USB_Device_Library/Core/Src/usbd_ctlreq.o
 .text.USBD_GetStatus
                0x000000000800a444       0x68 ./Middlewares/ST/STM32_USB_Device_Library/Core/Src/usbd_ctlreq.o
 .text.USBD_SetFeature
                0x000000000800a4ac       0x52 ./Middlewares/ST/STM32_USB_Device_Library/Core/Src/usbd_ctlreq.o
 .text.USBD_ClrFeature
                0x000000000800a4fe       0x44 ./Middlewares/ST/STM32_USB_Device_Library/Core/Src/usbd_ctlreq.o
 .text.USBD_ParseSetupRequest
                0x000000000800a542       0x74 ./Middlewares/ST/STM32_USB_Device_Library/Core/Src/usbd_ctlreq.o
                0x000000000800a542                USBD_ParseSetupRequest
 .text.USBD_CtlError
                0x000000000800a5b6       0x22 ./Middlewares/ST/STM32_USB_Device_Library/Core/Src/usbd_ctlreq.o
                0x000000000800a5b6                USBD_CtlError
 .text.USBD_GetString
                0x000000000800a5d8       0x8c ./Middlewares/ST/STM32_USB_Device_Library/Core/Src/usbd_ctlreq.o
                0x000000000800a5d8                USBD_GetString
 .text.USBD_GetLen
                0x000000000800a664       0x34 ./Middlewares/ST/STM32_USB_Device_Library/Core/Src/usbd_ctlreq.o
 .text.USBD_CtlSendData
                0x000000000800a698       0x36 ./Middlewares/ST/STM32_USB_Device_Library/Core/Src/usbd_ioreq.o
                0x000000000800a698                USBD_CtlSendData
 .text.USBD_CtlContinueSendData
                0x000000000800a6ce       0x22 ./Middlewares/ST/STM32_USB_Device_Library/Core/Src/usbd_ioreq.o
                0x000000000800a6ce                USBD_CtlContinueSendData
 .text.USBD_CtlPrepareRx
                0x000000000800a6f0       0x3a ./Middlewares/ST/STM32_USB_Device_Library/Core/Src/usbd_ioreq.o
                0x000000000800a6f0                USBD_CtlPrepareRx
 .text.USBD_CtlContinueRx
                0x000000000800a72a       0x22 ./Middlewares/ST/STM32_USB_Device_Library/Core/Src/usbd_ioreq.o
                0x000000000800a72a                USBD_CtlContinueRx
 .text.USBD_CtlSendStatus
                0x000000000800a74c       0x26 ./Middlewares/ST/STM32_USB_Device_Library/Core/Src/usbd_ioreq.o
                0x000000000800a74c                USBD_CtlSendStatus
 .text.USBD_CtlReceiveStatus
                0x000000000800a772       0x26 ./Middlewares/ST/STM32_USB_Device_Library/Core/Src/usbd_ioreq.o
                0x000000000800a772                USBD_CtlReceiveStatus
 .text._cbSendSystemDesc
                0x000000000800a798       0x1c ./SEGGER/Config/SEGGER_SYSVIEW_Config_FreeRTOS.o
 .text.SEGGER_SYSVIEW_Conf
                0x000000000800a7b4       0x2c ./SEGGER/Config/SEGGER_SYSVIEW_Config_FreeRTOS.o
                0x000000000800a7b4                SEGGER_SYSVIEW_Conf
 .text._cbSendTaskList
                0x000000000800a7e0       0x90 ./SEGGER/OS/SEGGER_SYSVIEW_FreeRTOS.o
 .text._cbGetTime
                0x000000000800a870       0x86 ./SEGGER/OS/SEGGER_SYSVIEW_FreeRTOS.o
 *fill*         0x000000000800a8f6        0x2 
 .text.SYSVIEW_AddTask
                0x000000000800a8f8       0xd0 ./SEGGER/OS/SEGGER_SYSVIEW_FreeRTOS.o
                0x000000000800a8f8                SYSVIEW_AddTask
 .text.SYSVIEW_SendTaskInfo
                0x000000000800a9c8       0x42 ./SEGGER/OS/SEGGER_SYSVIEW_FreeRTOS.o
                0x000000000800a9c8                SYSVIEW_SendTaskInfo
 *fill*         0x000000000800aa0a        0x2 
 .text._DoInit  0x000000000800aa0c       0xb4 ./SEGGER/SEGGER/SEGGER_RTT.o
 .text.SEGGER_RTT_ReadNoLock
                0x000000000800aac0      0x10c ./SEGGER/SEGGER/SEGGER_RTT.o
                0x000000000800aac0                SEGGER_RTT_ReadNoLock
 .text.SEGGER_RTT_AllocUpBuffer
                0x000000000800abcc      0x108 ./SEGGER/SEGGER/SEGGER_RTT.o
                0x000000000800abcc                SEGGER_RTT_AllocUpBuffer
 .text.SEGGER_RTT_ConfigDownBuffer
                0x000000000800acd4       0x98 ./SEGGER/SEGGER/SEGGER_RTT.o
                0x000000000800acd4                SEGGER_RTT_ConfigDownBuffer
 .text._EncodeStr
                0x000000000800ad6c       0xa0 ./SEGGER/SEGGER/SEGGER_SYSVIEW.o
 .text._PreparePacket
                0x000000000800ae0c       0x18 ./SEGGER/SEGGER/SEGGER_SYSVIEW.o
 .text._HandleIncomingPacket
                0x000000000800ae24       0xe0 ./SEGGER/SEGGER/SEGGER_SYSVIEW.o
 .text._TrySendOverflowPacket
                0x000000000800af04       0xe4 ./SEGGER/SEGGER/SEGGER_SYSVIEW.o
 .text._SendPacket
                0x000000000800afe8      0x2dc ./SEGGER/SEGGER/SEGGER_SYSVIEW.o
 .text._StoreChar
                0x000000000800b2c4       0xf6 ./SEGGER/SEGGER/SEGGER_SYSVIEW.o
 *fill*         0x000000000800b3ba        0x2 
 .text._PrintUnsigned
                0x000000000800b3bc      0x12c ./SEGGER/SEGGER/SEGGER_SYSVIEW.o
 .text._PrintInt
                0x000000000800b4e8      0x11e ./SEGGER/SEGGER/SEGGER_SYSVIEW.o
 *fill*         0x000000000800b606        0x2 
 .text._VPrintTarget
                0x000000000800b608      0x3f0 ./SEGGER/SEGGER/SEGGER_SYSVIEW.o
 .text.SEGGER_SYSVIEW_Init
                0x000000000800b9f8       0x88 ./SEGGER/SEGGER/SEGGER_SYSVIEW.o
                0x000000000800b9f8                SEGGER_SYSVIEW_Init
 .text.SEGGER_SYSVIEW_SetRAMBase
                0x000000000800ba80       0x20 ./SEGGER/SEGGER/SEGGER_SYSVIEW.o
                0x000000000800ba80                SEGGER_SYSVIEW_SetRAMBase
 .text.SEGGER_SYSVIEW_RecordVoid
                0x000000000800baa0       0x3c ./SEGGER/SEGGER/SEGGER_SYSVIEW.o
                0x000000000800baa0                SEGGER_SYSVIEW_RecordVoid
 .text.SEGGER_SYSVIEW_RecordU32
                0x000000000800badc       0x78 ./SEGGER/SEGGER/SEGGER_SYSVIEW.o
                0x000000000800badc                SEGGER_SYSVIEW_RecordU32
 .text.SEGGER_SYSVIEW_RecordU32x2
                0x000000000800bb54       0xb4 ./SEGGER/SEGGER/SEGGER_SYSVIEW.o
                0x000000000800bb54                SEGGER_SYSVIEW_RecordU32x2
 .text.SEGGER_SYSVIEW_RecordU32x3
                0x000000000800bc08       0xec ./SEGGER/SEGGER/SEGGER_SYSVIEW.o
                0x000000000800bc08                SEGGER_SYSVIEW_RecordU32x3
 .text.SEGGER_SYSVIEW_RecordU32x4
                0x000000000800bcf4      0x124 ./SEGGER/SEGGER/SEGGER_SYSVIEW.o
                0x000000000800bcf4                SEGGER_SYSVIEW_RecordU32x4
 .text.SEGGER_SYSVIEW_Start
                0x000000000800be18      0x174 ./SEGGER/SEGGER/SEGGER_SYSVIEW.o
                0x000000000800be18                SEGGER_SYSVIEW_Start
 .text.SEGGER_SYSVIEW_Stop
                0x000000000800bf8c       0x4c ./SEGGER/SEGGER/SEGGER_SYSVIEW.o
                0x000000000800bf8c                SEGGER_SYSVIEW_Stop
 .text.SEGGER_SYSVIEW_GetSysDesc
                0x000000000800bfd8      0x134 ./SEGGER/SEGGER/SEGGER_SYSVIEW.o
                0x000000000800bfd8                SEGGER_SYSVIEW_GetSysDesc
 .text.SEGGER_SYSVIEW_SendTaskInfo
                0x000000000800c10c      0x1c8 ./SEGGER/SEGGER/SEGGER_SYSVIEW.o
                0x000000000800c10c                SEGGER_SYSVIEW_SendTaskInfo
 .text.SEGGER_SYSVIEW_SendTaskList
                0x000000000800c2d4       0x28 ./SEGGER/SEGGER/SEGGER_SYSVIEW.o
                0x000000000800c2d4                SEGGER_SYSVIEW_SendTaskList
 .text.SEGGER_SYSVIEW_SendSysDesc
                0x000000000800c2fc       0x48 ./SEGGER/SEGGER/SEGGER_SYSVIEW.o
                0x000000000800c2fc                SEGGER_SYSVIEW_SendSysDesc
 .text.SEGGER_SYSVIEW_RecordSystime
                0x000000000800c344       0x64 ./SEGGER/SEGGER/SEGGER_SYSVIEW.o
                0x000000000800c344                SEGGER_SYSVIEW_RecordSystime
 .text.SEGGER_SYSVIEW_RecordEnterISR
                0x000000000800c3a8       0x84 ./SEGGER/SEGGER/SEGGER_SYSVIEW.o
                0x000000000800c3a8                SEGGER_SYSVIEW_RecordEnterISR
 .text.SEGGER_SYSVIEW_RecordExitISR
                0x000000000800c42c       0x38 ./SEGGER/SEGGER/SEGGER_SYSVIEW.o
                0x000000000800c42c                SEGGER_SYSVIEW_RecordExitISR
 .text.SEGGER_SYSVIEW_RecordExitISRToScheduler
                0x000000000800c464       0x38 ./SEGGER/SEGGER/SEGGER_SYSVIEW.o
                0x000000000800c464                SEGGER_SYSVIEW_RecordExitISRToScheduler
 .text.SEGGER_SYSVIEW_OnIdle
                0x000000000800c49c       0x38 ./SEGGER/SEGGER/SEGGER_SYSVIEW.o
                0x000000000800c49c                SEGGER_SYSVIEW_OnIdle
 .text.SEGGER_SYSVIEW_OnTaskCreate
                0x000000000800c4d4       0x84 ./SEGGER/SEGGER/SEGGER_SYSVIEW.o
                0x000000000800c4d4                SEGGER_SYSVIEW_OnTaskCreate
 .text.SEGGER_SYSVIEW_OnTaskStartExec
                0x000000000800c558       0x84 ./SEGGER/SEGGER/SEGGER_SYSVIEW.o
                0x000000000800c558                SEGGER_SYSVIEW_OnTaskStartExec
 .text.SEGGER_SYSVIEW_OnTaskStartReady
                0x000000000800c5dc       0x84 ./SEGGER/SEGGER/SEGGER_SYSVIEW.o
                0x000000000800c5dc                SEGGER_SYSVIEW_OnTaskStartReady
 .text.SEGGER_SYSVIEW_OnTaskStopReady
                0x000000000800c660       0xc0 ./SEGGER/SEGGER/SEGGER_SYSVIEW.o
                0x000000000800c660                SEGGER_SYSVIEW_OnTaskStopReady
 .text.SEGGER_SYSVIEW_ShrinkId
                0x000000000800c720       0x20 ./SEGGER/SEGGER/SEGGER_SYSVIEW.o
                0x000000000800c720                SEGGER_SYSVIEW_ShrinkId
 .text.SEGGER_SYSVIEW_SendModule
                0x000000000800c740      0x100 ./SEGGER/SEGGER/SEGGER_SYSVIEW.o
                0x000000000800c740                SEGGER_SYSVIEW_SendModule
 .text.SEGGER_SYSVIEW_SendModuleDescription
                0x000000000800c840       0x3c ./SEGGER/SEGGER/SEGGER_SYSVIEW.o
                0x000000000800c840                SEGGER_SYSVIEW_SendModuleDescription
 .text.SEGGER_SYSVIEW_SendNumModules
                0x000000000800c87c       0x7c ./SEGGER/SEGGER/SEGGER_SYSVIEW.o
                0x000000000800c87c                SEGGER_SYSVIEW_SendNumModules
 .text.SEGGER_SYSVIEW_PrintfTarget
                0x000000000800c8f8       0x28 ./SEGGER/SEGGER/SEGGER_SYSVIEW.o
                0x000000000800c8f8                SEGGER_SYSVIEW_PrintfTarget
 .text.SEGGER_SYSVIEW_Warn
                0x000000000800c920       0xb8 ./SEGGER/SEGGER/SEGGER_SYSVIEW.o
                0x000000000800c920                SEGGER_SYSVIEW_Warn
 .text.MX_USB_DEVICE_Init
                0x000000000800c9d8       0x60 ./USB_DEVICE/App/usb_device.o
                0x000000000800c9d8                MX_USB_DEVICE_Init
 .text.CDC_Init_FS
                0x000000000800ca38       0x28 ./USB_DEVICE/App/usbd_cdc_if.o
 .text.CDC_DeInit_FS
                0x000000000800ca60       0x10 ./USB_DEVICE/App/usbd_cdc_if.o
 .text.CDC_Control_FS
                0x000000000800ca70       0xbc ./USB_DEVICE/App/usbd_cdc_if.o
 .text.CDC_Receive_FS
                0x000000000800cb2c       0x28 ./USB_DEVICE/App/usbd_cdc_if.o
 .text.CDC_TransmitCplt_FS
                0x000000000800cb54       0x22 ./USB_DEVICE/App/usbd_cdc_if.o
 *fill*         0x000000000800cb76        0x2 
 .text.USBD_FS_DeviceDescriptor
                0x000000000800cb78       0x24 ./USB_DEVICE/App/usbd_desc.o
                0x000000000800cb78                USBD_FS_DeviceDescriptor
 .text.USBD_FS_LangIDStrDescriptor
                0x000000000800cb9c       0x24 ./USB_DEVICE/App/usbd_desc.o
                0x000000000800cb9c                USBD_FS_LangIDStrDescriptor
 .text.USBD_FS_ProductStrDescriptor
                0x000000000800cbc0       0x3c ./USB_DEVICE/App/usbd_desc.o
                0x000000000800cbc0                USBD_FS_ProductStrDescriptor
 .text.USBD_FS_ManufacturerStrDescriptor
                0x000000000800cbfc       0x28 ./USB_DEVICE/App/usbd_desc.o
                0x000000000800cbfc                USBD_FS_ManufacturerStrDescriptor
 .text.USBD_FS_SerialStrDescriptor
                0x000000000800cc24       0x24 ./USB_DEVICE/App/usbd_desc.o
                0x000000000800cc24                USBD_FS_SerialStrDescriptor
 .text.USBD_FS_ConfigStrDescriptor
                0x000000000800cc48       0x3c ./USB_DEVICE/App/usbd_desc.o
                0x000000000800cc48                USBD_FS_ConfigStrDescriptor
 .text.USBD_FS_InterfaceStrDescriptor
                0x000000000800cc84       0x3c ./USB_DEVICE/App/usbd_desc.o
                0x000000000800cc84                USBD_FS_InterfaceStrDescriptor
 .text.Get_SerialNum
                0x000000000800ccc0       0x58 ./USB_DEVICE/App/usbd_desc.o
 .text.IntToUnicode
                0x000000000800cd18       0x7e ./USB_DEVICE/App/usbd_desc.o
 *fill*         0x000000000800cd96        0x2 
 .text.HAL_PCD_MspInit
                0x000000000800cd98       0xa8 ./USB_DEVICE/Target/usbd_conf.o
                0x000000000800cd98                HAL_PCD_MspInit
 .text.HAL_PCD_SetupStageCallback
                0x000000000800ce40       0x24 ./USB_DEVICE/Target/usbd_conf.o
                0x000000000800ce40                HAL_PCD_SetupStageCallback
 .text.HAL_PCD_DataOutStageCallback
                0x000000000800ce64       0x36 ./USB_DEVICE/Target/usbd_conf.o
                0x000000000800ce64                HAL_PCD_DataOutStageCallback
 .text.HAL_PCD_DataInStageCallback
                0x000000000800ce9a       0x34 ./USB_DEVICE/Target/usbd_conf.o
                0x000000000800ce9a                HAL_PCD_DataInStageCallback
 .text.HAL_PCD_SOFCallback
                0x000000000800cece       0x1c ./USB_DEVICE/Target/usbd_conf.o
                0x000000000800cece                HAL_PCD_SOFCallback
 .text.HAL_PCD_ResetCallback
                0x000000000800ceea       0x3c ./USB_DEVICE/Target/usbd_conf.o
                0x000000000800ceea                HAL_PCD_ResetCallback
 *fill*         0x000000000800cf26        0x2 
 .text.HAL_PCD_SuspendCallback
                0x000000000800cf28       0x4c ./USB_DEVICE/Target/usbd_conf.o
                0x000000000800cf28                HAL_PCD_SuspendCallback
 .text.HAL_PCD_ResumeCallback
                0x000000000800cf74       0x1c ./USB_DEVICE/Target/usbd_conf.o
                0x000000000800cf74                HAL_PCD_ResumeCallback
 .text.HAL_PCD_ISOOUTIncompleteCallback
                0x000000000800cf90       0x24 ./USB_DEVICE/Target/usbd_conf.o
                0x000000000800cf90                HAL_PCD_ISOOUTIncompleteCallback
 .text.HAL_PCD_ISOINIncompleteCallback
                0x000000000800cfb4       0x24 ./USB_DEVICE/Target/usbd_conf.o
                0x000000000800cfb4                HAL_PCD_ISOINIncompleteCallback
 .text.HAL_PCD_ConnectCallback
                0x000000000800cfd8       0x1c ./USB_DEVICE/Target/usbd_conf.o
                0x000000000800cfd8                HAL_PCD_ConnectCallback
 .text.HAL_PCD_DisconnectCallback
                0x000000000800cff4       0x1c ./USB_DEVICE/Target/usbd_conf.o
                0x000000000800cff4                HAL_PCD_DisconnectCallback
 .text.USBD_LL_Init
                0x000000000800d010       0x98 ./USB_DEVICE/Target/usbd_conf.o
                0x000000000800d010                USBD_LL_Init
 .text.USBD_LL_Start
                0x000000000800d0a8       0x36 ./USB_DEVICE/Target/usbd_conf.o
                0x000000000800d0a8                USBD_LL_Start
 .text.USBD_LL_OpenEP
                0x000000000800d0de       0x4c ./USB_DEVICE/Target/usbd_conf.o
                0x000000000800d0de                USBD_LL_OpenEP
 .text.USBD_LL_CloseEP
                0x000000000800d12a       0x3e ./USB_DEVICE/Target/usbd_conf.o
                0x000000000800d12a                USBD_LL_CloseEP
 .text.USBD_LL_StallEP
                0x000000000800d168       0x3e ./USB_DEVICE/Target/usbd_conf.o
                0x000000000800d168                USBD_LL_StallEP
 .text.USBD_LL_ClearStallEP
                0x000000000800d1a6       0x3e ./USB_DEVICE/Target/usbd_conf.o
                0x000000000800d1a6                USBD_LL_ClearStallEP
 .text.USBD_LL_IsStallEP
                0x000000000800d1e4       0x58 ./USB_DEVICE/Target/usbd_conf.o
                0x000000000800d1e4                USBD_LL_IsStallEP
 .text.USBD_LL_SetUSBAddress
                0x000000000800d23c       0x3e ./USB_DEVICE/Target/usbd_conf.o
                0x000000000800d23c                USBD_LL_SetUSBAddress
 .text.USBD_LL_Transmit
                0x000000000800d27a       0x42 ./USB_DEVICE/Target/usbd_conf.o
                0x000000000800d27a                USBD_LL_Transmit
 .text.USBD_LL_PrepareReceive
                0x000000000800d2bc       0x42 ./USB_DEVICE/Target/usbd_conf.o
                0x000000000800d2bc                USBD_LL_PrepareReceive
 .text.USBD_LL_GetRxDataSize
                0x000000000800d2fe       0x26 ./USB_DEVICE/Target/usbd_conf.o
                0x000000000800d2fe                USBD_LL_GetRxDataSize
 .text.USBD_static_malloc
                0x000000000800d324       0x1c ./USB_DEVICE/Target/usbd_conf.o
                0x000000000800d324                USBD_static_malloc
 .text.USBD_static_free
                0x000000000800d340       0x14 ./USB_DEVICE/Target/usbd_conf.o
                0x000000000800d340                USBD_static_free
 .text.USBD_Get_USB_Status
                0x000000000800d354       0x58 ./USB_DEVICE/Target/usbd_conf.o
                0x000000000800d354                USBD_Get_USB_Status
 .text.__errno  0x000000000800d3ac        0xc c:/st/stm32cubeide_1.10.1/stm32cubeide/plugins/com.st.stm32cube.ide.mcu.externaltools.gnu-tools-for-stm32.10.3-2021.10.win32_1.0.0.202111181127/tools/bin/../lib/gcc/arm-none-eabi/10.3.1/../../../../arm-none-eabi/lib/thumb/v7e-m+fp/hard\libc_nano.a(lib_a-errno.o)
                0x000000000800d3ac                __errno
 .text.__libc_init_array
                0x000000000800d3b8       0x48 c:/st/stm32cubeide_1.10.1/stm32cubeide/plugins/com.st.stm32cube.ide.mcu.externaltools.gnu-tools-for-stm32.10.3-2021.10.win32_1.0.0.202111181127/tools/bin/../lib/gcc/arm-none-eabi/10.3.1/../../../../arm-none-eabi/lib/thumb/v7e-m+fp/hard\libc_nano.a(lib_a-init.o)
                0x000000000800d3b8                __libc_init_array
 .text.memcmp   0x000000000800d400       0x20 c:/st/stm32cubeide_1.10.1/stm32cubeide/plugins/com.st.stm32cube.ide.mcu.externaltools.gnu-tools-for-stm32.10.3-2021.10.win32_1.0.0.202111181127/tools/bin/../lib/gcc/arm-none-eabi/10.3.1/../../../../arm-none-eabi/lib/thumb/v7e-m+fp/hard\libc_nano.a(lib_a-memcmp.o)
                0x000000000800d400                memcmp
 .text.memcpy   0x000000000800d420       0x1c c:/st/stm32cubeide_1.10.1/stm32cubeide/plugins/com.st.stm32cube.ide.mcu.externaltools.gnu-tools-for-stm32.10.3-2021.10.win32_1.0.0.202111181127/tools/bin/../lib/gcc/arm-none-eabi/10.3.1/../../../../arm-none-eabi/lib/thumb/v7e-m+fp/hard\libc_nano.a(lib_a-memcpy-stub.o)
                0x000000000800d420                memcpy
 .text.memset   0x000000000800d43c       0x10 c:/st/stm32cubeide_1.10.1/stm32cubeide/plugins/com.st.stm32cube.ide.mcu.externaltools.gnu-tools-for-stm32.10.3-2021.10.win32_1.0.0.202111181127/tools/bin/../lib/gcc/arm-none-eabi/10.3.1/../../../../arm-none-eabi/lib/thumb/v7e-m+fp/hard\libc_nano.a(lib_a-memset.o)
                0x000000000800d43c                memset
 .text.snprintf
                0x000000000800d44c       0x68 c:/st/stm32cubeide_1.10.1/stm32cubeide/plugins/com.st.stm32cube.ide.mcu.externaltools.gnu-tools-for-stm32.10.3-2021.10.win32_1.0.0.202111181127/tools/bin/../lib/gcc/arm-none-eabi/10.3.1/../../../../arm-none-eabi/lib/thumb/v7e-m+fp/hard\libc_nano.a(lib_a-snprintf.o)
                0x000000000800d44c                sniprintf
                0x000000000800d44c                snprintf
 .text.__ssputs_r
                0x000000000800d4b4       0xb6 c:/st/stm32cubeide_1.10.1/stm32cubeide/plugins/com.st.stm32cube.ide.mcu.externaltools.gnu-tools-for-stm32.10.3-2021.10.win32_1.0.0.202111181127/tools/bin/../lib/gcc/arm-none-eabi/10.3.1/../../../../arm-none-eabi/lib/thumb/v7e-m+fp/hard\libc_nano.a(lib_a-nano-svfprintf.o)
                0x000000000800d4b4                __ssputs_r
 *fill*         0x000000000800d56a        0x2 
 .text._svfprintf_r
                0x000000000800d56c      0x200 c:/st/stm32cubeide_1.10.1/stm32cubeide/plugins/com.st.stm32cube.ide.mcu.externaltools.gnu-tools-for-stm32.10.3-2021.10.win32_1.0.0.202111181127/tools/bin/../lib/gcc/arm-none-eabi/10.3.1/../../../../arm-none-eabi/lib/thumb/v7e-m+fp/hard\libc_nano.a(lib_a-nano-svfprintf.o)
                0x000000000800d56c                _svfiprintf_r
                0x000000000800d56c                _svfprintf_r
 .text._printf_common
                0x000000000800d76c       0xda c:/st/stm32cubeide_1.10.1/stm32cubeide/plugins/com.st.stm32cube.ide.mcu.externaltools.gnu-tools-for-stm32.10.3-2021.10.win32_1.0.0.202111181127/tools/bin/../lib/gcc/arm-none-eabi/10.3.1/../../../../arm-none-eabi/lib/thumb/v7e-m+fp/hard\libc_nano.a(lib_a-nano-vfprintf_i.o)
                0x000000000800d76c                _printf_common
 *fill*         0x000000000800d846        0x2 
 .text._printf_i
                0x000000000800d848      0x24c c:/st/stm32cubeide_1.10.1/stm32cubeide/plugins/com.st.stm32cube.ide.mcu.externaltools.gnu-tools-for-stm32.10.3-2021.10.win32_1.0.0.202111181127/tools/bin/../lib/gcc/arm-none-eabi/10.3.1/../../../../arm-none-eabi/lib/thumb/v7e-m+fp/hard\libc_nano.a(lib_a-nano-vfprintf_i.o)
                0x000000000800d848                _printf_i
 .text.memmove  0x000000000800da94       0x34 c:/st/stm32cubeide_1.10.1/stm32cubeide/plugins/com.st.stm32cube.ide.mcu.externaltools.gnu-tools-for-stm32.10.3-2021.10.win32_1.0.0.202111181127/tools/bin/../lib/gcc/arm-none-eabi/10.3.1/../../../../arm-none-eabi/lib/thumb/v7e-m+fp/hard\libc_nano.a(lib_a-memmove.o)
                0x000000000800da94                memmove
 .text._free_r  0x000000000800dac8       0x98 c:/st/stm32cubeide_1.10.1/stm32cubeide/plugins/com.st.stm32cube.ide.mcu.externaltools.gnu-tools-for-stm32.10.3-2021.10.win32_1.0.0.202111181127/tools/bin/../lib/gcc/arm-none-eabi/10.3.1/../../../../arm-none-eabi/lib/thumb/v7e-m+fp/hard\libc_nano.a(lib_a-nano-freer.o)
                0x000000000800dac8                _free_r
 .text.sbrk_aligned
                0x000000000800db60       0x40 c:/st/stm32cubeide_1.10.1/stm32cubeide/plugins/com.st.stm32cube.ide.mcu.externaltools.gnu-tools-for-stm32.10.3-2021.10.win32_1.0.0.202111181127/tools/bin/../lib/gcc/arm-none-eabi/10.3.1/../../../../arm-none-eabi/lib/thumb/v7e-m+fp/hard\libc_nano.a(lib_a-nano-mallocr.o)
 .text._malloc_r
                0x000000000800dba0       0xe8 c:/st/stm32cubeide_1.10.1/stm32cubeide/plugins/com.st.stm32cube.ide.mcu.externaltools.gnu-tools-for-stm32.10.3-2021.10.win32_1.0.0.202111181127/tools/bin/../lib/gcc/arm-none-eabi/10.3.1/../../../../arm-none-eabi/lib/thumb/v7e-m+fp/hard\libc_nano.a(lib_a-nano-mallocr.o)
                0x000000000800dba0                _malloc_r
 .text._realloc_r
                0x000000000800dc88       0x5e c:/st/stm32cubeide_1.10.1/stm32cubeide/plugins/com.st.stm32cube.ide.mcu.externaltools.gnu-tools-for-stm32.10.3-2021.10.win32_1.0.0.202111181127/tools/bin/../lib/gcc/arm-none-eabi/10.3.1/../../../../arm-none-eabi/lib/thumb/v7e-m+fp/hard\libc_nano.a(lib_a-nano-reallocr.o)
                0x000000000800dc88                _realloc_r
 *fill*         0x000000000800dce6        0x2 
 .text._sbrk_r  0x000000000800dce8       0x20 c:/st/stm32cubeide_1.10.1/stm32cubeide/plugins/com.st.stm32cube.ide.mcu.externaltools.gnu-tools-for-stm32.10.3-2021.10.win32_1.0.0.202111181127/tools/bin/../lib/gcc/arm-none-eabi/10.3.1/../../../../arm-none-eabi/lib/thumb/v7e-m+fp/hard\libc_nano.a(lib_a-sbrkr.o)
                0x000000000800dce8                _sbrk_r
 .text.__malloc_lock
                0x000000000800dd08        0xc c:/st/stm32cubeide_1.10.1/stm32cubeide/plugins/com.st.stm32cube.ide.mcu.externaltools.gnu-tools-for-stm32.10.3-2021.10.win32_1.0.0.202111181127/tools/bin/../lib/gcc/arm-none-eabi/10.3.1/../../../../arm-none-eabi/lib/thumb/v7e-m+fp/hard\libc_nano.a(lib_a-mlock.o)
                0x000000000800dd08                __malloc_lock
 .text.__malloc_unlock
                0x000000000800dd14        0xc c:/st/stm32cubeide_1.10.1/stm32cubeide/plugins/com.st.stm32cube.ide.mcu.externaltools.gnu-tools-for-stm32.10.3-2021.10.win32_1.0.0.202111181127/tools/bin/../lib/gcc/arm-none-eabi/10.3.1/../../../../arm-none-eabi/lib/thumb/v7e-m+fp/hard\libc_nano.a(lib_a-mlock.o)
                0x000000000800dd14                __malloc_unlock
 .text._malloc_usable_size_r
                0x000000000800dd20       0x10 c:/st/stm32cubeide_1.10.1/stm32cubeide/plugins/com.st.stm32cube.ide.mcu.externaltools.gnu-tools-for-stm32.10.3-2021.10.win32_1.0.0.202111181127/tools/bin/../lib/gcc/arm-none-eabi/10.3.1/../../../../arm-none-eabi/lib/thumb/v7e-m+fp/hard\libc_nano.a(lib_a-nano-msizer.o)
                0x000000000800dd20                _malloc_usable_size_r
 .text.__retarget_lock_acquire_recursive
                0x000000000800dd30        0x2 c:/st/stm32cubeide_1.10.1/stm32cubeide/plugins/com.st.stm32cube.ide.mcu.externaltools.gnu-tools-for-stm32.10.3-2021.10.win32_1.0.0.202111181127/tools/bin/../lib/gcc/arm-none-eabi/10.3.1/../../../../arm-none-eabi/lib/thumb/v7e-m+fp/hard\libc_nano.a(lib_a-lock.o)
                0x000000000800dd30                __retarget_lock_acquire_recursive
 .text.__retarget_lock_release_recursive
                0x000000000800dd32        0x2 c:/st/stm32cubeide_1.10.1/stm32cubeide/plugins/com.st.stm32cube.ide.mcu.externaltools.gnu-tools-for-stm32.10.3-2021.10.win32_1.0.0.202111181127/tools/bin/../lib/gcc/arm-none-eabi/10.3.1/../../../../arm-none-eabi/lib/thumb/v7e-m+fp/hard\libc_nano.a(lib_a-lock.o)
                0x000000000800dd32                __retarget_lock_release_recursive
 *(.glue_7)
 .glue_7        0x000000000800dd34        0x0 linker stubs
 *(.glue_7t)
 .glue_7t       0x000000000800dd34        0x0 linker stubs
 *(.eh_frame)
 .eh_frame      0x000000000800dd34        0x0 c:/st/stm32cubeide_1.10.1/stm32cubeide/plugins/com.st.stm32cube.ide.mcu.externaltools.gnu-tools-for-stm32.10.3-2021.10.win32_1.0.0.202111181127/tools/bin/../lib/gcc/arm-none-eabi/10.3.1/thumb/v7e-m+fp/hard/crtbegin.o
 *(.init)
 .init          0x000000000800dd34        0x4 c:/st/stm32cubeide_1.10.1/stm32cubeide/plugins/com.st.stm32cube.ide.mcu.externaltools.gnu-tools-for-stm32.10.3-2021.10.win32_1.0.0.202111181127/tools/bin/../lib/gcc/arm-none-eabi/10.3.1/thumb/v7e-m+fp/hard/crti.o
                0x000000000800dd34                _init
 .init          0x000000000800dd38        0x8 c:/st/stm32cubeide_1.10.1/stm32cubeide/plugins/com.st.stm32cube.ide.mcu.externaltools.gnu-tools-for-stm32.10.3-2021.10.win32_1.0.0.202111181127/tools/bin/../lib/gcc/arm-none-eabi/10.3.1/thumb/v7e-m+fp/hard/crtn.o
 *(.fini)
 .fini          0x000000000800dd40        0x4 c:/st/stm32cubeide_1.10.1/stm32cubeide/plugins/com.st.stm32cube.ide.mcu.externaltools.gnu-tools-for-stm32.10.3-2021.10.win32_1.0.0.202111181127/tools/bin/../lib/gcc/arm-none-eabi/10.3.1/thumb/v7e-m+fp/hard/crti.o
                0x000000000800dd40                _fini
 .fini          0x000000000800dd44        0x8 c:/st/stm32cubeide_1.10.1/stm32cubeide/plugins/com.st.stm32cube.ide.mcu.externaltools.gnu-tools-for-stm32.10.3-2021.10.win32_1.0.0.202111181127/tools/bin/../lib/gcc/arm-none-eabi/10.3.1/thumb/v7e-m+fp/hard/crtn.o
                0x000000000800dd4c                . = ALIGN (0x4)
                0x000000000800dd4c                _etext = .

.vfp11_veneer   0x000000000800dd4c        0x0
 .vfp11_veneer  0x000000000800dd4c        0x0 linker stubs

.v4_bx          0x000000000800dd4c        0x0
 .v4_bx         0x000000000800dd4c        0x0 linker stubs

.iplt           0x000000000800dd4c        0x0
 .iplt          0x000000000800dd4c        0x0 c:/st/stm32cubeide_1.10.1/stm32cubeide/plugins/com.st.stm32cube.ide.mcu.externaltools.gnu-tools-for-stm32.10.3-2021.10.win32_1.0.0.202111181127/tools/bin/../lib/gcc/arm-none-eabi/10.3.1/thumb/v7e-m+fp/hard/crtbegin.o

.rodata         0x000000000800dd4c      0x1f4
                0x000000000800dd4c                . = ALIGN (0x4)
 *(.rodata)
 .rodata        0x000000000800dd4c       0x4b ./Core/Src/main.o
 *fill*         0x000000000800dd97        0x1 
 .rodata        0x000000000800dd98        0x5 ./FreeRTOS/tasks.o
 *fill*         0x000000000800dd9d        0x3 
 .rodata        0x000000000800dda0        0xd ./FreeRTOS/timers.o
 *fill*         0x000000000800ddad        0x3 
 .rodata        0x000000000800ddb0       0x55 ./SEGGER/Config/SEGGER_SYSVIEW_Config_FreeRTOS.o
 *fill*         0x000000000800de05        0x3 
 .rodata        0x000000000800de08       0x58 ./SEGGER/OS/SEGGER_SYSVIEW_FreeRTOS.o
 .rodata        0x000000000800de60        0x9 ./SEGGER/SEGGER/SEGGER_RTT.o
 *fill*         0x000000000800de69        0x3 
 .rodata        0x000000000800de6c        0x8 ./SEGGER/SEGGER/SEGGER_SYSVIEW.o
 .rodata        0x000000000800de74       0x46 ./USB_DEVICE/App/usbd_desc.o
 *(.rodata*)
 *fill*         0x000000000800deba        0x2 
 .rodata.AHBPrescTable
                0x000000000800debc       0x10 ./Core/Src/system_stm32f4xx.o
                0x000000000800debc                AHBPrescTable
 .rodata.APBPrescTable
                0x000000000800decc        0x8 ./Core/Src/system_stm32f4xx.o
                0x000000000800decc                APBPrescTable
 .rodata.SYSVIEW_X_OS_TraceAPI
                0x000000000800ded4        0x8 ./SEGGER/OS/SEGGER_SYSVIEW_FreeRTOS.o
                0x000000000800ded4                SYSVIEW_X_OS_TraceAPI
 .rodata._aInitStr.0
                0x000000000800dedc       0x11 ./SEGGER/SEGGER/SEGGER_RTT.o
 *fill*         0x000000000800deed        0x3 
 .rodata._abSync
                0x000000000800def0        0xa ./SEGGER/SEGGER/SEGGER_SYSVIEW.o
 *fill*         0x000000000800defa        0x2 
 .rodata._aV2C.0
                0x000000000800defc       0x10 ./SEGGER/SEGGER/SEGGER_SYSVIEW.o
 .rodata._svfprintf_r.str1.1
                0x000000000800df0c       0x11 c:/st/stm32cubeide_1.10.1/stm32cubeide/plugins/com.st.stm32cube.ide.mcu.externaltools.gnu-tools-for-stm32.10.3-2021.10.win32_1.0.0.202111181127/tools/bin/../lib/gcc/arm-none-eabi/10.3.1/../../../../arm-none-eabi/lib/thumb/v7e-m+fp/hard\libc_nano.a(lib_a-nano-svfprintf.o)
 .rodata._printf_i.str1.1
                0x000000000800df1d       0x22 c:/st/stm32cubeide_1.10.1/stm32cubeide/plugins/com.st.stm32cube.ide.mcu.externaltools.gnu-tools-for-stm32.10.3-2021.10.win32_1.0.0.202111181127/tools/bin/../lib/gcc/arm-none-eabi/10.3.1/../../../../arm-none-eabi/lib/thumb/v7e-m+fp/hard\libc_nano.a(lib_a-nano-vfprintf_i.o)
                0x000000000800df40                . = ALIGN (0x4)
 *fill*         0x000000000800df3f        0x1 

.ARM.extab      0x000000000800df40        0x0
                0x000000000800df40                . = ALIGN (0x4)
 *(.ARM.extab* .gnu.linkonce.armextab.*)
                0x000000000800df40                . = ALIGN (0x4)

.ARM            0x000000000800df40        0x8
                0x000000000800df40                . = ALIGN (0x4)
                0x000000000800df40                __exidx_start = .
 *(.ARM.exidx*)
 .ARM.exidx     0x000000000800df40        0x8 c:/st/stm32cubeide_1.10.1/stm32cubeide/plugins/com.st.stm32cube.ide.mcu.externaltools.gnu-tools-for-stm32.10.3-2021.10.win32_1.0.0.202111181127/tools/bin/../lib/gcc/arm-none-eabi/10.3.1/thumb/v7e-m+fp/hard\libgcc.a(_udivmoddi4.o)
                0x000000000800df48                __exidx_end = .
                0x000000000800df48                . = ALIGN (0x4)

.rel.dyn        0x000000000800df48        0x0
 .rel.iplt      0x000000000800df48        0x0 c:/st/stm32cubeide_1.10.1/stm32cubeide/plugins/com.st.stm32cube.ide.mcu.externaltools.gnu-tools-for-stm32.10.3-2021.10.win32_1.0.0.202111181127/tools/bin/../lib/gcc/arm-none-eabi/10.3.1/thumb/v7e-m+fp/hard/crtbegin.o

.preinit_array  0x000000000800df48        0x0
                0x000000000800df48                . = ALIGN (0x4)
                0x000000000800df48                PROVIDE (__preinit_array_start = .)
 *(.preinit_array*)
                0x000000000800df48                PROVIDE (__preinit_array_end = .)
                0x000000000800df48                . = ALIGN (0x4)

.init_array     0x000000000800df48        0x4
                0x000000000800df48                . = ALIGN (0x4)
                0x000000000800df48                PROVIDE (__init_array_start = .)
 *(SORT_BY_NAME(.init_array.*))
 *(.init_array*)
 .init_array    0x000000000800df48        0x4 c:/st/stm32cubeide_1.10.1/stm32cubeide/plugins/com.st.stm32cube.ide.mcu.externaltools.gnu-tools-for-stm32.10.3-2021.10.win32_1.0.0.202111181127/tools/bin/../lib/gcc/arm-none-eabi/10.3.1/thumb/v7e-m+fp/hard/crtbegin.o
                0x000000000800df4c                PROVIDE (__init_array_end = .)
                0x000000000800df4c                . = ALIGN (0x4)

.fini_array     0x000000000800df4c        0x4
                0x000000000800df4c                . = ALIGN (0x4)
                [!provide]                        PROVIDE (__fini_array_start = .)
 *(SORT_BY_NAME(.fini_array.*))
 *(.fini_array*)
 .fini_array    0x000000000800df4c        0x4 c:/st/stm32cubeide_1.10.1/stm32cubeide/plugins/com.st.stm32cube.ide.mcu.externaltools.gnu-tools-for-stm32.10.3-2021.10.win32_1.0.0.202111181127/tools/bin/../lib/gcc/arm-none-eabi/10.3.1/thumb/v7e-m+fp/hard/crtbegin.o
                [!provide]                        PROVIDE (__fini_array_end = .)
                0x000000000800df50                . = ALIGN (0x4)
                0x000000000800df50                _sidata = LOADADDR (.data)

.data           0x0000000020000000      0x168 load address 0x000000000800df50
                0x0000000020000000                . = ALIGN (0x4)
                0x0000000020000000                _sdata = .
 *(.data)
 *(.data*)
 .data.SystemCoreClock
                0x0000000020000000        0x4 ./Core/Src/system_stm32f4xx.o
                0x0000000020000000                SystemCoreClock
 .data.uwTickPrio
                0x0000000020000004        0x4 ./Drivers/STM32F4xx_HAL_Driver/Src/stm32f4xx_hal.o
                0x0000000020000004                uwTickPrio
 .data.uwTickFreq
                0x0000000020000008        0x1 ./Drivers/STM32F4xx_HAL_Driver/Src/stm32f4xx_hal.o
                0x0000000020000008                uwTickFreq
 *fill*         0x0000000020000009        0x3 
 .data.uxTopUsedPriority
                0x000000002000000c        0x4 ./FreeRTOS/tasks.o
                0x000000002000000c                uxTopUsedPriority
 .data.uxCriticalNesting
                0x0000000020000010        0x4 ./FreeRTOS/portable/GCC/ARM_CM4F/port.o
 .data.USBD_CDC_DeviceQualifierDesc
                0x0000000020000014        0xa ./Middlewares/ST/STM32_USB_Device_Library/Class/CDC/Src/usbd_cdc.o
 *fill*         0x000000002000001e        0x2 
 .data.USBD_CDC
                0x0000000020000020       0x38 ./Middlewares/ST/STM32_USB_Device_Library/Class/CDC/Src/usbd_cdc.o
                0x0000000020000020                USBD_CDC
 .data.USBD_CDC_CfgDesc
                0x0000000020000058       0x43 ./Middlewares/ST/STM32_USB_Device_Library/Class/CDC/Src/usbd_cdc.o
 .data.CDCInEpAdd
                0x000000002000009b        0x1 ./Middlewares/ST/STM32_USB_Device_Library/Class/CDC/Src/usbd_cdc.o
 .data.CDCOutEpAdd
                0x000000002000009c        0x1 ./Middlewares/ST/STM32_USB_Device_Library/Class/CDC/Src/usbd_cdc.o
 .data.CDCCmdEpAdd
                0x000000002000009d        0x1 ./Middlewares/ST/STM32_USB_Device_Library/Class/CDC/Src/usbd_cdc.o
 *fill*         0x000000002000009e        0x2 
 .data.USBD_Interface_fops_FS
                0x00000000200000a0       0x14 ./USB_DEVICE/App/usbd_cdc_if.o
                0x00000000200000a0                USBD_Interface_fops_FS
 .data.FS_Desc  0x00000000200000b4       0x1c ./USB_DEVICE/App/usbd_desc.o
                0x00000000200000b4                FS_Desc
 .data.USBD_FS_DeviceDesc
                0x00000000200000d0       0x12 ./USB_DEVICE/App/usbd_desc.o
                0x00000000200000d0                USBD_FS_DeviceDesc
 *fill*         0x00000000200000e2        0x2 
 .data.USBD_LangIDDesc
                0x00000000200000e4        0x4 ./USB_DEVICE/App/usbd_desc.o
                0x00000000200000e4                USBD_LangIDDesc
 .data.USBD_StringSerial
                0x00000000200000e8       0x1a ./USB_DEVICE/App/usbd_desc.o
                0x00000000200000e8                USBD_StringSerial
 *fill*         0x0000000020000102        0x2 
 .data._impure_ptr
                0x0000000020000104        0x4 c:/st/stm32cubeide_1.10.1/stm32cubeide/plugins/com.st.stm32cube.ide.mcu.externaltools.gnu-tools-for-stm32.10.3-2021.10.win32_1.0.0.202111181127/tools/bin/../lib/gcc/arm-none-eabi/10.3.1/../../../../arm-none-eabi/lib/thumb/v7e-m+fp/hard\libc_nano.a(lib_a-impure.o)
                0x0000000020000104                _impure_ptr
 .data.impure_data
                0x0000000020000108       0x60 c:/st/stm32cubeide_1.10.1/stm32cubeide/plugins/com.st.stm32cube.ide.mcu.externaltools.gnu-tools-for-stm32.10.3-2021.10.win32_1.0.0.202111181127/tools/bin/../lib/gcc/arm-none-eabi/10.3.1/../../../../arm-none-eabi/lib/thumb/v7e-m+fp/hard\libc_nano.a(lib_a-impure.o)
 *(.RamFunc)
 *(.RamFunc*)
                0x0000000020000168                . = ALIGN (0x4)
                0x0000000020000168                _edata = .

.igot.plt       0x0000000020000168        0x0 load address 0x000000000800e0b8
 .igot.plt      0x0000000020000168        0x0 c:/st/stm32cubeide_1.10.1/stm32cubeide/plugins/com.st.stm32cube.ide.mcu.externaltools.gnu-tools-for-stm32.10.3-2021.10.win32_1.0.0.202111181127/tools/bin/../lib/gcc/arm-none-eabi/10.3.1/thumb/v7e-m+fp/hard/crtbegin.o
                0x0000000020000168                . = ALIGN (0x4)

.bss            0x0000000020000168     0xadc0 load address 0x000000000800e0b8
                0x0000000020000168                _sbss = .
                0x0000000020000168                __bss_start__ = _sbss
 *(.bss)
 .bss           0x0000000020000168       0x1c c:/st/stm32cubeide_1.10.1/stm32cubeide/plugins/com.st.stm32cube.ide.mcu.externaltools.gnu-tools-for-stm32.10.3-2021.10.win32_1.0.0.202111181127/tools/bin/../lib/gcc/arm-none-eabi/10.3.1/thumb/v7e-m+fp/hard/crtbegin.o
 *(.bss*)
 .bss.hadc1     0x0000000020000184       0x48 ./Core/Src/adc.o
                0x0000000020000184                hadc1
 .bss.hi2c1     0x00000000200001cc       0x54 ./Core/Src/i2c.o
                0x00000000200001cc                hi2c1
 .bss.task1_handle
                0x0000000020000220        0x4 ./Core/Src/main.o
                0x0000000020000220                task1_handle
 .bss.task2_handle
                0x0000000020000224        0x4 ./Core/Src/main.o
                0x0000000020000224                task2_handle
 .bss.status    0x0000000020000228        0x4 ./Core/Src/main.o
                0x0000000020000228                status
 .bss.hspi1     0x000000002000022c       0x58 ./Core/Src/spi.o
                0x000000002000022c                hspi1
 .bss.htim1     0x0000000020000284       0x48 ./Core/Src/stm32f4xx_hal_timebase_tim.o
                0x0000000020000284                htim1
 .bss.__sbrk_heap_end
                0x00000000200002cc        0x4 ./Core/Src/sysmem.o
 .bss.htim2     0x00000000200002d0       0x48 ./Core/Src/tim.o
                0x00000000200002d0                htim2
 .bss.uwTick    0x0000000020000318        0x4 ./Drivers/STM32F4xx_HAL_Driver/Src/stm32f4xx_hal.o
                0x0000000020000318                uwTick
 .bss.xQueueRegistry
                0x000000002000031c       0x40 ./FreeRTOS/queue.o
                0x000000002000031c                xQueueRegistry
 .bss.pxCurrentTCB
                0x000000002000035c        0x4 ./FreeRTOS/tasks.o
                0x000000002000035c                pxCurrentTCB
 .bss.pxReadyTasksLists
                0x0000000020000360       0x64 ./FreeRTOS/tasks.o
 .bss.xDelayedTaskList1
                0x00000000200003c4       0x14 ./FreeRTOS/tasks.o
 .bss.xDelayedTaskList2
                0x00000000200003d8       0x14 ./FreeRTOS/tasks.o
 .bss.pxDelayedTaskList
                0x00000000200003ec        0x4 ./FreeRTOS/tasks.o
 .bss.pxOverflowDelayedTaskList
                0x00000000200003f0        0x4 ./FreeRTOS/tasks.o
 .bss.xPendingReadyList
                0x00000000200003f4       0x14 ./FreeRTOS/tasks.o
 .bss.xTasksWaitingTermination
                0x0000000020000408       0x14 ./FreeRTOS/tasks.o
 .bss.uxDeletedTasksWaitingCleanUp
                0x000000002000041c        0x4 ./FreeRTOS/tasks.o
 .bss.xSuspendedTaskList
                0x0000000020000420       0x14 ./FreeRTOS/tasks.o
 .bss.uxCurrentNumberOfTasks
                0x0000000020000434        0x4 ./FreeRTOS/tasks.o
 .bss.xTickCount
                0x0000000020000438        0x4 ./FreeRTOS/tasks.o
 .bss.uxTopReadyPriority
                0x000000002000043c        0x4 ./FreeRTOS/tasks.o
 .bss.xSchedulerRunning
                0x0000000020000440        0x4 ./FreeRTOS/tasks.o
 .bss.xPendedTicks
                0x0000000020000444        0x4 ./FreeRTOS/tasks.o
 .bss.xYieldPending
                0x0000000020000448        0x4 ./FreeRTOS/tasks.o
 .bss.xNumOfOverflows