22:00:57 **** Incremental Build of configuration Debug for project ex01_trace_UART_based ****
make -j4 all 
arm-none-eabi-gcc "../Core/Src/main.c" -mcpu=cortex-m4 -std=gnu11 -g3 -DDEBUG -DUSE_HAL_DRIVER -DSTM32F401xC -c -I"D:/STM32/FreeRTOS_exercise/ex01_trace_UART_based/Core/Inc" -I"D:/STM32/FreeRTOS_exercise/ex01_trace_UART_based/USB_DEVICE/App" -I"D:/STM32/FreeRTOS_exercise/ex01_trace_UART_based/USB_DEVICE/Target" -I"D:/STM32/FreeRTOS_exercise/ex01_trace_UART_based/Drivers/STM32F4xx_HAL_Driver/Inc" -I"D:/STM32/FreeRTOS_exercise/ex01_trace_UART_based/Drivers/STM32F4xx_HAL_Driver/Inc/Legacy" -I"D:/STM32/FreeRTOS_exercise/ex01_trace_UART_based/Middlewares/ST/STM32_USB_Device_Library/Core/Inc" -I"D:/STM32/FreeRTOS_exercise/ex01_trace_UART_based/Middlewares/ST/STM32_USB_Device_Library/Class/CDC/Inc" -I"D:/STM32/FreeRTOS_exercise/ex01_trace_UART_based/Drivers/CMSIS/Device/ST/STM32F4xx/Include" -I"D:/STM32/FreeRTOS_exercise/ex01_trace_UART_based/Drivers/CMSIS/Include" -I"D:/STM32/FreeRTOS_exercise/ex01_trace_UART_based/FreeRTOS" -I"D:/STM32/FreeRTOS_exercise/ex01_trace_UART_based/FreeRTOS/include" -I"D:/STM32/FreeRTOS_exercise/ex01_trace_UART_based/FreeRTOS/portable/GCC/ARM_CM4F" -I"D:/STM32/FreeRTOS_exercise/ex01_trace_UART_based/SEGGER/Config" -I"D:/STM32/FreeRTOS_exercise/ex01_trace_UART_based/SEGGER/OS" -I"D:/STM32/FreeRTOS_exercise/ex01_trace_UART_based/SEGGER/SEGGER" -O0 -ffunction-sections -fdata-sections -Wall -fstack-usage -MMD -MP -MF"Core/Src/main.d" -MT"Core/Src/main.o" --specs=nano.specs -mfpu=fpv4-sp-d16 -mfloat-abi=hard -mthumb -o "Core/Src/main.o"
arm-none-eabi-gcc -o "ex01_trace_UART_based.elf" @"objects.list"   -mcpu=cortex-m4 -T"D:\STM32\FreeRTOS_exercise\ex01_trace_UART_based\STM32F401CCUX_FLASH.ld" --specs=nosys.specs -Wl,-Map="ex01_trace_UART_based.map" -Wl,--gc-sections -static --specs=nano.specs -mfpu=fpv4-sp-d16 -mfloat-abi=hard -mthumb -Wl,--start-group -lc -lm -Wl,--end-group
Finished building target: ex01_trace_UART_based.elf
 
arm-none-eabi-size   ex01_trace_UART_based.elf 
arm-none-eabi-objdump -h -S  ex01_trace_UART_based.elf  > "ex01_trace_UART_based.list"
   text	   data	    bss	    dec	    hex	filename
  57212	    368	  46016	 103596	  194ac	ex01_trace_UART_based.elf
Finished building: default.size.stdout
 
Finished building: ex01_trace_UART_based.list
 
22:01:11 **** Incremental Build of configuration Debug for project ex01_trace_UART_based ****
make -j4 all 
arm-none-eabi-size   ex01_trace_UART_based.elf 
   text	   data	    bss	    dec	    hex	filename
  57212	    368	  46016	 103596	  194ac	ex01_trace_UART_based.elf
Finished building: default.size.stdout
 
22:01:13 **** Incremental Build of configuration Debug for project ex01_using_SEGGER_trace ****
make -j4 all 
arm-none-eabi-size   ex01_using_SEGGER_trace.elf 
   text	   data	    bss	    dec	    hex	filename
  57148	    368	  46016	 103532	  1946c	ex01_using_SEGGER_trace.elf
Finished building: default.size.stdout
 
